01-07 23:31:49 com_github_MitjaNemec_ReplicateLayout.action_replicate_layout 392:Plugin executed on: 'win32'
01-07 23:31:49 com_github_MitjaNemec_ReplicateLayout.action_replicate_layout 393:Plugin executed with python version: '3.11.5 (main, Jul 16 2024, 08:01:06) [MSC v.1939 64 bit (AMD64)]'
01-07 23:31:49 com_github_MitjaNemec_ReplicateLayout.action_replicate_layout 394:KiCad build version: 8.0.4
01-07 23:31:49 com_github_MitjaNemec_ReplicateLayout.action_replicate_layout 395:Plugin version: 3.0.3
01-07 23:31:49 com_github_MitjaNemec_ReplicateLayout.action_replicate_layout 396:Frame repr: <wx._core.Frame object at 0x0000019DE1D8FBE0>
01-07 23:31:49 com_github_MitjaNemec_ReplicateLayout.action_replicate_layout 420:Preparing replicator with U19 as a reference
01-07 23:31:49 com_github_MitjaNemec_ReplicateLayout.replicate_layout 117:getting a list of all footprints on board
01-07 23:31:50 com_github_MitjaNemec_ReplicateLayout.action_replicate_layout 468:source anchor footprint is 'U19'
Located on: ['DC-DC-Converters', '24V - 12V Converter']
With filenames: ['dc-dc-converters.kicad_sch', 'LM5143-Macro-Circuit.kicad_sch']
With sheet_id:['DC-DC-Converters', '24V - 12V Converter']
01-07 23:31:50 com_github_MitjaNemec_ReplicateLayout.action_replicate_layout 475:Corresponding footprints are 
[('U19', ['DC-DC-Converters', '24V - 12V Converter']), ('U1', ['DC-DC-Converters', '24V - 7V Converter'])]
01-07 23:31:50 com_github_MitjaNemec_ReplicateLayout.action_replicate_layout 487:Showing dialog
01-07 23:31:50 com_github_MitjaNemec_ReplicateLayout.replicate_layout 472:constructing a list of sheets suitable for replication on level:'24V - 12V Converter', file:'LM5143-Macro-Circuit.kicad_sch'
01-07 23:31:50 com_github_MitjaNemec_ReplicateLayout.replicate_layout 509:suitable sheets are:[['DC-DC-Converters', '24V - 7V Converter']]
01-07 23:31:50 com_github_MitjaNemec_ReplicateLayout.replicate_layout 1507:Level selected: ['DC-DC-Converters', '24V - 12V Converter']
01-07 23:31:50 com_github_MitjaNemec_ReplicateLayout.replicate_layout 1331:Filtering list of tracks
01-07 23:31:50 com_github_MitjaNemec_ReplicateLayout.action_replicate_layout 493:Toolbar position: wx.Point(1702, 111)
01-07 23:31:50 com_github_MitjaNemec_ReplicateLayout.action_replicate_layout 498:Dialog position: wx.Point(1263, 111)
01-07 23:31:51 com_github_MitjaNemec_ReplicateLayout.replicate_layout 472:constructing a list of sheets suitable for replication on level:'24V - 12V Converter', file:'LM5143-Macro-Circuit.kicad_sch'
01-07 23:31:51 com_github_MitjaNemec_ReplicateLayout.replicate_layout 509:suitable sheets are:[['DC-DC-Converters', '24V - 7V Converter']]
01-07 23:31:51 com_github_MitjaNemec_ReplicateLayout.action_replicate_layout 240:Replicating layout
01-07 23:31:51 com_github_MitjaNemec_ReplicateLayout.replicate_layout 288:Starting replication of sheets: [['DC-DC-Converters', '24V - 7V Converter']]
on level: ['DC-DC-Converters', '24V - 12V Converter']
with tracks=True, zone=True, text=True, text=True, intersecting=False, remove=False, locked footprints=False, group_only=False
01-07 23:31:51 root 332:updating GUI message: 'Preparing for replication'
01-07 23:31:51 root 337:updating GUI with: 0
01-07 23:31:51 com_github_MitjaNemec_ReplicateLayout.replicate_layout 358:Getting the list of source footprints
01-07 23:31:51 com_github_MitjaNemec_ReplicateLayout.replicate_layout 368:Getting the list of all the remaining footprints
01-07 23:31:51 com_github_MitjaNemec_ReplicateLayout.replicate_layout 375:Getting source tracks
01-07 23:31:51 com_github_MitjaNemec_ReplicateLayout.replicate_layout 1331:Filtering list of tracks
01-07 23:31:51 com_github_MitjaNemec_ReplicateLayout.replicate_layout 379:Getting source zones
01-07 23:31:51 com_github_MitjaNemec_ReplicateLayout.replicate_layout 383:Getting source text items
01-07 23:31:51 com_github_MitjaNemec_ReplicateLayout.replicate_layout 387:Getting source drawing items
01-07 23:31:51 root 332:updating GUI message: 'Replicating footprints'
01-07 23:31:51 com_github_MitjaNemec_ReplicateLayout.replicate_layout 861:Replicating footprints
01-07 23:31:51 root 337:updating GUI with: 0
01-07 23:31:51 com_github_MitjaNemec_ReplicateLayout.replicate_layout 868:Replicating footprints on sheet ['DC-DC-Converters', '24V - 7V Converter']
01-07 23:31:51 com_github_MitjaNemec_ReplicateLayout.replicate_layout 985:Src text UUid:bce94598-7694-4b71-a350-2cd41c0ad1b3
01-07 23:31:51 com_github_MitjaNemec_ReplicateLayout.replicate_layout 986:Dst text UUid:ffc3421a-8194-4bc3-b6d5-8e72785f4502
01-07 23:31:51 com_github_MitjaNemec_ReplicateLayout.replicate_layout 985:Src text UUid:26610d6e-4a5f-498c-a475-cbf68bcb04d2
01-07 23:31:51 com_github_MitjaNemec_ReplicateLayout.replicate_layout 986:Dst text UUid:966d630a-fe0c-4500-9967-a9415db5e60d
01-07 23:31:51 com_github_MitjaNemec_ReplicateLayout.replicate_layout 985:Src text UUid:d790f116-1424-49e5-be6a-d24ea008424b
01-07 23:31:51 com_github_MitjaNemec_ReplicateLayout.replicate_layout 986:Dst text UUid:909f9c36-fa6e-44f5-b8e2-0a01bfd63b5f
01-07 23:31:51 com_github_MitjaNemec_ReplicateLayout.replicate_layout 985:Src text UUid:64fd0794-7ebf-4723-be0c-908eb0060d68
01-07 23:31:51 com_github_MitjaNemec_ReplicateLayout.replicate_layout 986:Dst text UUid:ab0f2a08-f7de-4eb0-a49b-8ad5017235e3
01-07 23:31:51 com_github_MitjaNemec_ReplicateLayout.replicate_layout 985:Src text UUid:8ca038e3-2c72-43bd-ac32-e294eeeb038a
01-07 23:31:51 com_github_MitjaNemec_ReplicateLayout.replicate_layout 986:Dst text UUid:2c36b10c-9100-4b2a-8c47-b7c17d56c44f
01-07 23:31:51 com_github_MitjaNemec_ReplicateLayout.replicate_layout 985:Src text UUid:6ae6a9c9-476b-492f-87d5-185ab19b5cc9
01-07 23:31:51 com_github_MitjaNemec_ReplicateLayout.replicate_layout 986:Dst text UUid:d03bc46b-b7c4-45f3-8ff6-1aeb561f9467
01-07 23:31:51 com_github_MitjaNemec_ReplicateLayout.replicate_layout 985:Src text UUid:911fdfed-9893-4b16-8e2b-1a5b6b29bc61
01-07 23:31:51 com_github_MitjaNemec_ReplicateLayout.replicate_layout 986:Dst text UUid:69e1dd78-77ca-436a-915a-6c40ef768aa7
01-07 23:31:51 com_github_MitjaNemec_ReplicateLayout.replicate_layout 985:Src text UUid:05c00996-f877-49f0-8888-ee308189df38
01-07 23:31:51 com_github_MitjaNemec_ReplicateLayout.replicate_layout 986:Dst text UUid:d19ba120-57c8-451f-96e6-8bda1daeed22
01-07 23:31:51 com_github_MitjaNemec_ReplicateLayout.replicate_layout 985:Src text UUid:5aa264b5-4c60-49a3-bde8-4774cb6f71f7
01-07 23:31:51 com_github_MitjaNemec_ReplicateLayout.replicate_layout 986:Dst text UUid:4a8d56a5-d9ac-4f23-9691-7dfed8848991
01-07 23:31:51 com_github_MitjaNemec_ReplicateLayout.replicate_layout 985:Src text UUid:f955884e-6583-4d65-bf9a-7ea42a2798fa
01-07 23:31:51 com_github_MitjaNemec_ReplicateLayout.replicate_layout 986:Dst text UUid:9d8ff703-e57a-4962-8d34-a4d0c39049de
01-07 23:31:51 com_github_MitjaNemec_ReplicateLayout.replicate_layout 985:Src text UUid:11f807f2-d35a-41d2-a220-6f69e6c56ec7
01-07 23:31:51 com_github_MitjaNemec_ReplicateLayout.replicate_layout 986:Dst text UUid:07e8c336-8da0-41c3-bbeb-a88de0f73061
01-07 23:31:51 com_github_MitjaNemec_ReplicateLayout.replicate_layout 985:Src text UUid:b2daf56d-ae2f-4b6f-b678-e0e453715801
01-07 23:31:51 com_github_MitjaNemec_ReplicateLayout.replicate_layout 986:Dst text UUid:ab9e5fda-f386-4f33-af3d-707abf1d3855
01-07 23:31:51 com_github_MitjaNemec_ReplicateLayout.replicate_layout 985:Src text UUid:ac30b4b6-05dd-4d18-a053-297043899e15
01-07 23:31:51 com_github_MitjaNemec_ReplicateLayout.replicate_layout 986:Dst text UUid:68736f1a-ef85-4af7-9de3-f80af2363971
01-07 23:31:51 com_github_MitjaNemec_ReplicateLayout.replicate_layout 985:Src text UUid:01c0df0a-f244-4aa6-8b9e-8997dfaff14d
01-07 23:31:51 com_github_MitjaNemec_ReplicateLayout.replicate_layout 986:Dst text UUid:a2145bad-fcae-4ad3-80d5-6959eafcae8d
01-07 23:31:51 com_github_MitjaNemec_ReplicateLayout.replicate_layout 985:Src text UUid:44dc5579-a785-42c3-a2cc-0feccd372ed7
01-07 23:31:51 com_github_MitjaNemec_ReplicateLayout.replicate_layout 986:Dst text UUid:b19eaf57-dd85-4e10-ba87-8ca32e759e10
01-07 23:31:51 com_github_MitjaNemec_ReplicateLayout.replicate_layout 985:Src text UUid:c57dc33d-1be6-4663-8c88-fd95603d51af
01-07 23:31:51 com_github_MitjaNemec_ReplicateLayout.replicate_layout 986:Dst text UUid:f2a0cd08-bd4e-452f-9f8e-c4c2ccc4beb9
01-07 23:31:51 com_github_MitjaNemec_ReplicateLayout.replicate_layout 985:Src text UUid:27d2df0e-4ea3-4205-a5c2-a9e9d2f7ae42
01-07 23:31:51 com_github_MitjaNemec_ReplicateLayout.replicate_layout 986:Dst text UUid:dfd37500-596f-4456-8566-5f610b06e37b
01-07 23:31:51 com_github_MitjaNemec_ReplicateLayout.replicate_layout 985:Src text UUid:79cc76a3-6fd3-498d-8e3e-1752fc87a06c
01-07 23:31:51 com_github_MitjaNemec_ReplicateLayout.replicate_layout 986:Dst text UUid:fe0216e8-4b46-49e8-b4d4-c2e88468f2d6
01-07 23:31:51 com_github_MitjaNemec_ReplicateLayout.replicate_layout 985:Src text UUid:9c74ddf6-2242-48cc-b496-007a093f22f9
01-07 23:31:51 com_github_MitjaNemec_ReplicateLayout.replicate_layout 986:Dst text UUid:2e87a32f-fd12-4f25-b7fb-7e626279206a
01-07 23:31:51 com_github_MitjaNemec_ReplicateLayout.replicate_layout 985:Src text UUid:4bdd77ae-28b8-412c-9ae1-253f3e40a48a
01-07 23:31:51 com_github_MitjaNemec_ReplicateLayout.replicate_layout 986:Dst text UUid:37846d92-6597-4227-8f45-504d40e70524
01-07 23:31:51 com_github_MitjaNemec_ReplicateLayout.replicate_layout 985:Src text UUid:4f3280c4-4413-43a9-8a9f-56859d0f5d69
01-07 23:31:51 com_github_MitjaNemec_ReplicateLayout.replicate_layout 986:Dst text UUid:bebd4ec6-ab2d-4059-9b8b-6c298b7f0171
01-07 23:31:51 com_github_MitjaNemec_ReplicateLayout.replicate_layout 985:Src text UUid:68bd7434-53cc-4e57-b860-45496f68569f
01-07 23:31:51 com_github_MitjaNemec_ReplicateLayout.replicate_layout 986:Dst text UUid:28da64f1-d33b-417f-bcd3-64af045dbf24
01-07 23:31:51 com_github_MitjaNemec_ReplicateLayout.replicate_layout 985:Src text UUid:9444132b-9268-404e-a8ad-15d6a9d4c546
01-07 23:31:51 com_github_MitjaNemec_ReplicateLayout.replicate_layout 986:Dst text UUid:7f0814b2-4c3a-4b38-a6ca-03521ee7e73b
01-07 23:31:51 com_github_MitjaNemec_ReplicateLayout.replicate_layout 985:Src text UUid:14641b94-a26b-40a2-95d1-be2f7da866ab
01-07 23:31:51 com_github_MitjaNemec_ReplicateLayout.replicate_layout 986:Dst text UUid:12707245-6470-4357-ba2d-dbd63fe8b841
01-07 23:31:51 com_github_MitjaNemec_ReplicateLayout.replicate_layout 985:Src text UUid:0f7c0520-f09e-4d25-a7e7-1af26288ce19
01-07 23:31:51 com_github_MitjaNemec_ReplicateLayout.replicate_layout 986:Dst text UUid:6bb88968-1603-4cb0-94d3-cd79840ea190
01-07 23:31:51 com_github_MitjaNemec_ReplicateLayout.replicate_layout 985:Src text UUid:d3455a65-5b41-444a-991a-75017979c219
01-07 23:31:51 com_github_MitjaNemec_ReplicateLayout.replicate_layout 986:Dst text UUid:08f340b9-7bf9-44ce-9bf3-1d0adfa8e44a
01-07 23:31:51 com_github_MitjaNemec_ReplicateLayout.replicate_layout 985:Src text UUid:8cc57594-d643-4546-aede-0adf71286071
01-07 23:31:51 com_github_MitjaNemec_ReplicateLayout.replicate_layout 986:Dst text UUid:f86835d4-e21b-41ac-9dfc-e5574d622e50
01-07 23:31:51 com_github_MitjaNemec_ReplicateLayout.replicate_layout 985:Src text UUid:b87e06e8-c8dd-48f6-ae32-0a0c3b2d51a8
01-07 23:31:51 com_github_MitjaNemec_ReplicateLayout.replicate_layout 986:Dst text UUid:e5193440-cc5c-4bd5-825a-fd34df4d6df7
01-07 23:31:51 com_github_MitjaNemec_ReplicateLayout.replicate_layout 985:Src text UUid:be2b92d4-de7e-4059-97e0-14f82121a48f
01-07 23:31:51 com_github_MitjaNemec_ReplicateLayout.replicate_layout 986:Dst text UUid:d6854efb-97bf-4913-bcc3-b7c40a47234c
01-07 23:31:51 com_github_MitjaNemec_ReplicateLayout.replicate_layout 985:Src text UUid:24ab7419-ef2a-427c-a9d7-3ea3370c8ea8
01-07 23:31:51 com_github_MitjaNemec_ReplicateLayout.replicate_layout 986:Dst text UUid:52346642-e4b1-4a24-8fe7-9f12add9ebaf
01-07 23:31:51 com_github_MitjaNemec_ReplicateLayout.replicate_layout 985:Src text UUid:a00477e0-3d6d-418b-b42a-efc9632a6361
01-07 23:31:51 com_github_MitjaNemec_ReplicateLayout.replicate_layout 986:Dst text UUid:613ecd4d-4eea-4e1e-aed1-76e64ca6d11a
01-07 23:31:51 com_github_MitjaNemec_ReplicateLayout.replicate_layout 985:Src text UUid:a03680bb-4a3e-4576-9178-bb330e858258
01-07 23:31:51 com_github_MitjaNemec_ReplicateLayout.replicate_layout 986:Dst text UUid:629adc9b-d380-4071-a612-0cdd83b6610f
01-07 23:31:51 com_github_MitjaNemec_ReplicateLayout.replicate_layout 985:Src text UUid:6443984b-3fde-4b45-9358-91ebaf73f71c
01-07 23:31:51 com_github_MitjaNemec_ReplicateLayout.replicate_layout 986:Dst text UUid:2922a34b-fde6-41f4-b7f3-6ecb75a188e5
01-07 23:31:51 com_github_MitjaNemec_ReplicateLayout.replicate_layout 985:Src text UUid:a9fe6f94-28ce-423f-969b-cd817eed082e
01-07 23:31:51 com_github_MitjaNemec_ReplicateLayout.replicate_layout 986:Dst text UUid:19864379-92ac-4ea7-b753-d7761ef929eb
01-07 23:31:51 com_github_MitjaNemec_ReplicateLayout.replicate_layout 985:Src text UUid:bd22b1f3-6da0-4856-b7e3-dce65658b49c
01-07 23:31:51 com_github_MitjaNemec_ReplicateLayout.replicate_layout 986:Dst text UUid:bd173593-dbfe-442d-a808-6b3ecb50c7bd
01-07 23:31:51 com_github_MitjaNemec_ReplicateLayout.replicate_layout 985:Src text UUid:814935ae-6fd6-4903-8a3e-504653c05eb9
01-07 23:31:51 com_github_MitjaNemec_ReplicateLayout.replicate_layout 986:Dst text UUid:976758e0-0b8a-434f-8fc0-ec6f93056a14
01-07 23:31:51 com_github_MitjaNemec_ReplicateLayout.replicate_layout 985:Src text UUid:acac6bc3-cae6-4cb5-a0c4-585116373f1a
01-07 23:31:51 com_github_MitjaNemec_ReplicateLayout.replicate_layout 986:Dst text UUid:da760ad2-153d-49a1-bb5b-67a5da910ef5
01-07 23:31:51 com_github_MitjaNemec_ReplicateLayout.replicate_layout 985:Src text UUid:5bcd5297-3f68-4a5e-bcbf-2d31916a12d6
01-07 23:31:51 com_github_MitjaNemec_ReplicateLayout.replicate_layout 986:Dst text UUid:4a4e0065-36de-4bed-b2bc-36fac4980e71
01-07 23:31:51 com_github_MitjaNemec_ReplicateLayout.replicate_layout 985:Src text UUid:a6d6f5f0-e638-4ad6-8b54-c0229a58ccee
01-07 23:31:51 com_github_MitjaNemec_ReplicateLayout.replicate_layout 986:Dst text UUid:50a15895-1e60-493c-b271-ed6711638e78
01-07 23:31:51 com_github_MitjaNemec_ReplicateLayout.replicate_layout 985:Src text UUid:06822717-8e22-4236-9104-5372b025cfe6
01-07 23:31:51 com_github_MitjaNemec_ReplicateLayout.replicate_layout 986:Dst text UUid:2b9b858c-44da-448b-9626-0dc63ceefc87
01-07 23:31:51 com_github_MitjaNemec_ReplicateLayout.replicate_layout 985:Src text UUid:b4bc28b7-9d05-4574-9a34-ecf90aa48622
01-07 23:31:51 com_github_MitjaNemec_ReplicateLayout.replicate_layout 986:Dst text UUid:9f9092d6-d135-4cec-91b1-87d2faaa7fb4
01-07 23:31:51 com_github_MitjaNemec_ReplicateLayout.replicate_layout 985:Src text UUid:267f0fed-38fc-4f5d-9595-c5a78721bd2a
01-07 23:31:51 com_github_MitjaNemec_ReplicateLayout.replicate_layout 986:Dst text UUid:9134a69c-cfb7-4b9b-abda-b726d3224f61
01-07 23:31:51 com_github_MitjaNemec_ReplicateLayout.replicate_layout 985:Src text UUid:ad59be2c-60c0-4ecd-96e3-5e3f4531bf3f
01-07 23:31:51 com_github_MitjaNemec_ReplicateLayout.replicate_layout 986:Dst text UUid:105330cc-6820-4873-b381-2996aaaf0dbf
01-07 23:31:51 com_github_MitjaNemec_ReplicateLayout.replicate_layout 985:Src text UUid:41e10e90-79ed-4b35-936d-4583a813cc64
01-07 23:31:51 com_github_MitjaNemec_ReplicateLayout.replicate_layout 986:Dst text UUid:17460818-8ec6-4918-8f50-f4edbfef7d8f
01-07 23:31:51 com_github_MitjaNemec_ReplicateLayout.replicate_layout 985:Src text UUid:c8971f79-cf9e-4a5f-8054-e09bebbb310f
01-07 23:31:51 com_github_MitjaNemec_ReplicateLayout.replicate_layout 986:Dst text UUid:7bc61ca1-1476-4af1-ac20-ac28c8a3b3d9
01-07 23:31:51 com_github_MitjaNemec_ReplicateLayout.replicate_layout 985:Src text UUid:3d83a955-002c-4e2d-9984-40e4c32b7622
01-07 23:31:51 com_github_MitjaNemec_ReplicateLayout.replicate_layout 986:Dst text UUid:6ac62f83-f427-4f00-8d4c-4c2a7b8de42e
01-07 23:31:51 com_github_MitjaNemec_ReplicateLayout.replicate_layout 985:Src text UUid:16c68657-ee7e-43fd-b6b9-21733774c2f3
01-07 23:31:51 com_github_MitjaNemec_ReplicateLayout.replicate_layout 986:Dst text UUid:bc9e9df2-54ca-4b7e-b2b2-5f94f9c53265
01-07 23:31:51 com_github_MitjaNemec_ReplicateLayout.replicate_layout 985:Src text UUid:c5f43c2c-29aa-4108-b93e-353df17d9526
01-07 23:31:51 com_github_MitjaNemec_ReplicateLayout.replicate_layout 986:Dst text UUid:49293d71-9cd9-42d2-a10d-4dd464302614
01-07 23:31:51 com_github_MitjaNemec_ReplicateLayout.replicate_layout 985:Src text UUid:d44584ee-8195-4168-98c3-fceaaa9cc71a
01-07 23:31:51 com_github_MitjaNemec_ReplicateLayout.replicate_layout 986:Dst text UUid:43615ce9-8213-406a-819b-e22729041a01
01-07 23:31:51 com_github_MitjaNemec_ReplicateLayout.replicate_layout 985:Src text UUid:ee7cf372-13d2-4794-b29e-793c2120a7e4
01-07 23:31:51 com_github_MitjaNemec_ReplicateLayout.replicate_layout 986:Dst text UUid:0b9a7dd9-c621-4ba5-bbb9-58c98c7edeb4
01-07 23:31:51 com_github_MitjaNemec_ReplicateLayout.replicate_layout 985:Src text UUid:98180085-c027-4d40-a147-e0fc93244532
01-07 23:31:51 com_github_MitjaNemec_ReplicateLayout.replicate_layout 986:Dst text UUid:88fe2fda-d13d-4063-9ca4-86c3f852854b
01-07 23:31:51 com_github_MitjaNemec_ReplicateLayout.replicate_layout 985:Src text UUid:82acda70-cb0d-4bfd-bebb-22d613faecbb
01-07 23:31:51 com_github_MitjaNemec_ReplicateLayout.replicate_layout 986:Dst text UUid:d9499f99-57d5-4e6a-8556-b5da2008c050
01-07 23:31:51 com_github_MitjaNemec_ReplicateLayout.replicate_layout 985:Src text UUid:3ebfc2cf-78d4-4183-9cd6-c39caa3e88bf
01-07 23:31:51 com_github_MitjaNemec_ReplicateLayout.replicate_layout 986:Dst text UUid:3466ca53-37b6-4fa2-a293-7b1f6588391c
01-07 23:31:51 com_github_MitjaNemec_ReplicateLayout.replicate_layout 985:Src text UUid:a21155d9-fac3-43ec-91f2-7923c2514298
01-07 23:31:51 com_github_MitjaNemec_ReplicateLayout.replicate_layout 986:Dst text UUid:006e9484-4d21-4bb0-9a0e-f1a44fa1d25c
01-07 23:31:51 com_github_MitjaNemec_ReplicateLayout.replicate_layout 985:Src text UUid:e2d6b269-2dbc-4462-8e9d-2054c8f7254d
01-07 23:31:51 com_github_MitjaNemec_ReplicateLayout.replicate_layout 986:Dst text UUid:1dfbd957-9013-4537-a3fa-19570553df87
01-07 23:31:51 com_github_MitjaNemec_ReplicateLayout.replicate_layout 985:Src text UUid:61ae647a-77d5-4c80-811d-6e2403869eae
01-07 23:31:51 com_github_MitjaNemec_ReplicateLayout.replicate_layout 986:Dst text UUid:0f6f6aa0-d7d8-4260-9868-a66cc462cbc3
01-07 23:31:51 com_github_MitjaNemec_ReplicateLayout.replicate_layout 985:Src text UUid:2806ccf8-84a2-4180-bc1a-edb620703370
01-07 23:31:51 com_github_MitjaNemec_ReplicateLayout.replicate_layout 986:Dst text UUid:f2c64d04-7612-413d-9b1f-d28ad9956522
01-07 23:31:51 com_github_MitjaNemec_ReplicateLayout.replicate_layout 985:Src text UUid:3f0884ce-09e5-4099-803d-27fc71779b26
01-07 23:31:51 com_github_MitjaNemec_ReplicateLayout.replicate_layout 986:Dst text UUid:aa31f690-9f2f-4bef-864b-463660a2c3f1
01-07 23:31:51 root 337:updating GUI with: 40
01-07 23:31:51 com_github_MitjaNemec_ReplicateLayout.replicate_layout 985:Src text UUid:64f2e8ea-613d-4ed1-91a2-810e1298460c
01-07 23:31:51 com_github_MitjaNemec_ReplicateLayout.replicate_layout 986:Dst text UUid:c404fb45-3e2b-4a2b-a443-7a319433b96f
01-07 23:31:51 com_github_MitjaNemec_ReplicateLayout.replicate_layout 985:Src text UUid:7454b8f6-c774-4b3c-87bd-cdda66c936e7
01-07 23:31:51 com_github_MitjaNemec_ReplicateLayout.replicate_layout 986:Dst text UUid:f5e46dc7-9034-4c6c-bb22-d7f940ecef69
01-07 23:31:51 com_github_MitjaNemec_ReplicateLayout.replicate_layout 985:Src text UUid:c83038c1-4aa4-4854-9ecb-17952b79f81a
01-07 23:31:51 com_github_MitjaNemec_ReplicateLayout.replicate_layout 986:Dst text UUid:77dfc404-1595-48a1-bb11-316393ca71cf
01-07 23:31:51 com_github_MitjaNemec_ReplicateLayout.replicate_layout 985:Src text UUid:6cf808e7-a511-4da4-93f2-add7c5be0784
01-07 23:31:51 com_github_MitjaNemec_ReplicateLayout.replicate_layout 986:Dst text UUid:61f82201-7aef-400f-bc79-92d755dd102e
01-07 23:31:51 com_github_MitjaNemec_ReplicateLayout.replicate_layout 985:Src text UUid:4d5e6b5a-206e-46a7-b3e0-81b304a37e86
01-07 23:31:51 com_github_MitjaNemec_ReplicateLayout.replicate_layout 986:Dst text UUid:4f0851f2-7c5f-4132-93e5-be4d017d3320
01-07 23:31:51 com_github_MitjaNemec_ReplicateLayout.replicate_layout 985:Src text UUid:ab540efd-3ea3-4529-abee-3a04c64bea85
01-07 23:31:51 com_github_MitjaNemec_ReplicateLayout.replicate_layout 986:Dst text UUid:ec2d5e4b-f6fe-4ad4-b440-5c88ed806e4a
01-07 23:31:51 com_github_MitjaNemec_ReplicateLayout.replicate_layout 985:Src text UUid:9e7f92e5-883b-4523-b1b4-0131ad6620e7
01-07 23:31:51 com_github_MitjaNemec_ReplicateLayout.replicate_layout 986:Dst text UUid:59e6a223-ba55-4e49-bd32-4984db539642
01-07 23:31:51 com_github_MitjaNemec_ReplicateLayout.replicate_layout 985:Src text UUid:97fde2fe-afb8-4946-a1ec-65029f0d4c62
01-07 23:31:51 com_github_MitjaNemec_ReplicateLayout.replicate_layout 986:Dst text UUid:ce026af7-7786-42cb-9860-af75940e00ed
01-07 23:31:51 com_github_MitjaNemec_ReplicateLayout.replicate_layout 985:Src text UUid:a8f9b3ca-527d-4e26-ae05-9af5966f20d4
01-07 23:31:51 com_github_MitjaNemec_ReplicateLayout.replicate_layout 986:Dst text UUid:fa511dc5-5c2b-4b33-a4d0-c9d1c1ffaf44
01-07 23:31:51 com_github_MitjaNemec_ReplicateLayout.replicate_layout 985:Src text UUid:e16b1be2-2af7-4a8d-a4be-9d9add3dbb5b
01-07 23:31:51 com_github_MitjaNemec_ReplicateLayout.replicate_layout 986:Dst text UUid:580f5810-1442-4627-a180-2474a65bc810
01-07 23:31:51 com_github_MitjaNemec_ReplicateLayout.replicate_layout 985:Src text UUid:28a9aacb-0749-432b-bf25-e25ebd7a6492
01-07 23:31:51 com_github_MitjaNemec_ReplicateLayout.replicate_layout 986:Dst text UUid:90606074-1896-4065-8fd3-70c1865264c5
01-07 23:31:51 com_github_MitjaNemec_ReplicateLayout.replicate_layout 985:Src text UUid:0aa859f4-c2d5-4457-b7f0-ac5a3f03f191
01-07 23:31:51 com_github_MitjaNemec_ReplicateLayout.replicate_layout 986:Dst text UUid:48874889-7545-4489-977e-3f76b9d22ade
01-07 23:31:51 com_github_MitjaNemec_ReplicateLayout.replicate_layout 985:Src text UUid:b1df5a1f-a812-4a31-9f20-a87acb085312
01-07 23:31:51 com_github_MitjaNemec_ReplicateLayout.replicate_layout 986:Dst text UUid:d32042db-5e7e-4824-aefe-163df23d8fd7
01-07 23:31:51 com_github_MitjaNemec_ReplicateLayout.replicate_layout 985:Src text UUid:1fb85ad1-86a4-4f1a-9769-3ed342aeeeda
01-07 23:31:51 com_github_MitjaNemec_ReplicateLayout.replicate_layout 986:Dst text UUid:547ac332-1665-4fcc-9831-7383a5fd3ee5
01-07 23:31:51 com_github_MitjaNemec_ReplicateLayout.replicate_layout 985:Src text UUid:ec8e5a9e-0d5c-4dc5-8282-bee93b98227e
01-07 23:31:51 com_github_MitjaNemec_ReplicateLayout.replicate_layout 986:Dst text UUid:594fa8cd-b34f-43c3-b643-7080012e18e9
01-07 23:31:51 com_github_MitjaNemec_ReplicateLayout.replicate_layout 985:Src text UUid:1df92cf1-c132-43e1-824d-47065eddafa0
01-07 23:31:51 com_github_MitjaNemec_ReplicateLayout.replicate_layout 986:Dst text UUid:42a6d880-d2b3-47a0-a5fb-11e9d1f2e87c
01-07 23:31:51 com_github_MitjaNemec_ReplicateLayout.replicate_layout 985:Src text UUid:f9e258f6-2276-4bc1-a314-a634deb895fe
01-07 23:31:51 com_github_MitjaNemec_ReplicateLayout.replicate_layout 986:Dst text UUid:bc8e6ba5-b81f-4c76-bb8d-69728324f496
01-07 23:31:51 com_github_MitjaNemec_ReplicateLayout.replicate_layout 985:Src text UUid:7d868870-7e54-4d9d-8a6d-015f25f0198b
01-07 23:31:51 com_github_MitjaNemec_ReplicateLayout.replicate_layout 986:Dst text UUid:8d53a6fa-eab2-4e70-a6fb-e788b9e701de
01-07 23:31:51 com_github_MitjaNemec_ReplicateLayout.replicate_layout 985:Src text UUid:94848876-05cf-43ae-9cc8-2737bba879c6
01-07 23:31:51 com_github_MitjaNemec_ReplicateLayout.replicate_layout 986:Dst text UUid:858bb33a-5376-428d-b98f-de0f9a6595a0
01-07 23:31:51 com_github_MitjaNemec_ReplicateLayout.replicate_layout 985:Src text UUid:365aa9f8-1386-4e00-ac50-d2ff5c9765f0
01-07 23:31:51 com_github_MitjaNemec_ReplicateLayout.replicate_layout 986:Dst text UUid:9663cb70-032b-4125-b9d6-7833fbd0764d
01-07 23:31:51 com_github_MitjaNemec_ReplicateLayout.replicate_layout 985:Src text UUid:c1af40f3-fe4f-40c8-a37d-da95d2fd4e18
01-07 23:31:51 com_github_MitjaNemec_ReplicateLayout.replicate_layout 986:Dst text UUid:1750b8df-1102-4d76-9681-f3f0a3c0c3e9
01-07 23:31:51 com_github_MitjaNemec_ReplicateLayout.replicate_layout 985:Src text UUid:47363814-fbc6-4bfb-a45c-78d568592a8d
01-07 23:31:51 com_github_MitjaNemec_ReplicateLayout.replicate_layout 986:Dst text UUid:665be6db-bd8a-4509-9883-d42bc52bfb47
01-07 23:31:51 com_github_MitjaNemec_ReplicateLayout.replicate_layout 985:Src text UUid:499571cc-2178-449b-b14d-d60c86df3891
01-07 23:31:51 com_github_MitjaNemec_ReplicateLayout.replicate_layout 986:Dst text UUid:e1d6f689-4947-46e7-b337-a7eec7f15465
01-07 23:31:51 com_github_MitjaNemec_ReplicateLayout.replicate_layout 985:Src text UUid:43be1d5d-ad5b-4aa4-ada3-3a8a5b71216f
01-07 23:31:51 com_github_MitjaNemec_ReplicateLayout.replicate_layout 986:Dst text UUid:c3cdf4b2-9143-468b-87a1-727d6bc604b8
01-07 23:31:51 com_github_MitjaNemec_ReplicateLayout.replicate_layout 985:Src text UUid:cdedadd7-b353-4005-9b32-657c16ba7cb0
01-07 23:31:51 com_github_MitjaNemec_ReplicateLayout.replicate_layout 986:Dst text UUid:8c2d5dc1-91fb-40a2-849c-e98431e8995f
01-07 23:31:51 com_github_MitjaNemec_ReplicateLayout.replicate_layout 985:Src text UUid:7dfea5b4-7246-486b-9929-fe02ffff34ee
01-07 23:31:51 com_github_MitjaNemec_ReplicateLayout.replicate_layout 986:Dst text UUid:13dd822f-dc04-4281-a0fb-af1eb2c4cf60
01-07 23:31:51 com_github_MitjaNemec_ReplicateLayout.replicate_layout 985:Src text UUid:65e5d72a-85a0-403a-931e-2c532233d1eb
01-07 23:31:51 com_github_MitjaNemec_ReplicateLayout.replicate_layout 986:Dst text UUid:c30da345-97e6-4339-b38a-b5a989d34417
01-07 23:31:51 com_github_MitjaNemec_ReplicateLayout.replicate_layout 985:Src text UUid:d4bb9568-6bc3-435e-8895-ecae028d3eb9
01-07 23:31:51 com_github_MitjaNemec_ReplicateLayout.replicate_layout 986:Dst text UUid:8aea3315-25af-43cc-bf37-87a7091d7357
01-07 23:31:51 com_github_MitjaNemec_ReplicateLayout.replicate_layout 985:Src text UUid:feebb8b7-dbb6-4b70-8d97-816b87da262d
01-07 23:31:51 com_github_MitjaNemec_ReplicateLayout.replicate_layout 986:Dst text UUid:98c2defe-6e06-46bf-b77f-e593f56cdd53
01-07 23:31:51 com_github_MitjaNemec_ReplicateLayout.replicate_layout 985:Src text UUid:664a9c55-54b7-4a42-9d87-af41de72fca8
01-07 23:31:51 com_github_MitjaNemec_ReplicateLayout.replicate_layout 986:Dst text UUid:fc6d141b-dc35-412f-923e-a53efdaafe3f
01-07 23:31:51 com_github_MitjaNemec_ReplicateLayout.replicate_layout 985:Src text UUid:4d4dd9e9-64db-49b3-9434-6841e69d3c56
01-07 23:31:51 com_github_MitjaNemec_ReplicateLayout.replicate_layout 986:Dst text UUid:b9e214af-d371-4296-862e-8d7045a2c8b5
01-07 23:31:51 com_github_MitjaNemec_ReplicateLayout.replicate_layout 985:Src text UUid:77e81885-45ea-4b17-ba3b-0a5bde18c466
01-07 23:31:51 com_github_MitjaNemec_ReplicateLayout.replicate_layout 986:Dst text UUid:8c2dd72a-8d31-471c-9d89-c7eba1d78e88
01-07 23:31:51 com_github_MitjaNemec_ReplicateLayout.replicate_layout 985:Src text UUid:8561dafd-a57f-4fa6-b842-e28b7be7d2ca
01-07 23:31:51 com_github_MitjaNemec_ReplicateLayout.replicate_layout 986:Dst text UUid:cca37995-ae52-4d0b-ab38-d906b9fb41cd
01-07 23:31:51 com_github_MitjaNemec_ReplicateLayout.replicate_layout 985:Src text UUid:fc0b36c5-9c89-4b57-a3a6-99a4125c24c1
01-07 23:31:51 com_github_MitjaNemec_ReplicateLayout.replicate_layout 986:Dst text UUid:366f716a-6b79-4ad6-841d-5fbd936b4e0b
01-07 23:31:51 com_github_MitjaNemec_ReplicateLayout.replicate_layout 985:Src text UUid:49390537-b297-44f7-9e6f-4fbef033eced
01-07 23:31:51 com_github_MitjaNemec_ReplicateLayout.replicate_layout 986:Dst text UUid:912cf966-69e4-4840-bd51-2524890ca5b9
01-07 23:31:51 com_github_MitjaNemec_ReplicateLayout.replicate_layout 985:Src text UUid:f72a3dcb-7ce1-4f36-ada9-ff1334fc4db9
01-07 23:31:51 com_github_MitjaNemec_ReplicateLayout.replicate_layout 986:Dst text UUid:28d222cd-d5c7-49df-b5e1-ce76156b18a5
01-07 23:31:51 com_github_MitjaNemec_ReplicateLayout.replicate_layout 985:Src text UUid:e88d722d-d64b-4821-9f2e-87ded2026c77
01-07 23:31:51 com_github_MitjaNemec_ReplicateLayout.replicate_layout 986:Dst text UUid:db229a68-61f6-4d70-9aa1-86ea0495faaf
01-07 23:31:51 com_github_MitjaNemec_ReplicateLayout.replicate_layout 985:Src text UUid:babd4a95-4532-4a7b-a553-13a071597150
01-07 23:31:51 com_github_MitjaNemec_ReplicateLayout.replicate_layout 986:Dst text UUid:12bdec47-375e-44f2-aeff-d17843546782
01-07 23:31:51 com_github_MitjaNemec_ReplicateLayout.replicate_layout 985:Src text UUid:8e4fc84a-c490-4004-9e20-b89cb8561b95
01-07 23:31:51 com_github_MitjaNemec_ReplicateLayout.replicate_layout 986:Dst text UUid:2517d6eb-678b-41f3-a929-451e1c41a915
01-07 23:31:51 com_github_MitjaNemec_ReplicateLayout.replicate_layout 985:Src text UUid:d8bf469a-1e5b-4eb9-8b54-3e787d8a3b40
01-07 23:31:51 com_github_MitjaNemec_ReplicateLayout.replicate_layout 986:Dst text UUid:cd36b1e4-3c17-4867-b9e1-34bb061e0501
01-07 23:31:51 com_github_MitjaNemec_ReplicateLayout.replicate_layout 985:Src text UUid:8f84a244-154a-4109-a85f-68ebeaa5cc68
01-07 23:31:51 com_github_MitjaNemec_ReplicateLayout.replicate_layout 986:Dst text UUid:67645b1d-f70b-49e9-b867-4bf9ca55e9ab
01-07 23:31:51 com_github_MitjaNemec_ReplicateLayout.replicate_layout 985:Src text UUid:6b23a037-42fb-4568-a004-0f435a9837dc
01-07 23:31:51 com_github_MitjaNemec_ReplicateLayout.replicate_layout 986:Dst text UUid:dd461869-f399-44df-bf48-644ba6cb70ba
01-07 23:31:51 com_github_MitjaNemec_ReplicateLayout.replicate_layout 985:Src text UUid:b103957e-d440-4331-ae2b-96f77c3fc0f6
01-07 23:31:51 com_github_MitjaNemec_ReplicateLayout.replicate_layout 986:Dst text UUid:3ae3c4f3-1771-46d0-b54f-c4ba6baa0cc5
01-07 23:31:51 com_github_MitjaNemec_ReplicateLayout.replicate_layout 985:Src text UUid:906fe674-75c2-4d89-8230-3121e0885347
01-07 23:31:51 com_github_MitjaNemec_ReplicateLayout.replicate_layout 986:Dst text UUid:2803e195-7a8f-43f6-9a26-986237f64d68
01-07 23:31:51 com_github_MitjaNemec_ReplicateLayout.replicate_layout 985:Src text UUid:d340148b-3624-46e9-b83d-a863a1350313
01-07 23:31:51 com_github_MitjaNemec_ReplicateLayout.replicate_layout 986:Dst text UUid:f7067414-e4a7-4b41-b1d2-61d4c91f2db0
01-07 23:31:51 com_github_MitjaNemec_ReplicateLayout.replicate_layout 985:Src text UUid:2c6c82d2-22ad-4cfa-9af3-a3e5b2bfe4f2
01-07 23:31:51 com_github_MitjaNemec_ReplicateLayout.replicate_layout 986:Dst text UUid:52d6625b-9ca7-498c-8188-6fc2fb67d31b
01-07 23:31:51 com_github_MitjaNemec_ReplicateLayout.replicate_layout 985:Src text UUid:8f1596dd-53ab-464f-9a5b-70f226fdaaaa
01-07 23:31:51 com_github_MitjaNemec_ReplicateLayout.replicate_layout 986:Dst text UUid:0e877060-8013-4e0a-9889-afbe7a62fc6d
01-07 23:31:51 com_github_MitjaNemec_ReplicateLayout.replicate_layout 985:Src text UUid:1ac58488-bc9c-4628-94dd-3dfbd1fe5ae2
01-07 23:31:51 com_github_MitjaNemec_ReplicateLayout.replicate_layout 986:Dst text UUid:b9373b3e-8c64-413a-b532-9e3e9626daee
01-07 23:31:51 com_github_MitjaNemec_ReplicateLayout.replicate_layout 985:Src text UUid:1494d807-5abe-4c7e-b640-9a1d3166b855
01-07 23:31:51 com_github_MitjaNemec_ReplicateLayout.replicate_layout 986:Dst text UUid:d73ca6d3-5858-4931-b5ea-d5e57ceab6aa
01-07 23:31:51 com_github_MitjaNemec_ReplicateLayout.replicate_layout 985:Src text UUid:b027729b-35c1-45bd-bfe1-17b3ea4f6511
01-07 23:31:51 com_github_MitjaNemec_ReplicateLayout.replicate_layout 986:Dst text UUid:65d85c75-89a3-4a66-84fe-0ab0cae11818
01-07 23:31:51 com_github_MitjaNemec_ReplicateLayout.replicate_layout 985:Src text UUid:f7c2eb28-8601-466e-b9fe-2e4d621c69b7
01-07 23:31:51 com_github_MitjaNemec_ReplicateLayout.replicate_layout 986:Dst text UUid:4c2e3cae-37f6-46f5-9375-d3e5f2025296
01-07 23:31:51 com_github_MitjaNemec_ReplicateLayout.replicate_layout 985:Src text UUid:3b2c43e0-0f9e-4d61-9abc-7f3ced85346b
01-07 23:31:51 com_github_MitjaNemec_ReplicateLayout.replicate_layout 986:Dst text UUid:c5b9f1b3-60d1-4358-b543-d708bac722b7
01-07 23:31:51 com_github_MitjaNemec_ReplicateLayout.replicate_layout 985:Src text UUid:80a2ea38-8d54-4d3b-8228-073129966ccf
01-07 23:31:51 com_github_MitjaNemec_ReplicateLayout.replicate_layout 986:Dst text UUid:00a2179f-0d13-4d6f-898e-9e491d71759d
01-07 23:31:51 com_github_MitjaNemec_ReplicateLayout.replicate_layout 985:Src text UUid:f9218614-b368-4fa6-a80b-23b71eef54d3
01-07 23:31:51 com_github_MitjaNemec_ReplicateLayout.replicate_layout 986:Dst text UUid:69c0290e-6a34-4ed5-b874-4278a540416b
01-07 23:31:51 com_github_MitjaNemec_ReplicateLayout.replicate_layout 985:Src text UUid:da8a1317-6e5b-4d96-a93a-5adfec6d779c
01-07 23:31:51 com_github_MitjaNemec_ReplicateLayout.replicate_layout 986:Dst text UUid:a4ea535f-77ae-4d33-ad68-ff4de4738cbd
01-07 23:31:51 com_github_MitjaNemec_ReplicateLayout.replicate_layout 985:Src text UUid:721d1144-8719-41bc-9276-22f467c42171
01-07 23:31:51 com_github_MitjaNemec_ReplicateLayout.replicate_layout 986:Dst text UUid:2235d3b4-6a5b-4700-9f47-b37e928ebb39
01-07 23:31:51 com_github_MitjaNemec_ReplicateLayout.replicate_layout 985:Src text UUid:74e2ba23-9406-4b2d-9b1f-12bd516c6730
01-07 23:31:51 com_github_MitjaNemec_ReplicateLayout.replicate_layout 986:Dst text UUid:a9f7ccce-8317-4a6b-866c-83d708223673
01-07 23:31:51 com_github_MitjaNemec_ReplicateLayout.replicate_layout 985:Src text UUid:b658f5fc-481b-4e72-a6ce-cdfa44d33c4b
01-07 23:31:51 com_github_MitjaNemec_ReplicateLayout.replicate_layout 986:Dst text UUid:333c26cf-7d7e-430f-b4df-d50efeecc450
01-07 23:31:51 com_github_MitjaNemec_ReplicateLayout.replicate_layout 985:Src text UUid:338120c9-6f96-45f0-89b5-4d5500083ee6
01-07 23:31:51 com_github_MitjaNemec_ReplicateLayout.replicate_layout 986:Dst text UUid:176a8bc1-1a76-4104-bb82-9cd6d8e46431
01-07 23:31:51 com_github_MitjaNemec_ReplicateLayout.replicate_layout 985:Src text UUid:6615aedc-5721-4783-9cdb-c994381cb851
01-07 23:31:51 com_github_MitjaNemec_ReplicateLayout.replicate_layout 986:Dst text UUid:a2b03911-b9f6-4aa5-bee2-08837fa6b6aa
01-07 23:31:51 com_github_MitjaNemec_ReplicateLayout.replicate_layout 985:Src text UUid:2e863da0-a0ab-4c5f-8dd3-ad97a65fd693
01-07 23:31:51 com_github_MitjaNemec_ReplicateLayout.replicate_layout 986:Dst text UUid:5db8d0eb-5b3f-4b3c-aca6-3a0e62d37fab
01-07 23:31:51 com_github_MitjaNemec_ReplicateLayout.replicate_layout 985:Src text UUid:819345a5-8178-4c8b-8af3-a4d0701cfbfe
01-07 23:31:51 com_github_MitjaNemec_ReplicateLayout.replicate_layout 986:Dst text UUid:887ae607-bb27-4215-bc54-d56d07373288
01-07 23:31:51 com_github_MitjaNemec_ReplicateLayout.replicate_layout 985:Src text UUid:7bf3e731-c1e7-4abe-b72c-fce545b45a75
01-07 23:31:51 com_github_MitjaNemec_ReplicateLayout.replicate_layout 986:Dst text UUid:62272fbc-977a-4caa-8daf-3afd2a0e9717
01-07 23:31:51 com_github_MitjaNemec_ReplicateLayout.replicate_layout 985:Src text UUid:64229a2f-f053-4124-b4d7-8b3f1dd336db
01-07 23:31:51 com_github_MitjaNemec_ReplicateLayout.replicate_layout 986:Dst text UUid:a7c116d2-201e-44e8-af30-1d44708cc131
01-07 23:31:51 com_github_MitjaNemec_ReplicateLayout.replicate_layout 985:Src text UUid:e904173d-687d-4a63-9235-d1fa4b2e847c
01-07 23:31:51 com_github_MitjaNemec_ReplicateLayout.replicate_layout 986:Dst text UUid:052c5268-2eb4-4e23-892d-b6c501fb172e
01-07 23:31:51 com_github_MitjaNemec_ReplicateLayout.replicate_layout 985:Src text UUid:4eca0dd2-ab81-437f-9352-1221d6c17699
01-07 23:31:51 com_github_MitjaNemec_ReplicateLayout.replicate_layout 986:Dst text UUid:46ffe4cd-b066-4d88-b049-c5f491bfec21
01-07 23:31:51 com_github_MitjaNemec_ReplicateLayout.replicate_layout 985:Src text UUid:155a2856-b8e1-4067-b9a7-4c411299b8ce
01-07 23:31:51 com_github_MitjaNemec_ReplicateLayout.replicate_layout 986:Dst text UUid:d7b9b62a-5748-4722-92f8-ad103c36e655
01-07 23:31:51 com_github_MitjaNemec_ReplicateLayout.replicate_layout 985:Src text UUid:1d9a531a-1fa5-4dfb-bd5a-edb47a39cbc1
01-07 23:31:51 com_github_MitjaNemec_ReplicateLayout.replicate_layout 986:Dst text UUid:f40e171a-18bf-4985-96a6-76e9881e57e3
01-07 23:31:51 com_github_MitjaNemec_ReplicateLayout.replicate_layout 985:Src text UUid:decaf833-457e-451f-a8a0-4f87f9bd847c
01-07 23:31:51 com_github_MitjaNemec_ReplicateLayout.replicate_layout 986:Dst text UUid:d3365b42-32df-4700-951b-37c683647542
01-07 23:31:51 com_github_MitjaNemec_ReplicateLayout.replicate_layout 985:Src text UUid:dfd64c44-17f5-4f24-a98c-be595eaab98a
01-07 23:31:51 com_github_MitjaNemec_ReplicateLayout.replicate_layout 986:Dst text UUid:ccf8c1e7-73e3-4359-acca-a9b1d049d6f3
01-07 23:31:51 com_github_MitjaNemec_ReplicateLayout.replicate_layout 985:Src text UUid:03963917-f0ac-4f18-b80e-d5fd50012ffd
01-07 23:31:51 com_github_MitjaNemec_ReplicateLayout.replicate_layout 986:Dst text UUid:b28fcb33-8ae3-4b98-8099-ff38280f9a06
01-07 23:31:51 com_github_MitjaNemec_ReplicateLayout.replicate_layout 985:Src text UUid:5f4a8125-3713-485a-9eff-6c71770e50eb
01-07 23:31:51 com_github_MitjaNemec_ReplicateLayout.replicate_layout 986:Dst text UUid:f5c528bf-b770-4ac0-a9e4-7f418ee431c4
01-07 23:31:51 com_github_MitjaNemec_ReplicateLayout.replicate_layout 985:Src text UUid:19e08a64-40c9-4f53-b9b3-8a91fc0ee551
01-07 23:31:51 com_github_MitjaNemec_ReplicateLayout.replicate_layout 986:Dst text UUid:ce38d372-7ed2-4017-9ce9-032555fc73b1
01-07 23:31:51 com_github_MitjaNemec_ReplicateLayout.replicate_layout 985:Src text UUid:e0aff7ee-63e1-4f10-ad27-1fe13aae0ef8
01-07 23:31:51 com_github_MitjaNemec_ReplicateLayout.replicate_layout 986:Dst text UUid:1f540b1a-ec3b-42c4-87dd-291e8c712998
01-07 23:31:51 com_github_MitjaNemec_ReplicateLayout.replicate_layout 985:Src text UUid:6de7a1c8-b424-4312-9aa8-f8358b0ef4e1
01-07 23:31:51 com_github_MitjaNemec_ReplicateLayout.replicate_layout 986:Dst text UUid:6fced849-b47e-4477-972f-16ec64b09d3f
01-07 23:31:51 com_github_MitjaNemec_ReplicateLayout.replicate_layout 985:Src text UUid:411f22bb-7c60-4fab-a873-cada146ee4a7
01-07 23:31:51 com_github_MitjaNemec_ReplicateLayout.replicate_layout 986:Dst text UUid:47c6bcad-272b-4b29-8c31-e0972490ee14
01-07 23:31:51 com_github_MitjaNemec_ReplicateLayout.replicate_layout 985:Src text UUid:6eecb69c-5dd3-4d8d-970b-1bfa9dcac4b7
01-07 23:31:51 com_github_MitjaNemec_ReplicateLayout.replicate_layout 986:Dst text UUid:46867722-b5a0-4d50-9e4b-da48b583deae
01-07 23:31:51 com_github_MitjaNemec_ReplicateLayout.replicate_layout 985:Src text UUid:cfa4cb65-bd2c-47e3-ad49-00c43b9ca20b
01-07 23:31:51 com_github_MitjaNemec_ReplicateLayout.replicate_layout 986:Dst text UUid:9bf11267-3f37-48f6-a760-012d13a25445
01-07 23:31:51 root 337:updating GUI with: 90
01-07 23:31:51 com_github_MitjaNemec_ReplicateLayout.replicate_layout 985:Src text UUid:22b806bd-d66e-4dd3-9629-4fa34b296e49
01-07 23:31:51 com_github_MitjaNemec_ReplicateLayout.replicate_layout 986:Dst text UUid:d8ee5385-0177-4223-bbb0-a2030e4fa2db
01-07 23:31:51 com_github_MitjaNemec_ReplicateLayout.replicate_layout 985:Src text UUid:b8d05468-b464-4245-8954-9e4dd1410698
01-07 23:31:51 com_github_MitjaNemec_ReplicateLayout.replicate_layout 986:Dst text UUid:16606e15-8ab3-4e7a-83db-5f9ebce19289
01-07 23:31:51 com_github_MitjaNemec_ReplicateLayout.replicate_layout 985:Src text UUid:37608558-8a0b-443a-a90f-b7445f6a8910
01-07 23:31:51 com_github_MitjaNemec_ReplicateLayout.replicate_layout 986:Dst text UUid:087ec7d3-d9a8-40a1-a344-6d90f9f87526
01-07 23:31:51 com_github_MitjaNemec_ReplicateLayout.replicate_layout 985:Src text UUid:ceee169c-a459-4801-84d6-5a2aca06ec06
01-07 23:31:51 com_github_MitjaNemec_ReplicateLayout.replicate_layout 986:Dst text UUid:25e553f7-0ab8-414c-9984-88f0313d4f99
01-07 23:31:51 com_github_MitjaNemec_ReplicateLayout.replicate_layout 985:Src text UUid:d09651a7-757c-483b-8e19-c41a69609af3
01-07 23:31:51 com_github_MitjaNemec_ReplicateLayout.replicate_layout 986:Dst text UUid:a58fe393-008a-46ed-92a3-2c9cb69aa3be
01-07 23:31:51 com_github_MitjaNemec_ReplicateLayout.replicate_layout 985:Src text UUid:370cec33-89a2-4fcf-8166-f38167105cb9
01-07 23:31:51 com_github_MitjaNemec_ReplicateLayout.replicate_layout 986:Dst text UUid:48650f29-ca9c-4318-a4ea-591e056d07d4
01-07 23:31:51 com_github_MitjaNemec_ReplicateLayout.replicate_layout 985:Src text UUid:9658f38d-582c-4a5c-bd67-eac25bbc9a52
01-07 23:31:51 com_github_MitjaNemec_ReplicateLayout.replicate_layout 986:Dst text UUid:79799956-de1f-4ff1-a4c5-accf387de974
01-07 23:31:51 com_github_MitjaNemec_ReplicateLayout.replicate_layout 985:Src text UUid:88498552-6bc1-4f46-8477-85ffb43b2d49
01-07 23:31:51 com_github_MitjaNemec_ReplicateLayout.replicate_layout 986:Dst text UUid:1d2bc650-706e-4866-9d2a-4c63c3fa3728
01-07 23:31:51 com_github_MitjaNemec_ReplicateLayout.replicate_layout 985:Src text UUid:df8805c5-ce8a-47f9-807d-34ff35b0045f
01-07 23:31:51 com_github_MitjaNemec_ReplicateLayout.replicate_layout 986:Dst text UUid:1bacdb50-efc5-4165-95c2-e8707f6d7575
01-07 23:31:51 com_github_MitjaNemec_ReplicateLayout.replicate_layout 985:Src text UUid:8c45e07a-054e-430e-bf8d-cbf6af60713b
01-07 23:31:51 com_github_MitjaNemec_ReplicateLayout.replicate_layout 986:Dst text UUid:8047779c-effa-4b5d-a98c-e0bff40aa108
01-07 23:31:51 com_github_MitjaNemec_ReplicateLayout.replicate_layout 985:Src text UUid:a5accc1e-13da-4c12-bc07-e1070734ef76
01-07 23:31:51 com_github_MitjaNemec_ReplicateLayout.replicate_layout 986:Dst text UUid:86fb4d7e-26ea-4191-b044-ce02e9a64208
01-07 23:31:51 com_github_MitjaNemec_ReplicateLayout.replicate_layout 985:Src text UUid:3c982a48-07d3-41f3-afbc-07bf73f409a0
01-07 23:31:51 com_github_MitjaNemec_ReplicateLayout.replicate_layout 986:Dst text UUid:1da336c2-ae68-4fc5-91b7-1c4061a17d43
01-07 23:31:51 com_github_MitjaNemec_ReplicateLayout.replicate_layout 985:Src text UUid:da96fd4e-e34f-4181-bace-74224c0a37be
01-07 23:31:51 com_github_MitjaNemec_ReplicateLayout.replicate_layout 986:Dst text UUid:4f73bdc5-245c-4ac7-9ab1-62a68bb3f6a5
01-07 23:31:51 com_github_MitjaNemec_ReplicateLayout.replicate_layout 985:Src text UUid:180a3d13-0053-4822-8e69-af76cab62739
01-07 23:31:51 com_github_MitjaNemec_ReplicateLayout.replicate_layout 986:Dst text UUid:bc234926-6379-410f-9a98-d43acf1ae6f3
01-07 23:31:51 com_github_MitjaNemec_ReplicateLayout.replicate_layout 985:Src text UUid:dce4ee0e-f8f9-4e18-b643-6dd69736f616
01-07 23:31:51 com_github_MitjaNemec_ReplicateLayout.replicate_layout 986:Dst text UUid:8febc859-606a-4b85-a8ee-89f2659e3cc6
01-07 23:31:51 com_github_MitjaNemec_ReplicateLayout.replicate_layout 985:Src text UUid:35a8a0cc-fb2d-40ca-9278-1eab318441db
01-07 23:31:51 com_github_MitjaNemec_ReplicateLayout.replicate_layout 986:Dst text UUid:f2a493be-244e-4cb2-9c30-a33441da386b
01-07 23:31:51 com_github_MitjaNemec_ReplicateLayout.replicate_layout 985:Src text UUid:23c94d06-846a-49a2-a45a-56adf658e762
01-07 23:31:51 com_github_MitjaNemec_ReplicateLayout.replicate_layout 986:Dst text UUid:ab420494-6173-44a0-af16-0434ea15d401
01-07 23:31:51 com_github_MitjaNemec_ReplicateLayout.replicate_layout 985:Src text UUid:34fe31dc-3c4f-4d8f-81d3-7c11900eea13
01-07 23:31:51 com_github_MitjaNemec_ReplicateLayout.replicate_layout 986:Dst text UUid:d48eb752-ded3-4742-bfee-5784eccd511e
01-07 23:31:51 root 332:updating GUI message: 'Replicating tracks'
01-07 23:31:51 com_github_MitjaNemec_ReplicateLayout.replicate_layout 1009:Replicating tracks
01-07 23:31:51 com_github_MitjaNemec_ReplicateLayout.replicate_layout 1015:Replicating tracks on sheet ['DC-DC-Converters', '24V - 7V Converter']
01-07 23:31:51 com_github_MitjaNemec_ReplicateLayout.replicate_layout 792:Net pairs for sheet ['DC-DC-Converters', '24V - 7V Converter'] :[('Net-(U19-COMP)', 'Net-(U1-COMP)'), ('Net-(U19-ILIM)', 'Net-(U1-ILIM)'), ('unconnected-(U19-NC-Pad9)', 'unconnected-(U1-NC-Pad9)'), ('unconnected-(U19-NC-Pad16)', 'unconnected-(U1-NC-Pad16)'), ('Net-(R48-Pad2)', 'Net-(R13-Pad2)'), ('Net-(U19-SS_TRK)', 'Net-(U1-SS_TRK)'), ('Net-(U19-LO)', 'Net-(U1-LO)'), ('/DC-DC-Converters/24V - 12V Converter/PGOOD', '/DC-DC-Converters/24V - 7V Converter/PGOOD'), ('Net-(U19-EN_UVLO)', 'Net-(U1-EN_UVLO)'), ('Net-(C105-Pad2)', 'Net-(C28-Pad2)'), ('/DC-DC-Converters/24V - 12V Converter/SYNCOUT', '/DC-DC-Converters/24V - 7V Converter/SYNCOUT'), ('Net-(U19-SW)', 'Net-(U1-SW)'), ('GND', 'GND'), ('Net-(C98-Pad2)', 'Net-(C21-Pad2)'), ('Net-(U19-FB)', 'Net-(U1-FB)'), ('/DC-DC-Converters/24V - 12V Converter/Output', '/DC-DC-Converters/24V - 7V Converter/Output'), ('Net-(U19-HO)', 'Net-(U1-HO)'), ('/DC-DC-Converters/24V - 12V Converter/POWER_IN', '/DC-DC-Converters/24V - 7V Converter/POWER_IN'), ('', ''), ('/DC-DC-Converters/24V - 12V Converter/Low Side Gate Drive', '/DC-DC-Converters/24V - 7V Converter/Low Side Gate Drive'), ('Net-(U19-RT)', 'Net-(U1-RT)'), ('Net-(U19-BST)', 'Net-(U1-BST)'), ('Net-(U19-VIN)', 'Net-(U1-VIN)'), ('Net-(U19-SYNCIN)', 'Net-(U1-SYNCIN)'), ('/DC-DC-Converters/24V - 12V Converter/High Side Gate Drive', '/DC-DC-Converters/24V - 7V Converter/High Side Gate Drive'), ('Net-(U19-VCC)', 'Net-(U1-VCC)')]
01-07 23:31:51 root 332:updating GUI message: 'Replicating zones'
01-07 23:31:51 root 337:updating GUI with: 0
01-07 23:31:51 com_github_MitjaNemec_ReplicateLayout.replicate_layout 1079:Replicating zones
01-07 23:31:51 com_github_MitjaNemec_ReplicateLayout.replicate_layout 1086:Replicating zones on sheet ['DC-DC-Converters', '24V - 7V Converter']
01-07 23:31:51 com_github_MitjaNemec_ReplicateLayout.replicate_layout 792:Net pairs for sheet ['DC-DC-Converters', '24V - 7V Converter'] :[('Net-(U19-COMP)', 'Net-(U1-COMP)'), ('Net-(U19-ILIM)', 'Net-(U1-ILIM)'), ('unconnected-(U19-NC-Pad9)', 'unconnected-(U1-NC-Pad9)'), ('unconnected-(U19-NC-Pad16)', 'unconnected-(U1-NC-Pad16)'), ('Net-(R48-Pad2)', 'Net-(R13-Pad2)'), ('Net-(U19-SS_TRK)', 'Net-(U1-SS_TRK)'), ('Net-(U19-LO)', 'Net-(U1-LO)'), ('/DC-DC-Converters/24V - 12V Converter/PGOOD', '/DC-DC-Converters/24V - 7V Converter/PGOOD'), ('Net-(U19-EN_UVLO)', 'Net-(U1-EN_UVLO)'), ('Net-(C105-Pad2)', 'Net-(C28-Pad2)'), ('/DC-DC-Converters/24V - 12V Converter/SYNCOUT', '/DC-DC-Converters/24V - 7V Converter/SYNCOUT'), ('Net-(U19-SW)', 'Net-(U1-SW)'), ('GND', 'GND'), ('Net-(C98-Pad2)', 'Net-(C21-Pad2)'), ('Net-(U19-FB)', 'Net-(U1-FB)'), ('/DC-DC-Converters/24V - 12V Converter/Output', '/DC-DC-Converters/24V - 7V Converter/Output'), ('Net-(U19-HO)', 'Net-(U1-HO)'), ('/DC-DC-Converters/24V - 12V Converter/POWER_IN', '/DC-DC-Converters/24V - 7V Converter/POWER_IN'), ('', ''), ('/DC-DC-Converters/24V - 12V Converter/Low Side Gate Drive', '/DC-DC-Converters/24V - 7V Converter/Low Side Gate Drive'), ('Net-(U19-RT)', 'Net-(U1-RT)'), ('Net-(U19-BST)', 'Net-(U1-BST)'), ('Net-(U19-VIN)', 'Net-(U1-VIN)'), ('Net-(U19-SYNCIN)', 'Net-(U1-SYNCIN)'), ('/DC-DC-Converters/24V - 12V Converter/High Side Gate Drive', '/DC-DC-Converters/24V - 7V Converter/High Side Gate Drive'), ('Net-(U19-VCC)', 'Net-(U1-VCC)')]
01-07 23:31:51 root 332:updating GUI message: 'Replicating text'
01-07 23:31:51 root 337:updating GUI with: 0
01-07 23:31:51 com_github_MitjaNemec_ReplicateLayout.replicate_layout 1168:Replicating text
01-07 23:31:51 com_github_MitjaNemec_ReplicateLayout.replicate_layout 1175:Replicating text on sheet ['DC-DC-Converters', '24V - 7V Converter']
01-07 23:31:51 root 332:updating GUI message: 'Replicating drawings'
01-07 23:31:51 com_github_MitjaNemec_ReplicateLayout.replicate_layout 1219:Replicating drawings
01-07 23:31:51 com_github_MitjaNemec_ReplicateLayout.replicate_layout 1225:Replicating drawings on sheet ['DC-DC-Converters', '24V - 7V Converter']
01-07 23:31:51 com_github_MitjaNemec_ReplicateLayout.action_replicate_layout 256:Replication complete
