../Core/Src/app_freertos.c:195:6:HAL_FDCAN_RxFifo0Callback	128	static
../Core/Src/app_freertos.c:234:6:MX_FREERTOS_Init	8	static
../Core/Src/app_freertos.c:306:6:StartDefaultTask	16	static
../Core/Src/app_freertos.c:331:6:StartCanSend	64	static
../Core/Src/app_freertos.c:416:6:StartRecieveMsg	128	static
../Core/Src/app_freertos.c:468:6:StartAdcConv	16	static
../Core/Src/app_freertos.c:504:6:startScreenPrint	16	static
../Core/Src/app_freertos.c:558:6:StartTRKPin	16	static
../Core/Src/app_freertos.c:585:6:StartStatusLED	16	static
