Archive member included to satisfy reference by file (symbol)

/usr/share/arm-gnu-toolchain-14.2.rel1-x86_64-arm-none-eabi/bin/../lib/gcc/arm-none-eabi/14.2.1/../../../../arm-none-eabi/lib/thumb/v7e-m+fp/hard/libc_nano.a(libc_a-exit.o)
                              /usr/share/arm-gnu-toolchain-14.2.rel1-x86_64-arm-none-eabi/bin/../lib/gcc/arm-none-eabi/14.2.1/../../../../arm-none-eabi/lib/thumb/v7e-m+fp/hard/crt0.o (exit)
/usr/share/arm-gnu-toolchain-14.2.rel1-x86_64-arm-none-eabi/bin/../lib/gcc/arm-none-eabi/14.2.1/../../../../arm-none-eabi/lib/thumb/v7e-m+fp/hard/libc_nano.a(libc_a-findfp.o)
                              /usr/share/arm-gnu-toolchain-14.2.rel1-x86_64-arm-none-eabi/bin/../lib/gcc/arm-none-eabi/14.2.1/../../../../arm-none-eabi/lib/thumb/v7e-m+fp/hard/libc_nano.a(libc_a-exit.o) (__stdio_exit_handler)
/usr/share/arm-gnu-toolchain-14.2.rel1-x86_64-arm-none-eabi/bin/../lib/gcc/arm-none-eabi/14.2.1/../../../../arm-none-eabi/lib/thumb/v7e-m+fp/hard/libc_nano.a(libc_a-fwalk.o)
                              /usr/share/arm-gnu-toolchain-14.2.rel1-x86_64-arm-none-eabi/bin/../lib/gcc/arm-none-eabi/14.2.1/../../../../arm-none-eabi/lib/thumb/v7e-m+fp/hard/libc_nano.a(libc_a-findfp.o) (_fwalk_sglue)
/usr/share/arm-gnu-toolchain-14.2.rel1-x86_64-arm-none-eabi/bin/../lib/gcc/arm-none-eabi/14.2.1/../../../../arm-none-eabi/lib/thumb/v7e-m+fp/hard/libc_nano.a(libc_a-stdio.o)
                              /usr/share/arm-gnu-toolchain-14.2.rel1-x86_64-arm-none-eabi/bin/../lib/gcc/arm-none-eabi/14.2.1/../../../../arm-none-eabi/lib/thumb/v7e-m+fp/hard/libc_nano.a(libc_a-findfp.o) (__sread)
/usr/share/arm-gnu-toolchain-14.2.rel1-x86_64-arm-none-eabi/bin/../lib/gcc/arm-none-eabi/14.2.1/../../../../arm-none-eabi/lib/thumb/v7e-m+fp/hard/libc_nano.a(libc_a-memset.o)
                              /usr/share/arm-gnu-toolchain-14.2.rel1-x86_64-arm-none-eabi/bin/../lib/gcc/arm-none-eabi/14.2.1/../../../../arm-none-eabi/lib/thumb/v7e-m+fp/hard/crt0.o (memset)
/usr/share/arm-gnu-toolchain-14.2.rel1-x86_64-arm-none-eabi/bin/../lib/gcc/arm-none-eabi/14.2.1/../../../../arm-none-eabi/lib/thumb/v7e-m+fp/hard/libc_nano.a(libc_a-closer.o)
                              /usr/share/arm-gnu-toolchain-14.2.rel1-x86_64-arm-none-eabi/bin/../lib/gcc/arm-none-eabi/14.2.1/../../../../arm-none-eabi/lib/thumb/v7e-m+fp/hard/libc_nano.a(libc_a-stdio.o) (_close_r)
/usr/share/arm-gnu-toolchain-14.2.rel1-x86_64-arm-none-eabi/bin/../lib/gcc/arm-none-eabi/14.2.1/../../../../arm-none-eabi/lib/thumb/v7e-m+fp/hard/libc_nano.a(libc_a-reent.o)
                              /usr/share/arm-gnu-toolchain-14.2.rel1-x86_64-arm-none-eabi/bin/../lib/gcc/arm-none-eabi/14.2.1/../../../../arm-none-eabi/lib/thumb/v7e-m+fp/hard/libc_nano.a(libc_a-closer.o) (errno)
/usr/share/arm-gnu-toolchain-14.2.rel1-x86_64-arm-none-eabi/bin/../lib/gcc/arm-none-eabi/14.2.1/../../../../arm-none-eabi/lib/thumb/v7e-m+fp/hard/libc_nano.a(libc_a-impure.o)
                              /usr/share/arm-gnu-toolchain-14.2.rel1-x86_64-arm-none-eabi/bin/../lib/gcc/arm-none-eabi/14.2.1/../../../../arm-none-eabi/lib/thumb/v7e-m+fp/hard/libc_nano.a(libc_a-reent.o) (_impure_ptr)
/usr/share/arm-gnu-toolchain-14.2.rel1-x86_64-arm-none-eabi/bin/../lib/gcc/arm-none-eabi/14.2.1/../../../../arm-none-eabi/lib/thumb/v7e-m+fp/hard/libc_nano.a(libc_a-lseekr.o)
                              /usr/share/arm-gnu-toolchain-14.2.rel1-x86_64-arm-none-eabi/bin/../lib/gcc/arm-none-eabi/14.2.1/../../../../arm-none-eabi/lib/thumb/v7e-m+fp/hard/libc_nano.a(libc_a-stdio.o) (_lseek_r)
/usr/share/arm-gnu-toolchain-14.2.rel1-x86_64-arm-none-eabi/bin/../lib/gcc/arm-none-eabi/14.2.1/../../../../arm-none-eabi/lib/thumb/v7e-m+fp/hard/libc_nano.a(libc_a-readr.o)
                              /usr/share/arm-gnu-toolchain-14.2.rel1-x86_64-arm-none-eabi/bin/../lib/gcc/arm-none-eabi/14.2.1/../../../../arm-none-eabi/lib/thumb/v7e-m+fp/hard/libc_nano.a(libc_a-stdio.o) (_read_r)
/usr/share/arm-gnu-toolchain-14.2.rel1-x86_64-arm-none-eabi/bin/../lib/gcc/arm-none-eabi/14.2.1/../../../../arm-none-eabi/lib/thumb/v7e-m+fp/hard/libc_nano.a(libc_a-writer.o)
                              /usr/share/arm-gnu-toolchain-14.2.rel1-x86_64-arm-none-eabi/bin/../lib/gcc/arm-none-eabi/14.2.1/../../../../arm-none-eabi/lib/thumb/v7e-m+fp/hard/libc_nano.a(libc_a-stdio.o) (_write_r)
/usr/share/arm-gnu-toolchain-14.2.rel1-x86_64-arm-none-eabi/bin/../lib/gcc/arm-none-eabi/14.2.1/../../../../arm-none-eabi/lib/thumb/v7e-m+fp/hard/libc_nano.a(libc_a-init.o)
                              /usr/share/arm-gnu-toolchain-14.2.rel1-x86_64-arm-none-eabi/bin/../lib/gcc/arm-none-eabi/14.2.1/../../../../arm-none-eabi/lib/thumb/v7e-m+fp/hard/crt0.o (__libc_init_array)
/usr/share/arm-gnu-toolchain-14.2.rel1-x86_64-arm-none-eabi/bin/../lib/gcc/arm-none-eabi/14.2.1/../../../../arm-none-eabi/lib/thumb/v7e-m+fp/hard/libc_nano.a(libc_a-lock.o)
[...]
Memory Configuration

Name             Origin             Length             Attributes
RAM              0x20000000         0x0001c000         xrw
FLASH            0x08000000         0x00080000         xr
*default*        0x00000000         0xffffffff

Linker script and memory map

LOAD /usr/share/arm-gnu-toolchain-14.2.rel1-x86_64-arm-none-eabi/bin/../lib/gcc/arm-none-eabi/14.2.1/thumb/v7e-m+fp/hard/crti.o
LOAD /usr/share/arm-gnu-toolchain-14.2.rel1-x86_64-arm-none-eabi/bin/../lib/gcc/arm-none-eabi/14.2.1/thumb/v7e-m+fp/hard/crtbegin.o
LOAD /usr/share/arm-gnu-toolchain-14.2.rel1-x86_64-arm-none-eabi/bin/../lib/gcc/arm-none-eabi/14.2.1/../../../../arm-none-eabi/lib/thumb/v7e-m+fp/hard/crt0.o
START GROUP
LOAD /usr/share/arm-gnu-toolchain-14.2.rel1-x86_64-arm-none-eabi/bin/../lib/gcc/arm-none-eabi/14.2.1/../../../../arm-none-eabi/lib/thumb/v7e-m+fp/hard/libc_nano.a
LOAD /usr/share/arm-gnu-toolchain-14.2.rel1-x86_64-arm-none-eabi/bin/../lib/gcc/arm-none-eabi/14.2.1/../../../../arm-none-eabi/lib/thumb/v7e-m+fp/hard/libm.a
END GROUP
LOAD CMakeFiles/FOC_SRC_V1.dir/Core/Src/ws2812.c.obj
LOAD CMakeFiles/FOC_SRC_V1.dir/EcoLib/ecocan/ecocar_can.c.obj
LOAD CMakeFiles/FOC_SRC_V1.dir/Core/Src/main.c.obj
LOAD CMakeFiles/FOC_SRC_V1.dir/Core/Src/gpio.c.obj
LOAD CMakeFiles/FOC_SRC_V1.dir/Core/Src/app_freertos.c.obj
LOAD CMakeFiles/FOC_SRC_V1.dir/Core/Src/dma.c.obj
LOAD CMakeFiles/FOC_SRC_V1.dir/Core/Src/fdcan.c.obj
LOAD CMakeFiles/FOC_SRC_V1.dir/Core/Src/spi.c.obj
LOAD CMakeFiles/FOC_SRC_V1.dir/Core/Src/tim.c.obj
LOAD CMakeFiles/FOC_SRC_V1.dir/Core/Src/stm32g4xx_it.c.obj
LOAD CMakeFiles/FOC_SRC_V1.dir/Core/Src/stm32g4xx_hal_msp.c.obj
LOAD CMakeFiles/FOC_SRC_V1.dir/Core/Src/stm32g4xx_hal_timebase_tim.c.obj
LOAD CMakeFiles/FOC_SRC_V1.dir/Drivers/STM32G4xx_HAL_Driver/Src/stm32g4xx_hal_tim.c.obj
LOAD CMakeFiles/FOC_SRC_V1.dir/Drivers/STM32G4xx_HAL_Driver/Src/stm32g4xx_hal_tim_ex.c.obj
LOAD CMakeFiles/FOC_SRC_V1.dir/Drivers/STM32G4xx_HAL_Driver/Src/stm32g4xx_hal_fdcan.c.obj
LOAD CMakeFiles/FOC_SRC_V1.dir/Drivers/STM32G4xx_HAL_Driver/Src/stm32g4xx_hal.c.obj
LOAD CMakeFiles/FOC_SRC_V1.dir/Drivers/STM32G4xx_HAL_Driver/Src/stm32g4xx_hal_rcc.c.obj
LOAD CMakeFiles/FOC_SRC_V1.dir/Drivers/STM32G4xx_HAL_Driver/Src/stm32g4xx_hal_rcc_ex.c.obj
LOAD CMakeFiles/FOC_SRC_V1.dir/Drivers/STM32G4xx_HAL_Driver/Src/stm32g4xx_hal_flash.c.obj
LOAD CMakeFiles/FOC_SRC_V1.dir/Drivers/STM32G4xx_HAL_Driver/Src/stm32g4xx_hal_flash_ex.c.obj
LOAD CMakeFiles/FOC_SRC_V1.dir/Drivers/STM32G4xx_HAL_Driver/Src/stm32g4xx_hal_flash_ramfunc.c.obj
LOAD CMakeFiles/FOC_SRC_V1.dir/Drivers/STM32G4xx_HAL_Driver/Src/stm32g4xx_hal_gpio.c.obj
LOAD CMakeFiles/FOC_SRC_V1.dir/Drivers/STM32G4xx_HAL_Driver/Src/stm32g4xx_hal_exti.c.obj
LOAD CMakeFiles/FOC_SRC_V1.dir/Drivers/STM32G4xx_HAL_Driver/Src/stm32g4xx_hal_dma.c.obj
LOAD CMakeFiles/FOC_SRC_V1.dir/Drivers/STM32G4xx_HAL_Driver/Src/stm32g4xx_hal_dma_ex.c.obj
LOAD CMakeFiles/FOC_SRC_V1.dir/Drivers/STM32G4xx_HAL_Driver/Src/stm32g4xx_hal_pwr.c.obj
LOAD CMakeFiles/FOC_SRC_V1.dir/Drivers/STM32G4xx_HAL_Driver/Src/stm32g4xx_hal_pwr_ex.c.obj
LOAD CMakeFiles/FOC_SRC_V1.dir/Drivers/STM32G4xx_HAL_Driver/Src/stm32g4xx_hal_cortex.c.obj
LOAD CMakeFiles/FOC_SRC_V1.dir/Drivers/STM32G4xx_HAL_Driver/Src/stm32g4xx_hal_spi.c.obj
LOAD CMakeFiles/FOC_SRC_V1.dir/Drivers/STM32G4xx_HAL_Driver/Src/stm32g4xx_hal_spi_ex.c.obj
LOAD CMakeFiles/FOC_SRC_V1.dir/Core/Src/system_stm32g4xx.c.obj
LOAD CMakeFiles/FOC_SRC_V1.dir/Middlewares/Third_Party/FreeRTOS/Source/croutine.c.obj
LOAD CMakeFiles/FOC_SRC_V1.dir/Middlewares/Third_Party/FreeRTOS/Source/event_groups.c.obj
LOAD CMakeFiles/FOC_SRC_V1.dir/Middlewares/Third_Party/FreeRTOS/Source/list.c.obj
LOAD CMakeFiles/FOC_SRC_V1.dir/Middlewares/Third_Party/FreeRTOS/Source/queue.c.obj
LOAD CMakeFiles/FOC_SRC_V1.dir/Middlewares/Third_Party/FreeRTOS/Source/stream_buffer.c.obj
LOAD CMakeFiles/FOC_SRC_V1.dir/Middlewares/Third_Party/FreeRTOS/Source/tasks.c.obj
LOAD CMakeFiles/FOC_SRC_V1.dir/Middlewares/Third_Party/FreeRTOS/Source/timers.c.obj
LOAD CMakeFiles/FOC_SRC_V1.dir/Middlewares/Third_Party/FreeRTOS/Source/CMSIS_RTOS_V2/cmsis_os2.c.obj
LOAD CMakeFiles/FOC_SRC_V1.dir/Middlewares/Third_Party/FreeRTOS/Source/portable/MemMang/heap_4.c.obj
LOAD CMakeFiles/FOC_SRC_V1.dir/Middlewares/Third_Party/FreeRTOS/Source/portable/GCC/ARM_CM4F/port.c.obj
LOAD CMakeFiles/FOC_SRC_V1.dir/Core/Src/sysmem.c.obj
LOAD CMakeFiles/FOC_SRC_V1.dir/Core/Src/syscalls.c.obj
LOAD CMakeFiles/FOC_SRC_V1.dir/startup_stm32g491xx.s.obj
START GROUP
LOAD /usr/share/arm-gnu-toolchain-14.2.rel1-x86_64-arm-none-eabi/bin/../lib/gcc/arm-none-eabi/14.2.1/thumb/v7e-m+fp/hard/libgcc.a
LOAD /usr/share/arm-gnu-toolchain-14.2.rel1-x86_64-arm-none-eabi/bin/../lib/gcc/arm-none-eabi/14.2.1/../../../../arm-none-eabi/lib/thumb/v7e-m+fp/hard/libg_nano.a
LOAD /usr/share/arm-gnu-toolchain-14.2.rel1-x86_64-arm-none-eabi/bin/../lib/gcc/arm-none-eabi/14.2.1/../../../../arm-none-eabi/lib/thumb/v7e-m+fp/hard/libc_nano.a
END GROUP
START GROUP
LOAD /usr/share/arm-gnu-toolchain-14.2.rel1-x86_64-arm-none-eabi/bin/../lib/gcc/arm-none-eabi/14.2.1/thumb/v7e-m+fp/hard/libgcc.a
LOAD /usr/share/arm-gnu-toolchain-14.2.rel1-x86_64-arm-none-eabi/bin/../lib/gcc/arm-none-eabi/14.2.1/../../../../arm-none-eabi/lib/thumb/v7e-m+fp/hard/libc_nano.a
END GROUP
LOAD /usr/share/arm-gnu-toolchain-14.2.rel1-x86_64-arm-none-eabi/bin/../lib/gcc/arm-none-eabi/14.2.1/thumb/v7e-m+fp/hard/crtend.o
LOAD /usr/share/arm-gnu-toolchain-14.2.rel1-x86_64-arm-none-eabi/bin/../lib/gcc/arm-none-eabi/14.2.1/thumb/v7e-m+fp/hard/crtn.o
                0x2001c000                        _estack = (ORIGIN (RAM) + LENGTH (RAM))
                0x00000400                        _Min_Heap_Size = 0x400
                0x00000800                        _Min_Stack_Size = 0x800

.isr_vector     0x08000000      0x1d8
                0x08000000                        . = ALIGN (0x4)
 *(.isr_vector)
 .isr_vector    0x08000000      0x1d8 CMakeFiles/FOC_SRC_V1.dir/startup_stm32g491xx.s.obj
                0x08000000                g_pfnVectors
                0x080001d8                        . = ALIGN (0x4)

.text           0x080001e0     0x9524
                0x080001e0                        . = ALIGN (0x4)
 *(.text)
 *(.text*)
 .text.deregister_tm_clones
                0x080001e0       0x1c /usr/share/arm-gnu-toolchain-14.2.rel1-x86_64-arm-none-eabi/bin/../lib/gcc/arm-none-eabi/14.2.1/thumb/v7e-m+fp/hard/crtbegin.o
 .text.register_tm_clones
                0x080001fc       0x24 /usr/share/arm-gnu-toolchain-14.2.rel1-x86_64-arm-none-eabi/bin/../lib/gcc/arm-none-eabi/14.2.1/thumb/v7e-m+fp/hard/crtbegin.o
 .text.__do_global_dtors_aux
                0x08000220       0x28 /usr/share/arm-gnu-toolchain-14.2.rel1-x86_64-arm-none-eabi/bin/../lib/gcc/arm-none-eabi/14.2.1/thumb/v7e-m+fp/hard/crtbegin.o
 .text.frame_dummy
                0x08000248       0x24 /usr/share/arm-gnu-toolchain-14.2.rel1-x86_64-arm-none-eabi/bin/../lib/gcc/arm-none-eabi/14.2.1/thumb/v7e-m+fp/hard/crtbegin.o
 .text.memset   0x0800026c       0x10 /usr/share/arm-gnu-toolchain-14.2.rel1-x86_64-arm-none-eabi/bin/../lib/gcc/arm-none-eabi/14.2.1/../../../../arm-none-eabi/lib/thumb/v7e-m+fp/hard/libc_nano.a(libc_a-memset.o)
                0x0800026c                memset
 .text._reclaim_reent
                0x0800027c       0xbc /usr/share/arm-gnu-toolchain-14.2.rel1-x86_64-arm-none-eabi/bin/../lib/gcc/arm-none-eabi/14.2.1/../../../../arm-none-eabi/lib/thumb/v7e-m+fp/hard/libc_nano.a(libc_a-reent.o)
                0x0800027c                _reclaim_reent
 .text.__libc_init_array
                0x08000338       0x48 /usr/share/arm-gnu-toolchain-14.2.rel1-x86_64-arm-none-eabi/bin/../lib/gcc/arm-none-eabi/14.2.1/../../../../arm-none-eabi/lib/thumb/v7e-m+fp/hard/libc_nano.a(libc_a-init.o)
                0x08000338                __libc_init_array
 .text.__retarget_lock_acquire_recursive
                0x08000380        0x2 /usr/share/arm-gnu-toolchain-14.2.rel1-x86_64-arm-none-eabi/bin/../lib/gcc/arm-none-eabi/14.2.1/../../../../arm-none-eabi/lib/thumb/v7e-m+fp/hard/libc_nano.a(libc_a-lock.o)
                0x08000380                __retarget_lock_acquire_recursive
 .text.__retarget_lock_release_recursive
                0x08000382        0x2 /usr/share/arm-gnu-toolchain-14.2.rel1-x86_64-arm-none-eabi/bin/../lib/gcc/arm-none-eabi/14.2.1/../../../../arm-none-eabi/lib/thumb/v7e-m+fp/hard/libc_nano.a(libc_a-lock.o)
                0x08000382                __retarget_lock_release_recursive
 .text._free_r  0x08000384       0x94 /usr/share/arm-gnu-toolchain-14.2.rel1-x86_64-arm-none-eabi/bin/../lib/gcc/arm-none-eabi/14.2.1/../../../../arm-none-eabi/lib/thumb/v7e-m+fp/hard/libc_nano.a(libc_a-freer.o)
                0x08000384                _free_r
 .text.__malloc_lock
                0x08000418        0xc /usr/share/arm-gnu-toolchain-14.2.rel1-x86_64-arm-none-eabi/bin/../lib/gcc/arm-none-eabi/14.2.1/../../../../arm-none-eabi/lib/thumb/v7e-m+fp/hard/libc_nano.a(libc_a-mlock.o)
                0x08000418                __malloc_lock
 .text.__malloc_unlock
                0x08000424        0xc /usr/share/arm-gnu-toolchain-14.2.rel1-x86_64-arm-none-eabi/bin/../lib/gcc/arm-none-eabi/14.2.1/../../../../arm-none-eabi/lib/thumb/v7e-m+fp/hard/libc_nano.a(libc_a-mlock.o)
                0x08000424                __malloc_unlock
 .text.flipByte
                0x08000430       0x72 CMakeFiles/FOC_SRC_V1.dir/Core/Src/ws2812.c.obj
                0x08000430                flipByte
 *fill*         0x080004a2        0x2 
 .text.WS2812_Init
                0x080004a4       0x48 CMakeFiles/FOC_SRC_V1.dir/Core/Src/ws2812.c.obj
                0x080004a4                WS2812_Init
 .text.WS2812_Update
                0x080004ec       0xa0 CMakeFiles/FOC_SRC_V1.dir/Core/Src/ws2812.c.obj
                0x080004ec                WS2812_Update
 .text.WS2812_SetColor
                0x0800058c       0x70 CMakeFiles/FOC_SRC_V1.dir/Core/Src/ws2812.c.obj
                0x0800058c                WS2812_SetColor
 .text.WS2812_SetColor_and_Brightness
                0x080005fc       0xcc CMakeFiles/FOC_SRC_V1.dir/Core/Src/ws2812.c.obj
                0x080005fc                WS2812_SetColor_and_Brightness
 .text.WS2812_Callback
                0x080006c8       0x20 CMakeFiles/FOC_SRC_V1.dir/Core/Src/ws2812.c.obj
                0x080006c8                WS2812_Callback
 .text.next_brightness
                0x080006e8       0x58 CMakeFiles/FOC_SRC_V1.dir/Core/Src/ws2812.c.obj
                0x080006e8                next_brightness
 .text.WS2812_Standby_Animation
                0x08000740       0xd4 CMakeFiles/FOC_SRC_V1.dir/Core/Src/ws2812.c.obj
                0x08000740                WS2812_Standby_Animation
 .text.WS2812_Running_Animation
                0x08000814       0xc0 CMakeFiles/FOC_SRC_V1.dir/Core/Src/ws2812.c.obj
                0x08000814                WS2812_Running_Animation
 .text.WS2812_Charging_Animation
                0x080008d4       0x98 CMakeFiles/FOC_SRC_V1.dir/Core/Src/ws2812.c.obj
                0x080008d4                WS2812_Charging_Animation
 .text.WS2812_Startup_Animation
                0x0800096c       0x64 CMakeFiles/FOC_SRC_V1.dir/Core/Src/ws2812.c.obj
                0x0800096c                WS2812_Startup_Animation
 .text.mapDlcToBytes
                0x080009d0       0x78 CMakeFiles/FOC_SRC_V1.dir/EcoLib/ecocan/ecocar_can.c.obj
                0x080009d0                mapDlcToBytes
 .text.main     0x08000a48       0x38 CMakeFiles/FOC_SRC_V1.dir/Core/Src/main.c.obj
                0x08000a48                main
 .text.SystemClock_Config
                0x08000a80       0x92 CMakeFiles/FOC_SRC_V1.dir/Core/Src/main.c.obj
                0x08000a80                SystemClock_Config
 *fill*         0x08000b12        0x2 
 .text.HAL_TIM_PeriodElapsedCallback
                0x08000b14       0x24 CMakeFiles/FOC_SRC_V1.dir/Core/Src/main.c.obj
                0x08000b14                HAL_TIM_PeriodElapsedCallback
 .text.Error_Handler
                0x08000b38        0xc CMakeFiles/FOC_SRC_V1.dir/Core/Src/main.c.obj
                0x08000b38                Error_Handler
 .text.MX_GPIO_Init
                0x08000b44      0x144 CMakeFiles/FOC_SRC_V1.dir/Core/Src/gpio.c.obj
                0x08000b44                MX_GPIO_Init
 .text.HAL_TIM_PWM_PulseFinishedCallback
                0x08000c88       0x24 CMakeFiles/FOC_SRC_V1.dir/Core/Src/app_freertos.c.obj
                0x08000c88                HAL_TIM_PWM_PulseFinishedCallback
 .text.HAL_FDCAN_RxFifo0Callback
                0x08000cac       0xa8 CMakeFiles/FOC_SRC_V1.dir/Core/Src/app_freertos.c.obj
                0x08000cac                HAL_FDCAN_RxFifo0Callback
 .text.MX_FREERTOS_Init
                0x08000d54       0xa8 CMakeFiles/FOC_SRC_V1.dir/Core/Src/app_freertos.c.obj
                0x08000d54                MX_FREERTOS_Init
 .text.StartDefaultTask
                0x08000dfc       0xa8 CMakeFiles/FOC_SRC_V1.dir/Core/Src/app_freertos.c.obj
                0x08000dfc                StartDefaultTask
 .text.StartCanReceive
                0x08000ea4      0x2a8 CMakeFiles/FOC_SRC_V1.dir/Core/Src/app_freertos.c.obj
                0x08000ea4                StartCanReceive
 .text.StartCanSend
                0x0800114c       0x90 CMakeFiles/FOC_SRC_V1.dir/Core/Src/app_freertos.c.obj
                0x0800114c                StartCanSend
 .text.HAL_GPIO_EXTI_Callback
                0x080011dc       0x90 CMakeFiles/FOC_SRC_V1.dir/Core/Src/app_freertos.c.obj
                0x080011dc                HAL_GPIO_EXTI_Callback
 .text.MX_DMA_Init
                0x0800126c       0x64 CMakeFiles/FOC_SRC_V1.dir/Core/Src/dma.c.obj
                0x0800126c                MX_DMA_Init
 .text.MX_FDCAN2_Init
                0x080012d0      0x160 CMakeFiles/FOC_SRC_V1.dir/Core/Src/fdcan.c.obj
                0x080012d0                MX_FDCAN2_Init
 .text.HAL_FDCAN_MspInit
                0x08001430       0xf4 CMakeFiles/FOC_SRC_V1.dir/Core/Src/fdcan.c.obj
                0x08001430                HAL_FDCAN_MspInit
 .text.MX_SPI1_Init
                0x08001524       0x7c CMakeFiles/FOC_SRC_V1.dir/Core/Src/spi.c.obj
                0x08001524                MX_SPI1_Init
 .text.HAL_SPI_MspInit
                0x080015a0       0xe0 CMakeFiles/FOC_SRC_V1.dir/Core/Src/spi.c.obj
                0x080015a0                HAL_SPI_MspInit
 .text.MX_TIM1_Init
                0x08001680       0xa8 CMakeFiles/FOC_SRC_V1.dir/Core/Src/tim.c.obj
                0x08001680                MX_TIM1_Init
 .text.MX_TIM2_Init
                0x08001728       0xec CMakeFiles/FOC_SRC_V1.dir/Core/Src/tim.c.obj
                0x08001728                MX_TIM2_Init
 .text.MX_TIM3_Init
                0x08001814       0x9c CMakeFiles/FOC_SRC_V1.dir/Core/Src/tim.c.obj
                0x08001814                MX_TIM3_Init
 .text.HAL_TIM_Base_MspInit
                0x080018b0       0xf4 CMakeFiles/FOC_SRC_V1.dir/Core/Src/tim.c.obj
                0x080018b0                HAL_TIM_Base_MspInit
 .text.HAL_TIM_MspPostInit
                0x080019a4       0x68 CMakeFiles/FOC_SRC_V1.dir/Core/Src/tim.c.obj
                0x080019a4                HAL_TIM_MspPostInit
 .text.NMI_Handler
                0x08001a0c        0x8 CMakeFiles/FOC_SRC_V1.dir/Core/Src/stm32g4xx_it.c.obj
                0x08001a0c                NMI_Handler
 .text.HardFault_Handler
                0x08001a14        0x8 CMakeFiles/FOC_SRC_V1.dir/Core/Src/stm32g4xx_it.c.obj
                0x08001a14                HardFault_Handler
 .text.MemManage_Handler
                0x08001a1c        0x8 CMakeFiles/FOC_SRC_V1.dir/Core/Src/stm32g4xx_it.c.obj
                0x08001a1c                MemManage_Handler
 .text.BusFault_Handler
                0x08001a24        0x8 CMakeFiles/FOC_SRC_V1.dir/Core/Src/stm32g4xx_it.c.obj
                0x08001a24                BusFault_Handler
 .text.UsageFault_Handler
                0x08001a2c        0x8 CMakeFiles/FOC_SRC_V1.dir/Core/Src/stm32g4xx_it.c.obj
                0x08001a2c                UsageFault_Handler
 .text.DebugMon_Handler
                0x08001a34        0xe CMakeFiles/FOC_SRC_V1.dir/Core/Src/stm32g4xx_it.c.obj
                0x08001a34                DebugMon_Handler
 .text.EXTI3_IRQHandler
                0x08001a42        0xe CMakeFiles/FOC_SRC_V1.dir/Core/Src/stm32g4xx_it.c.obj
                0x08001a42                EXTI3_IRQHandler
 .text.EXTI4_IRQHandler
                0x08001a50        0xe CMakeFiles/FOC_SRC_V1.dir/Core/Src/stm32g4xx_it.c.obj
                0x08001a50                EXTI4_IRQHandler
 *fill*         0x08001a5e        0x2 
 .text.DMA1_Channel1_IRQHandler
                0x08001a60       0x14 CMakeFiles/FOC_SRC_V1.dir/Core/Src/stm32g4xx_it.c.obj
                0x08001a60                DMA1_Channel1_IRQHandler
 .text.DMA1_Channel2_IRQHandler
                0x08001a74       0x14 CMakeFiles/FOC_SRC_V1.dir/Core/Src/stm32g4xx_it.c.obj
                0x08001a74                DMA1_Channel2_IRQHandler
 .text.EXTI9_5_IRQHandler
                0x08001a88       0x10 CMakeFiles/FOC_SRC_V1.dir/Core/Src/stm32g4xx_it.c.obj
                0x08001a88                EXTI9_5_IRQHandler
 .text.TIM2_IRQHandler
                0x08001a98       0x14 CMakeFiles/FOC_SRC_V1.dir/Core/Src/stm32g4xx_it.c.obj
                0x08001a98                TIM2_IRQHandler
 .text.TIM20_UP_IRQHandler
                0x08001aac       0x14 CMakeFiles/FOC_SRC_V1.dir/Core/Src/stm32g4xx_it.c.obj
                0x08001aac                TIM20_UP_IRQHandler
 .text.FDCAN2_IT0_IRQHandler
                0x08001ac0       0x14 CMakeFiles/FOC_SRC_V1.dir/Core/Src/stm32g4xx_it.c.obj
                0x08001ac0                FDCAN2_IT0_IRQHandler
 .text.FDCAN2_IT1_IRQHandler
                0x08001ad4       0x14 CMakeFiles/FOC_SRC_V1.dir/Core/Src/stm32g4xx_it.c.obj
                0x08001ad4                FDCAN2_IT1_IRQHandler
 .text.HAL_MspInit
                0x08001ae8       0x54 CMakeFiles/FOC_SRC_V1.dir/Core/Src/stm32g4xx_hal_msp.c.obj
                0x08001ae8                HAL_MspInit
 .text.HAL_InitTick
                0x08001b3c       0xd8 CMakeFiles/FOC_SRC_V1.dir/Core/Src/stm32g4xx_hal_timebase_tim.c.obj
                0x08001b3c                HAL_InitTick
 .text.HAL_TIM_Base_Init
                0x08001c14       0xae CMakeFiles/FOC_SRC_V1.dir/Drivers/STM32G4xx_HAL_Driver/Src/stm32g4xx_hal_tim.c.obj
                0x08001c14                HAL_TIM_Base_Init
 *fill*         0x08001cc2        0x2 
 .text.HAL_TIM_Base_Start_IT
                0x08001cc4       0xe0 CMakeFiles/FOC_SRC_V1.dir/Drivers/STM32G4xx_HAL_Driver/Src/stm32g4xx_hal_tim.c.obj
                0x08001cc4                HAL_TIM_Base_Start_IT
 .text.HAL_TIM_PWM_Init
                0x08001da4       0xae CMakeFiles/FOC_SRC_V1.dir/Drivers/STM32G4xx_HAL_Driver/Src/stm32g4xx_hal_tim.c.obj
                0x08001da4                HAL_TIM_PWM_Init
 .text.HAL_TIM_PWM_MspInit
                0x08001e52       0x14 CMakeFiles/FOC_SRC_V1.dir/Drivers/STM32G4xx_HAL_Driver/Src/stm32g4xx_hal_tim.c.obj
                0x08001e52                HAL_TIM_PWM_MspInit
 *fill*         0x08001e66        0x2 
 .text.HAL_TIM_PWM_Start_DMA
                0x08001e68      0x448 CMakeFiles/FOC_SRC_V1.dir/Drivers/STM32G4xx_HAL_Driver/Src/stm32g4xx_hal_tim.c.obj
                0x08001e68                HAL_TIM_PWM_Start_DMA
 .text.HAL_TIM_PWM_Stop_DMA
                0x080022b0      0x1fc CMakeFiles/FOC_SRC_V1.dir/Drivers/STM32G4xx_HAL_Driver/Src/stm32g4xx_hal_tim.c.obj
                0x080022b0                HAL_TIM_PWM_Stop_DMA
 .text.HAL_TIM_IRQHandler
                0x080024ac      0x29e CMakeFiles/FOC_SRC_V1.dir/Drivers/STM32G4xx_HAL_Driver/Src/stm32g4xx_hal_tim.c.obj
                0x080024ac                HAL_TIM_IRQHandler
 *fill*         0x0800274a        0x2 
 .text.HAL_TIM_PWM_ConfigChannel
                0x0800274c      0x228 CMakeFiles/FOC_SRC_V1.dir/Drivers/STM32G4xx_HAL_Driver/Src/stm32g4xx_hal_tim.c.obj
                0x0800274c                HAL_TIM_PWM_ConfigChannel
 .text.HAL_TIM_ConfigClockSource
                0x08002974      0x208 CMakeFiles/FOC_SRC_V1.dir/Drivers/STM32G4xx_HAL_Driver/Src/stm32g4xx_hal_tim.c.obj
                0x08002974                HAL_TIM_ConfigClockSource
 .text.HAL_TIM_OC_DelayElapsedCallback
                0x08002b7c       0x14 CMakeFiles/FOC_SRC_V1.dir/Drivers/STM32G4xx_HAL_Driver/Src/stm32g4xx_hal_tim.c.obj
                0x08002b7c                HAL_TIM_OC_DelayElapsedCallback
 .text.HAL_TIM_IC_CaptureCallback
                0x08002b90       0x14 CMakeFiles/FOC_SRC_V1.dir/Drivers/STM32G4xx_HAL_Driver/Src/stm32g4xx_hal_tim.c.obj
                0x08002b90                HAL_TIM_IC_CaptureCallback
 .text.HAL_TIM_PWM_PulseFinishedHalfCpltCallback
                0x08002ba4       0x14 CMakeFiles/FOC_SRC_V1.dir/Drivers/STM32G4xx_HAL_Driver/Src/stm32g4xx_hal_tim.c.obj
                0x08002ba4                HAL_TIM_PWM_PulseFinishedHalfCpltCallback
 .text.HAL_TIM_TriggerCallback
                0x08002bb8       0x14 CMakeFiles/FOC_SRC_V1.dir/Drivers/STM32G4xx_HAL_Driver/Src/stm32g4xx_hal_tim.c.obj
                0x08002bb8                HAL_TIM_TriggerCallback
 .text.HAL_TIM_ErrorCallback
                0x08002bcc       0x14 CMakeFiles/FOC_SRC_V1.dir/Drivers/STM32G4xx_HAL_Driver/Src/stm32g4xx_hal_tim.c.obj
                0x08002bcc                HAL_TIM_ErrorCallback
 .text.TIM_DMAError
                0x08002be0       0x92 CMakeFiles/FOC_SRC_V1.dir/Drivers/STM32G4xx_HAL_Driver/Src/stm32g4xx_hal_tim.c.obj
                0x08002be0                TIM_DMAError
 .text.TIM_DMADelayPulseCplt
                0x08002c72       0xa8 CMakeFiles/FOC_SRC_V1.dir/Drivers/STM32G4xx_HAL_Driver/Src/stm32g4xx_hal_tim.c.obj
 .text.TIM_DMADelayPulseHalfCplt
                0x08002d1a       0x68 CMakeFiles/FOC_SRC_V1.dir/Drivers/STM32G4xx_HAL_Driver/Src/stm32g4xx_hal_tim.c.obj
                0x08002d1a                TIM_DMADelayPulseHalfCplt
 *fill*         0x08002d82        0x2 
 .text.TIM_Base_SetConfig
                0x08002d84      0x154 CMakeFiles/FOC_SRC_V1.dir/Drivers/STM32G4xx_HAL_Driver/Src/stm32g4xx_hal_tim.c.obj
                0x08002d84                TIM_Base_SetConfig
 .text.TIM_OC1_SetConfig
                0x08002ed8      0x134 CMakeFiles/FOC_SRC_V1.dir/Drivers/STM32G4xx_HAL_Driver/Src/stm32g4xx_hal_tim.c.obj
 .text.TIM_OC2_SetConfig
                0x0800300c      0x128 CMakeFiles/FOC_SRC_V1.dir/Drivers/STM32G4xx_HAL_Driver/Src/stm32g4xx_hal_tim.c.obj
                0x0800300c                TIM_OC2_SetConfig
 .text.TIM_OC3_SetConfig
                0x08003134      0x124 CMakeFiles/FOC_SRC_V1.dir/Drivers/STM32G4xx_HAL_Driver/Src/stm32g4xx_hal_tim.c.obj
 .text.TIM_OC4_SetConfig
                0x08003258      0x128 CMakeFiles/FOC_SRC_V1.dir/Drivers/STM32G4xx_HAL_Driver/Src/stm32g4xx_hal_tim.c.obj
 .text.TIM_OC5_SetConfig
                0x08003380       0xd4 CMakeFiles/FOC_SRC_V1.dir/Drivers/STM32G4xx_HAL_Driver/Src/stm32g4xx_hal_tim.c.obj
 .text.TIM_OC6_SetConfig
                0x08003454       0xd8 CMakeFiles/FOC_SRC_V1.dir/Drivers/STM32G4xx_HAL_Driver/Src/stm32g4xx_hal_tim.c.obj
 .text.TIM_TI1_ConfigInputStage
                0x0800352c       0x5e CMakeFiles/FOC_SRC_V1.dir/Drivers/STM32G4xx_HAL_Driver/Src/stm32g4xx_hal_tim.c.obj
 .text.TIM_TI2_ConfigInputStage
                0x0800358a       0x60 CMakeFiles/FOC_SRC_V1.dir/Drivers/STM32G4xx_HAL_Driver/Src/stm32g4xx_hal_tim.c.obj
 .text.TIM_ITRx_SetConfig
                0x080035ea       0x3a CMakeFiles/FOC_SRC_V1.dir/Drivers/STM32G4xx_HAL_Driver/Src/stm32g4xx_hal_tim.c.obj
 .text.TIM_ETR_SetConfig
                0x08003624       0x40 CMakeFiles/FOC_SRC_V1.dir/Drivers/STM32G4xx_HAL_Driver/Src/stm32g4xx_hal_tim.c.obj
                0x08003624                TIM_ETR_SetConfig
 .text.TIM_CCxChannelCmd
                0x08003664       0x4a CMakeFiles/FOC_SRC_V1.dir/Drivers/STM32G4xx_HAL_Driver/Src/stm32g4xx_hal_tim.c.obj
                0x08003664                TIM_CCxChannelCmd
 *fill*         0x080036ae        0x2 
 .text.HAL_TIMEx_MasterConfigSynchronization
                0x080036b0      0x11c CMakeFiles/FOC_SRC_V1.dir/Drivers/STM32G4xx_HAL_Driver/Src/stm32g4xx_hal_tim_ex.c.obj
                0x080036b0                HAL_TIMEx_MasterConfigSynchronization
 .text.HAL_TIMEx_CommutCallback
                0x080037cc       0x14 CMakeFiles/FOC_SRC_V1.dir/Drivers/STM32G4xx_HAL_Driver/Src/stm32g4xx_hal_tim_ex.c.obj
                0x080037cc                HAL_TIMEx_CommutCallback
 .text.HAL_TIMEx_BreakCallback
                0x080037e0       0x14 CMakeFiles/FOC_SRC_V1.dir/Drivers/STM32G4xx_HAL_Driver/Src/stm32g4xx_hal_tim_ex.c.obj
                0x080037e0                HAL_TIMEx_BreakCallback
 .text.HAL_TIMEx_Break2Callback
                0x080037f4       0x14 CMakeFiles/FOC_SRC_V1.dir/Drivers/STM32G4xx_HAL_Driver/Src/stm32g4xx_hal_tim_ex.c.obj
                0x080037f4                HAL_TIMEx_Break2Callback
 .text.HAL_TIMEx_EncoderIndexCallback
                0x08003808       0x14 CMakeFiles/FOC_SRC_V1.dir/Drivers/STM32G4xx_HAL_Driver/Src/stm32g4xx_hal_tim_ex.c.obj
                0x08003808                HAL_TIMEx_EncoderIndexCallback
 .text.HAL_TIMEx_DirectionChangeCallback
                0x0800381c       0x14 CMakeFiles/FOC_SRC_V1.dir/Drivers/STM32G4xx_HAL_Driver/Src/stm32g4xx_hal_tim_ex.c.obj
                0x0800381c                HAL_TIMEx_DirectionChangeCallback
 .text.HAL_TIMEx_IndexErrorCallback
                0x08003830       0x14 CMakeFiles/FOC_SRC_V1.dir/Drivers/STM32G4xx_HAL_Driver/Src/stm32g4xx_hal_tim_ex.c.obj
                0x08003830                HAL_TIMEx_IndexErrorCallback
 .text.HAL_TIMEx_TransitionErrorCallback
                0x08003844       0x14 CMakeFiles/FOC_SRC_V1.dir/Drivers/STM32G4xx_HAL_Driver/Src/stm32g4xx_hal_tim_ex.c.obj
                0x08003844                HAL_TIMEx_TransitionErrorCallback
 .text.HAL_FDCAN_Init
                0x08003858      0x2b4 CMakeFiles/FOC_SRC_V1.dir/Drivers/STM32G4xx_HAL_Driver/Src/stm32g4xx_hal_fdcan.c.obj
                0x08003858                HAL_FDCAN_Init
 .text.HAL_FDCAN_ConfigFilter
                0x08003b0c       0xb4 CMakeFiles/FOC_SRC_V1.dir/Drivers/STM32G4xx_HAL_Driver/Src/stm32g4xx_hal_fdcan.c.obj
                0x08003b0c                HAL_FDCAN_ConfigFilter
 .text.HAL_FDCAN_ConfigGlobalFilter
                0x08003bc0       0x62 CMakeFiles/FOC_SRC_V1.dir/Drivers/STM32G4xx_HAL_Driver/Src/stm32g4xx_hal_fdcan.c.obj
                0x08003bc0                HAL_FDCAN_ConfigGlobalFilter
 .text.HAL_FDCAN_ConfigTxDelayCompensation
                0x08003c22       0x44 CMakeFiles/FOC_SRC_V1.dir/Drivers/STM32G4xx_HAL_Driver/Src/stm32g4xx_hal_fdcan.c.obj
                0x08003c22                HAL_FDCAN_ConfigTxDelayCompensation
 .text.HAL_FDCAN_EnableTxDelayCompensation
                0x08003c66       0x42 CMakeFiles/FOC_SRC_V1.dir/Drivers/STM32G4xx_HAL_Driver/Src/stm32g4xx_hal_fdcan.c.obj
                0x08003c66                HAL_FDCAN_EnableTxDelayCompensation
 .text.HAL_FDCAN_Start
                0x08003ca8       0x50 CMakeFiles/FOC_SRC_V1.dir/Drivers/STM32G4xx_HAL_Driver/Src/stm32g4xx_hal_fdcan.c.obj
                0x08003ca8                HAL_FDCAN_Start
 .text.HAL_FDCAN_AddMessageToTxFifoQ
                0x08003cf8       0x88 CMakeFiles/FOC_SRC_V1.dir/Drivers/STM32G4xx_HAL_Driver/Src/stm32g4xx_hal_fdcan.c.obj
                0x08003cf8                HAL_FDCAN_AddMessageToTxFifoQ
 .text.HAL_FDCAN_GetRxMessage
                0x08003d80      0x210 CMakeFiles/FOC_SRC_V1.dir/Drivers/STM32G4xx_HAL_Driver/Src/stm32g4xx_hal_fdcan.c.obj
                0x08003d80                HAL_FDCAN_GetRxMessage
 .text.HAL_FDCAN_ActivateNotification
                0x08003f90      0x1cc CMakeFiles/FOC_SRC_V1.dir/Drivers/STM32G4xx_HAL_Driver/Src/stm32g4xx_hal_fdcan.c.obj
                0x08003f90                HAL_FDCAN_ActivateNotification
 .text.HAL_FDCAN_IRQHandler
                0x0800415c      0x266 CMakeFiles/FOC_SRC_V1.dir/Drivers/STM32G4xx_HAL_Driver/Src/stm32g4xx_hal_fdcan.c.obj
                0x0800415c                HAL_FDCAN_IRQHandler
 .text.HAL_FDCAN_TxEventFifoCallback
                0x080043c2       0x16 CMakeFiles/FOC_SRC_V1.dir/Drivers/STM32G4xx_HAL_Driver/Src/stm32g4xx_hal_fdcan.c.obj
                0x080043c2                HAL_FDCAN_TxEventFifoCallback
 .text.HAL_FDCAN_RxFifo1Callback
                0x080043d8       0x16 CMakeFiles/FOC_SRC_V1.dir/Drivers/STM32G4xx_HAL_Driver/Src/stm32g4xx_hal_fdcan.c.obj
                0x080043d8                HAL_FDCAN_RxFifo1Callback
 .text.HAL_FDCAN_TxFifoEmptyCallback
                0x080043ee       0x14 CMakeFiles/FOC_SRC_V1.dir/Drivers/STM32G4xx_HAL_Driver/Src/stm32g4xx_hal_fdcan.c.obj
                0x080043ee                HAL_FDCAN_TxFifoEmptyCallback
 .text.HAL_FDCAN_TxBufferCompleteCallback
                0x08004402       0x16 CMakeFiles/FOC_SRC_V1.dir/Drivers/STM32G4xx_HAL_Driver/Src/stm32g4xx_hal_fdcan.c.obj
                0x08004402                HAL_FDCAN_TxBufferCompleteCallback
 .text.HAL_FDCAN_TxBufferAbortCallback
                0x08004418       0x16 CMakeFiles/FOC_SRC_V1.dir/Drivers/STM32G4xx_HAL_Driver/Src/stm32g4xx_hal_fdcan.c.obj
                0x08004418                HAL_FDCAN_TxBufferAbortCallback
 .text.HAL_FDCAN_TimestampWraparoundCallback
                0x0800442e       0x14 CMakeFiles/FOC_SRC_V1.dir/Drivers/STM32G4xx_HAL_Driver/Src/stm32g4xx_hal_fdcan.c.obj
                0x0800442e                HAL_FDCAN_TimestampWraparoundCallback
 .text.HAL_FDCAN_TimeoutOccurredCallback
                0x08004442       0x14 CMakeFiles/FOC_SRC_V1.dir/Drivers/STM32G4xx_HAL_Driver/Src/stm32g4xx_hal_fdcan.c.obj
                0x08004442                HAL_FDCAN_TimeoutOccurredCallback
 .text.HAL_FDCAN_HighPriorityMessageCallback
                0x08004456       0x14 CMakeFiles/FOC_SRC_V1.dir/Drivers/STM32G4xx_HAL_Driver/Src/stm32g4xx_hal_fdcan.c.obj
                0x08004456                HAL_FDCAN_HighPriorityMessageCallback
 .text.HAL_FDCAN_ErrorCallback
                0x0800446a       0x14 CMakeFiles/FOC_SRC_V1.dir/Drivers/STM32G4xx_HAL_Driver/Src/stm32g4xx_hal_fdcan.c.obj
                0x0800446a                HAL_FDCAN_ErrorCallback
 .text.HAL_FDCAN_ErrorStatusCallback
                0x0800447e       0x16 CMakeFiles/FOC_SRC_V1.dir/Drivers/STM32G4xx_HAL_Driver/Src/stm32g4xx_hal_fdcan.c.obj
                0x0800447e                HAL_FDCAN_ErrorStatusCallback
 .text.FDCAN_CalcultateRamBlockAddresses
                0x08004494       0xc4 CMakeFiles/FOC_SRC_V1.dir/Drivers/STM32G4xx_HAL_Driver/Src/stm32g4xx_hal_fdcan.c.obj
 .text.FDCAN_CopyMessageToRAM
                0x08004558       0xf8 CMakeFiles/FOC_SRC_V1.dir/Drivers/STM32G4xx_HAL_Driver/Src/stm32g4xx_hal_fdcan.c.obj
 .text.HAL_Init
                0x08004650       0x30 CMakeFiles/FOC_SRC_V1.dir/Drivers/STM32G4xx_HAL_Driver/Src/stm32g4xx_hal.c.obj
                0x08004650                HAL_Init
 .text.HAL_IncTick
                0x08004680       0x24 CMakeFiles/FOC_SRC_V1.dir/Drivers/STM32G4xx_HAL_Driver/Src/stm32g4xx_hal.c.obj
                0x08004680                HAL_IncTick
 .text.HAL_GetTick
                0x080046a4       0x18 CMakeFiles/FOC_SRC_V1.dir/Drivers/STM32G4xx_HAL_Driver/Src/stm32g4xx_hal.c.obj
                0x080046a4                HAL_GetTick
 .text.HAL_RCC_OscConfig
                0x080046bc      0x624 CMakeFiles/FOC_SRC_V1.dir/Drivers/STM32G4xx_HAL_Driver/Src/stm32g4xx_hal_rcc.c.obj
                0x080046bc                HAL_RCC_OscConfig
 .text.HAL_RCC_ClockConfig
                0x08004ce0      0x278 CMakeFiles/FOC_SRC_V1.dir/Drivers/STM32G4xx_HAL_Driver/Src/stm32g4xx_hal_rcc.c.obj
                0x08004ce0                HAL_RCC_ClockConfig
 .text.HAL_RCC_GetSysClockFreq
                0x08004f58       0xc4 CMakeFiles/FOC_SRC_V1.dir/Drivers/STM32G4xx_HAL_Driver/Src/stm32g4xx_hal_rcc.c.obj
                0x08004f58                HAL_RCC_GetSysClockFreq
 .text.HAL_RCC_GetHCLKFreq
                0x0800501c       0x18 CMakeFiles/FOC_SRC_V1.dir/Drivers/STM32G4xx_HAL_Driver/Src/stm32g4xx_hal_rcc.c.obj
                0x0800501c                HAL_RCC_GetHCLKFreq
 .text.HAL_RCC_GetPCLK2Freq
                0x08005034       0x2c CMakeFiles/FOC_SRC_V1.dir/Drivers/STM32G4xx_HAL_Driver/Src/stm32g4xx_hal_rcc.c.obj
                0x08005034                HAL_RCC_GetPCLK2Freq
 .text.HAL_RCC_GetClockConfig
                0x08005060       0x64 CMakeFiles/FOC_SRC_V1.dir/Drivers/STM32G4xx_HAL_Driver/Src/stm32g4xx_hal_rcc.c.obj
                0x08005060                HAL_RCC_GetClockConfig
 .text.RCC_GetSysClockFreqFromPLLSource
                0x080050c4       0x8c CMakeFiles/FOC_SRC_V1.dir/Drivers/STM32G4xx_HAL_Driver/Src/stm32g4xx_hal_rcc.c.obj
 .text.HAL_RCCEx_PeriphCLKConfig
                0x08005150      0x478 CMakeFiles/FOC_SRC_V1.dir/Drivers/STM32G4xx_HAL_Driver/Src/stm32g4xx_hal_rcc_ex.c.obj
                0x08005150                HAL_RCCEx_PeriphCLKConfig
 .text.HAL_GPIO_Init
                0x080055c8      0x304 CMakeFiles/FOC_SRC_V1.dir/Drivers/STM32G4xx_HAL_Driver/Src/stm32g4xx_hal_gpio.c.obj
                0x080055c8                HAL_GPIO_Init
 .text.HAL_GPIO_WritePin
                0x080058cc       0x30 CMakeFiles/FOC_SRC_V1.dir/Drivers/STM32G4xx_HAL_Driver/Src/stm32g4xx_hal_gpio.c.obj
                0x080058cc                HAL_GPIO_WritePin
 .text.HAL_GPIO_EXTI_IRQHandler
                0x080058fc       0x30 CMakeFiles/FOC_SRC_V1.dir/Drivers/STM32G4xx_HAL_Driver/Src/stm32g4xx_hal_gpio.c.obj
                0x080058fc                HAL_GPIO_EXTI_IRQHandler
 .text.HAL_DMA_Init
                0x0800592c      0x150 CMakeFiles/FOC_SRC_V1.dir/Drivers/STM32G4xx_HAL_Driver/Src/stm32g4xx_hal_dma.c.obj
                0x0800592c                HAL_DMA_Init
 .text.HAL_DMA_Start_IT
                0x08005a7c       0xf6 CMakeFiles/FOC_SRC_V1.dir/Drivers/STM32G4xx_HAL_Driver/Src/stm32g4xx_hal_dma.c.obj
                0x08005a7c                HAL_DMA_Start_IT
 .text.HAL_DMA_Abort_IT
                0x08005b72       0xce CMakeFiles/FOC_SRC_V1.dir/Drivers/STM32G4xx_HAL_Driver/Src/stm32g4xx_hal_dma.c.obj
                0x08005b72                HAL_DMA_Abort_IT
 .text.HAL_DMA_IRQHandler
                0x08005c40      0x15e CMakeFiles/FOC_SRC_V1.dir/Drivers/STM32G4xx_HAL_Driver/Src/stm32g4xx_hal_dma.c.obj
                0x08005c40                HAL_DMA_IRQHandler
 .text.DMA_SetConfig
                0x08005d9e       0x7c CMakeFiles/FOC_SRC_V1.dir/Drivers/STM32G4xx_HAL_Driver/Src/stm32g4xx_hal_dma.c.obj
 *fill*         0x08005e1a        0x2 
 .text.DMA_CalcDMAMUXChannelBaseAndMask
                0x08005e1c       0x7c CMakeFiles/FOC_SRC_V1.dir/Drivers/STM32G4xx_HAL_Driver/Src/stm32g4xx_hal_dma.c.obj
 .text.DMA_CalcDMAMUXRequestGenBaseAndMask
                0x08005e98       0x48 CMakeFiles/FOC_SRC_V1.dir/Drivers/STM32G4xx_HAL_Driver/Src/stm32g4xx_hal_dma.c.obj
 .text.HAL_PWREx_ControlVoltageScaling
                0x08005ee0      0x148 CMakeFiles/FOC_SRC_V1.dir/Drivers/STM32G4xx_HAL_Driver/Src/stm32g4xx_hal_pwr_ex.c.obj
                0x08005ee0                HAL_PWREx_ControlVoltageScaling
 .text.HAL_PWREx_DisableUCPDDeadBattery
                0x08006028       0x20 CMakeFiles/FOC_SRC_V1.dir/Drivers/STM32G4xx_HAL_Driver/Src/stm32g4xx_hal_pwr_ex.c.obj
                0x08006028                HAL_PWREx_DisableUCPDDeadBattery
 .text.__NVIC_SetPriorityGrouping
                0x08006048       0x48 CMakeFiles/FOC_SRC_V1.dir/Drivers/STM32G4xx_HAL_Driver/Src/stm32g4xx_hal_cortex.c.obj
 .text.__NVIC_GetPriorityGrouping
                0x08006090       0x1c CMakeFiles/FOC_SRC_V1.dir/Drivers/STM32G4xx_HAL_Driver/Src/stm32g4xx_hal_cortex.c.obj
 .text.__NVIC_EnableIRQ
                0x080060ac       0x3c CMakeFiles/FOC_SRC_V1.dir/Drivers/STM32G4xx_HAL_Driver/Src/stm32g4xx_hal_cortex.c.obj
 .text.__NVIC_SetPriority
                0x080060e8       0x54 CMakeFiles/FOC_SRC_V1.dir/Drivers/STM32G4xx_HAL_Driver/Src/stm32g4xx_hal_cortex.c.obj
 .text.NVIC_EncodePriority
                0x0800613c       0x66 CMakeFiles/FOC_SRC_V1.dir/Drivers/STM32G4xx_HAL_Driver/Src/stm32g4xx_hal_cortex.c.obj
 .text.HAL_NVIC_SetPriorityGrouping
                0x080061a2       0x16 CMakeFiles/FOC_SRC_V1.dir/Drivers/STM32G4xx_HAL_Driver/Src/stm32g4xx_hal_cortex.c.obj
                0x080061a2                HAL_NVIC_SetPriorityGrouping
 .text.HAL_NVIC_SetPriority
                0x080061b8       0x34 CMakeFiles/FOC_SRC_V1.dir/Drivers/STM32G4xx_HAL_Driver/Src/stm32g4xx_hal_cortex.c.obj
                0x080061b8                HAL_NVIC_SetPriority
 .text.HAL_NVIC_EnableIRQ
                0x080061ec       0x1c CMakeFiles/FOC_SRC_V1.dir/Drivers/STM32G4xx_HAL_Driver/Src/stm32g4xx_hal_cortex.c.obj
                0x080061ec                HAL_NVIC_EnableIRQ
 .text.HAL_SPI_Init
                0x08006208      0x156 CMakeFiles/FOC_SRC_V1.dir/Drivers/STM32G4xx_HAL_Driver/Src/stm32g4xx_hal_spi.c.obj
                0x08006208                HAL_SPI_Init
 *fill*         0x0800635e        0x2 
 .text.SystemInit
                0x08006360       0x24 CMakeFiles/FOC_SRC_V1.dir/Core/Src/system_stm32g4xx.c.obj
                0x08006360                SystemInit
 .text.vListInitialise
                0x08006384       0x40 CMakeFiles/FOC_SRC_V1.dir/Middlewares/Third_Party/FreeRTOS/Source/list.c.obj
                0x08006384                vListInitialise
 .text.vListInitialiseItem
                0x080063c4       0x1a CMakeFiles/FOC_SRC_V1.dir/Middlewares/Third_Party/FreeRTOS/Source/list.c.obj
                0x080063c4                vListInitialiseItem
 .text.vListInsertEnd
                0x080063de       0x48 CMakeFiles/FOC_SRC_V1.dir/Middlewares/Third_Party/FreeRTOS/Source/list.c.obj
                0x080063de                vListInsertEnd
 .text.vListInsert
                0x08006426       0x72 CMakeFiles/FOC_SRC_V1.dir/Middlewares/Third_Party/FreeRTOS/Source/list.c.obj
                0x08006426                vListInsert
 .text.uxListRemove
                0x08006498       0x54 CMakeFiles/FOC_SRC_V1.dir/Middlewares/Third_Party/FreeRTOS/Source/list.c.obj
                0x08006498                uxListRemove
 .text.xQueueGenericReset
                0x080064ec       0xd4 CMakeFiles/FOC_SRC_V1.dir/Middlewares/Third_Party/FreeRTOS/Source/queue.c.obj
                0x080064ec                xQueueGenericReset
 .text.xQueueGenericCreateStatic
                0x080065c0       0xfa CMakeFiles/FOC_SRC_V1.dir/Middlewares/Third_Party/FreeRTOS/Source/queue.c.obj
                0x080065c0                xQueueGenericCreateStatic
 .text.xQueueGenericCreate
                0x080066ba       0x76 CMakeFiles/FOC_SRC_V1.dir/Middlewares/Third_Party/FreeRTOS/Source/queue.c.obj
                0x080066ba                xQueueGenericCreate
 .text.prvInitialiseNewQueue
                0x08006730       0x46 CMakeFiles/FOC_SRC_V1.dir/Middlewares/Third_Party/FreeRTOS/Source/queue.c.obj
 .text.xQueueCreateCountingSemaphoreStatic
                0x08006776       0x72 CMakeFiles/FOC_SRC_V1.dir/Middlewares/Third_Party/FreeRTOS/Source/queue.c.obj
                0x08006776                xQueueCreateCountingSemaphoreStatic
 .text.xQueueCreateCountingSemaphore
                0x080067e8       0x6a CMakeFiles/FOC_SRC_V1.dir/Middlewares/Third_Party/FreeRTOS/Source/queue.c.obj
                0x080067e8                xQueueCreateCountingSemaphore
 *fill*         0x08006852        0x2 
 .text.xQueueGenericSend
                0x08006854      0x204 CMakeFiles/FOC_SRC_V1.dir/Middlewares/Third_Party/FreeRTOS/Source/queue.c.obj
                0x08006854                xQueueGenericSend
 .text.xQueueGenericSendFromISR
                0x08006a58      0x13c CMakeFiles/FOC_SRC_V1.dir/Middlewares/Third_Party/FreeRTOS/Source/queue.c.obj
                0x08006a58                xQueueGenericSendFromISR
 .text.xQueueReceive
                0x08006b94      0x1c4 CMakeFiles/FOC_SRC_V1.dir/Middlewares/Third_Party/FreeRTOS/Source/queue.c.obj
                0x08006b94                xQueueReceive
 .text.xQueueReceiveFromISR
                0x08006d58      0x104 CMakeFiles/FOC_SRC_V1.dir/Middlewares/Third_Party/FreeRTOS/Source/queue.c.obj
                0x08006d58                xQueueReceiveFromISR
 .text.vQueueDelete
                0x08006e5c       0x48 CMakeFiles/FOC_SRC_V1.dir/Middlewares/Third_Party/FreeRTOS/Source/queue.c.obj
                0x08006e5c                vQueueDelete
 .text.prvCopyDataToQueue
                0x08006ea4       0xd4 CMakeFiles/FOC_SRC_V1.dir/Middlewares/Third_Party/FreeRTOS/Source/queue.c.obj
 .text.prvCopyDataFromQueue
                0x08006f78       0x4c CMakeFiles/FOC_SRC_V1.dir/Middlewares/Third_Party/FreeRTOS/Source/queue.c.obj
 .text.prvUnlockQueue
                0x08006fc4       0xa4 CMakeFiles/FOC_SRC_V1.dir/Middlewares/Third_Party/FreeRTOS/Source/queue.c.obj
 .text.prvIsQueueEmpty
                0x08007068       0x2c CMakeFiles/FOC_SRC_V1.dir/Middlewares/Third_Party/FreeRTOS/Source/queue.c.obj
 .text.prvIsQueueFull
                0x08007094       0x30 CMakeFiles/FOC_SRC_V1.dir/Middlewares/Third_Party/FreeRTOS/Source/queue.c.obj
 .text.vQueueAddToRegistry
                0x080070c4       0x54 CMakeFiles/FOC_SRC_V1.dir/Middlewares/Third_Party/FreeRTOS/Source/queue.c.obj
                0x080070c4                vQueueAddToRegistry
 .text.vQueueUnregisterQueue
                0x08007118       0x54 CMakeFiles/FOC_SRC_V1.dir/Middlewares/Third_Party/FreeRTOS/Source/queue.c.obj
                0x08007118                vQueueUnregisterQueue
 .text.vQueueWaitForMessageRestricted
                0x0800716c       0x68 CMakeFiles/FOC_SRC_V1.dir/Middlewares/Third_Party/FreeRTOS/Source/queue.c.obj
                0x0800716c                vQueueWaitForMessageRestricted
 .text.xTaskCreateStatic
                0x080071d4       0xc4 CMakeFiles/FOC_SRC_V1.dir/Middlewares/Third_Party/FreeRTOS/Source/tasks.c.obj
                0x080071d4                xTaskCreateStatic
 .text.xTaskCreate
                0x08007298       0x8c CMakeFiles/FOC_SRC_V1.dir/Middlewares/Third_Party/FreeRTOS/Source/tasks.c.obj
                0x08007298                xTaskCreate
 .text.prvInitialiseNewTask
                0x08007324      0x1a0 CMakeFiles/FOC_SRC_V1.dir/Middlewares/Third_Party/FreeRTOS/Source/tasks.c.obj
 .text.prvAddNewTaskToReadyList
                0x080074c4       0xe0 CMakeFiles/FOC_SRC_V1.dir/Middlewares/Third_Party/FreeRTOS/Source/tasks.c.obj
 .text.vTaskDelay
                0x080075a4       0x6c CMakeFiles/FOC_SRC_V1.dir/Middlewares/Third_Party/FreeRTOS/Source/tasks.c.obj
                0x080075a4                vTaskDelay
 .text.vTaskStartScheduler
                0x08007610       0xe0 CMakeFiles/FOC_SRC_V1.dir/Middlewares/Third_Party/FreeRTOS/Source/tasks.c.obj
                0x08007610                vTaskStartScheduler
 .text.vTaskSuspendAll
                0x080076f0       0x1c CMakeFiles/FOC_SRC_V1.dir/Middlewares/Third_Party/FreeRTOS/Source/tasks.c.obj
                0x080076f0                vTaskSuspendAll
 .text.xTaskResumeAll
                0x0800770c      0x13c CMakeFiles/FOC_SRC_V1.dir/Middlewares/Third_Party/FreeRTOS/Source/tasks.c.obj
                0x0800770c                xTaskResumeAll
 .text.xTaskGetTickCount
                0x08007848       0x20 CMakeFiles/FOC_SRC_V1.dir/Middlewares/Third_Party/FreeRTOS/Source/tasks.c.obj
                0x08007848                xTaskGetTickCount
 .text.xTaskGetTickCountFromISR
                0x08007868       0x24 CMakeFiles/FOC_SRC_V1.dir/Middlewares/Third_Party/FreeRTOS/Source/tasks.c.obj
                0x08007868                xTaskGetTickCountFromISR
 .text.xTaskIncrementTick
                0x0800788c      0x174 CMakeFiles/FOC_SRC_V1.dir/Middlewares/Third_Party/FreeRTOS/Source/tasks.c.obj
                0x0800788c                xTaskIncrementTick
 .text.vTaskSwitchContext
                0x08007a00       0xcc CMakeFiles/FOC_SRC_V1.dir/Middlewares/Third_Party/FreeRTOS/Source/tasks.c.obj
                0x08007a00                vTaskSwitchContext
 .text.vTaskPlaceOnEventList
                0x08007acc       0x4c CMakeFiles/FOC_SRC_V1.dir/Middlewares/Third_Party/FreeRTOS/Source/tasks.c.obj
                0x08007acc                vTaskPlaceOnEventList
 .text.vTaskPlaceOnEventListRestricted
                0x08007b18       0x58 CMakeFiles/FOC_SRC_V1.dir/Middlewares/Third_Party/FreeRTOS/Source/tasks.c.obj
                0x08007b18                vTaskPlaceOnEventListRestricted
 .text.xTaskRemoveFromEventList
                0x08007b70       0xc8 CMakeFiles/FOC_SRC_V1.dir/Middlewares/Third_Party/FreeRTOS/Source/tasks.c.obj
                0x08007b70                xTaskRemoveFromEventList
 .text.vTaskInternalSetTimeOutState
                0x08007c38       0x2c CMakeFiles/FOC_SRC_V1.dir/Middlewares/Third_Party/FreeRTOS/Source/tasks.c.obj
                0x08007c38                vTaskInternalSetTimeOutState
 .text.xTaskCheckForTimeOut
                0x08007c64       0xc8 CMakeFiles/FOC_SRC_V1.dir/Middlewares/Third_Party/FreeRTOS/Source/tasks.c.obj
                0x08007c64                xTaskCheckForTimeOut
 .text.vTaskMissedYield
                0x08007d2c       0x18 CMakeFiles/FOC_SRC_V1.dir/Middlewares/Third_Party/FreeRTOS/Source/tasks.c.obj
                0x08007d2c                vTaskMissedYield
 .text.prvIdleTask
                0x08007d44       0x30 CMakeFiles/FOC_SRC_V1.dir/Middlewares/Third_Party/FreeRTOS/Source/tasks.c.obj
 .text.prvInitialiseTaskLists
                0x08007d74       0x80 CMakeFiles/FOC_SRC_V1.dir/Middlewares/Third_Party/FreeRTOS/Source/tasks.c.obj
 .text.prvCheckTasksWaitingTermination
                0x08007df4       0x5c CMakeFiles/FOC_SRC_V1.dir/Middlewares/Third_Party/FreeRTOS/Source/tasks.c.obj
 .text.prvDeleteTCB
                0x08007e50       0x6a CMakeFiles/FOC_SRC_V1.dir/Middlewares/Third_Party/FreeRTOS/Source/tasks.c.obj
 *fill*         0x08007eba        0x2 
 .text.prvResetNextTaskUnblockTime
                0x08007ebc       0x40 CMakeFiles/FOC_SRC_V1.dir/Middlewares/Third_Party/FreeRTOS/Source/tasks.c.obj
 .text.xTaskGetSchedulerState
                0x08007efc       0x3c CMakeFiles/FOC_SRC_V1.dir/Middlewares/Third_Party/FreeRTOS/Source/tasks.c.obj
                0x08007efc                xTaskGetSchedulerState
 .text.xTaskPriorityDisinherit
                0x08007f38       0xe0 CMakeFiles/FOC_SRC_V1.dir/Middlewares/Third_Party/FreeRTOS/Source/tasks.c.obj
                0x08007f38                xTaskPriorityDisinherit
 .text.prvAddCurrentTaskToDelayedList
                0x08008018       0xa8 CMakeFiles/FOC_SRC_V1.dir/Middlewares/Third_Party/FreeRTOS/Source/tasks.c.obj
 .text.xTimerCreateTimerTask
                0x080080c0       0x94 CMakeFiles/FOC_SRC_V1.dir/Middlewares/Third_Party/FreeRTOS/Source/timers.c.obj
                0x080080c0                xTimerCreateTimerTask
 .text.xTimerGenericCommand
                0x08008154       0x9c CMakeFiles/FOC_SRC_V1.dir/Middlewares/Third_Party/FreeRTOS/Source/timers.c.obj
                0x08008154                xTimerGenericCommand
 .text.prvProcessExpiredTimer
                0x080081f0       0x9c CMakeFiles/FOC_SRC_V1.dir/Middlewares/Third_Party/FreeRTOS/Source/timers.c.obj
 .text.prvTimerTask
                0x0800828c       0x26 CMakeFiles/FOC_SRC_V1.dir/Middlewares/Third_Party/FreeRTOS/Source/timers.c.obj
 *fill*         0x080082b2        0x2 
 .text.prvProcessTimerOrBlockTask
                0x080082b4       0x9c CMakeFiles/FOC_SRC_V1.dir/Middlewares/Third_Party/FreeRTOS/Source/timers.c.obj
 .text.prvGetNextExpireTime
                0x08008350       0x48 CMakeFiles/FOC_SRC_V1.dir/Middlewares/Third_Party/FreeRTOS/Source/timers.c.obj
 .text.prvSampleTimeNow
                0x08008398       0x40 CMakeFiles/FOC_SRC_V1.dir/Middlewares/Third_Party/FreeRTOS/Source/timers.c.obj
 .text.prvInsertTimerInActiveList
                0x080083d8       0x84 CMakeFiles/FOC_SRC_V1.dir/Middlewares/Third_Party/FreeRTOS/Source/timers.c.obj
 .text.prvProcessReceivedCommands
                0x0800845c      0x1cc CMakeFiles/FOC_SRC_V1.dir/Middlewares/Third_Party/FreeRTOS/Source/timers.c.obj
 .text.prvSwitchTimerLists
                0x08008628       0xcc CMakeFiles/FOC_SRC_V1.dir/Middlewares/Third_Party/FreeRTOS/Source/timers.c.obj
 .text.prvCheckForValidListAndQueue
                0x080086f4       0x80 CMakeFiles/FOC_SRC_V1.dir/Middlewares/Third_Party/FreeRTOS/Source/timers.c.obj
 .text.__NVIC_SetPriority
                0x08008774       0x54 CMakeFiles/FOC_SRC_V1.dir/Middlewares/Third_Party/FreeRTOS/Source/CMSIS_RTOS_V2/cmsis_os2.c.obj
 .text.SysTick_Handler
                0x080087c8       0x20 CMakeFiles/FOC_SRC_V1.dir/Middlewares/Third_Party/FreeRTOS/Source/CMSIS_RTOS_V2/cmsis_os2.c.obj
                0x080087c8                SysTick_Handler
 .text.SVC_Setup
                0x080087e8       0x12 CMakeFiles/FOC_SRC_V1.dir/Middlewares/Third_Party/FreeRTOS/Source/CMSIS_RTOS_V2/cmsis_os2.c.obj
 *fill*         0x080087fa        0x2 
 .text.osKernelInitialize
                0x080087fc       0x48 CMakeFiles/FOC_SRC_V1.dir/Middlewares/Third_Party/FreeRTOS/Source/CMSIS_RTOS_V2/cmsis_os2.c.obj
                0x080087fc                osKernelInitialize
 .text.osKernelStart
                0x08008844       0x4c CMakeFiles/FOC_SRC_V1.dir/Middlewares/Third_Party/FreeRTOS/Source/CMSIS_RTOS_V2/cmsis_os2.c.obj
                0x08008844                osKernelStart
 .text.osKernelGetTickCount
                0x08008890       0x2a CMakeFiles/FOC_SRC_V1.dir/Middlewares/Third_Party/FreeRTOS/Source/CMSIS_RTOS_V2/cmsis_os2.c.obj
                0x08008890                osKernelGetTickCount
 .text.osThreadNew
                0x080088ba      0x126 CMakeFiles/FOC_SRC_V1.dir/Middlewares/Third_Party/FreeRTOS/Source/CMSIS_RTOS_V2/cmsis_os2.c.obj
                0x080088ba                osThreadNew
 .text.osDelay  0x080089e0       0x36 CMakeFiles/FOC_SRC_V1.dir/Middlewares/Third_Party/FreeRTOS/Source/CMSIS_RTOS_V2/cmsis_os2.c.obj
                0x080089e0                osDelay
 .text.osSemaphoreNew
                0x08008a16      0x112 CMakeFiles/FOC_SRC_V1.dir/Middlewares/Third_Party/FreeRTOS/Source/CMSIS_RTOS_V2/cmsis_os2.c.obj
                0x08008a16                osSemaphoreNew
 .text.osMessageQueueNew
                0x08008b28       0xe6 CMakeFiles/FOC_SRC_V1.dir/Middlewares/Third_Party/FreeRTOS/Source/CMSIS_RTOS_V2/cmsis_os2.c.obj
                0x08008b28                osMessageQueueNew
 *fill*         0x08008c0e        0x2 
 .text.osMessageQueuePut
                0x08008c10       0xc0 CMakeFiles/FOC_SRC_V1.dir/Middlewares/Third_Party/FreeRTOS/Source/CMSIS_RTOS_V2/cmsis_os2.c.obj
                0x08008c10                osMessageQueuePut
 .text.osMessageQueueGet
                0x08008cd0       0xbc CMakeFiles/FOC_SRC_V1.dir/Middlewares/Third_Party/FreeRTOS/Source/CMSIS_RTOS_V2/cmsis_os2.c.obj
                0x08008cd0                osMessageQueueGet
 .text.vApplicationGetIdleTaskMemory
                0x08008d8c       0x34 CMakeFiles/FOC_SRC_V1.dir/Middlewares/Third_Party/FreeRTOS/Source/CMSIS_RTOS_V2/cmsis_os2.c.obj
                0x08008d8c                vApplicationGetIdleTaskMemory
 .text.vApplicationGetTimerTaskMemory
                0x08008dc0       0x34 CMakeFiles/FOC_SRC_V1.dir/Middlewares/Third_Party/FreeRTOS/Source/CMSIS_RTOS_V2/cmsis_os2.c.obj
                0x08008dc0                vApplicationGetTimerTaskMemory
 .text.pvPortMalloc
                0x08008df4      0x19c CMakeFiles/FOC_SRC_V1.dir/Middlewares/Third_Party/FreeRTOS/Source/portable/MemMang/heap_4.c.obj
                0x08008df4                pvPortMalloc
 .text.vPortFree
                0x08008f90       0xc8 CMakeFiles/FOC_SRC_V1.dir/Middlewares/Third_Party/FreeRTOS/Source/portable/MemMang/heap_4.c.obj
                0x08008f90                vPortFree
 .text.prvHeapInit
                0x08009058       0xc4 CMakeFiles/FOC_SRC_V1.dir/Middlewares/Third_Party/FreeRTOS/Source/portable/MemMang/heap_4.c.obj
 .text.prvInsertBlockIntoFreeList
                0x0800911c       0xb4 CMakeFiles/FOC_SRC_V1.dir/Middlewares/Third_Party/FreeRTOS/Source/portable/MemMang/heap_4.c.obj
 .text.pxPortInitialiseStack
                0x080091d0       0x68 CMakeFiles/FOC_SRC_V1.dir/Middlewares/Third_Party/FreeRTOS/Source/portable/GCC/ARM_CM4F/port.c.obj
                0x080091d0                pxPortInitialiseStack
 .text.prvTaskExitError
                0x08009238       0x5c CMakeFiles/FOC_SRC_V1.dir/Middlewares/Third_Party/FreeRTOS/Source/portable/GCC/ARM_CM4F/port.c.obj
 *fill*         0x08009294        0xc 
 .text.SVC_Handler
                0x080092a0       0x28 CMakeFiles/FOC_SRC_V1.dir/Middlewares/Third_Party/FreeRTOS/Source/portable/GCC/ARM_CM4F/port.c.obj
                0x080092a0                SVC_Handler
 .text.prvPortStartFirstTask
                0x080092c8       0x28 CMakeFiles/FOC_SRC_V1.dir/Middlewares/Third_Party/FreeRTOS/Source/portable/GCC/ARM_CM4F/port.c.obj
 .text.xPortStartScheduler
                0x080092f0      0x148 CMakeFiles/FOC_SRC_V1.dir/Middlewares/Third_Party/FreeRTOS/Source/portable/GCC/ARM_CM4F/port.c.obj
                0x080092f0                xPortStartScheduler
 .text.vPortEnterCritical
                0x08009438       0x64 CMakeFiles/FOC_SRC_V1.dir/Middlewares/Third_Party/FreeRTOS/Source/portable/GCC/ARM_CM4F/port.c.obj
                0x08009438                vPortEnterCritical
 .text.vPortExitCritical
                0x0800949c       0x54 CMakeFiles/FOC_SRC_V1.dir/Middlewares/Third_Party/FreeRTOS/Source/portable/GCC/ARM_CM4F/port.c.obj
                0x0800949c                vPortExitCritical
 .text.PendSV_Handler
                0x080094f0       0x68 CMakeFiles/FOC_SRC_V1.dir/Middlewares/Third_Party/FreeRTOS/Source/portable/GCC/ARM_CM4F/port.c.obj
                0x080094f0                PendSV_Handler
 .text.xPortSysTickHandler
                0x08009558       0x44 CMakeFiles/FOC_SRC_V1.dir/Middlewares/Third_Party/FreeRTOS/Source/portable/GCC/ARM_CM4F/port.c.obj
                0x08009558                xPortSysTickHandler
 .text.vPortSetupTimerInterrupt
                0x0800959c       0x48 CMakeFiles/FOC_SRC_V1.dir/Middlewares/Third_Party/FreeRTOS/Source/portable/GCC/ARM_CM4F/port.c.obj
                0x0800959c                vPortSetupTimerInterrupt
 .text.vPortEnableVFP
                0x080095e4       0x14 CMakeFiles/FOC_SRC_V1.dir/Middlewares/Third_Party/FreeRTOS/Source/portable/GCC/ARM_CM4F/port.c.obj
 .text.vPortValidateInterruptPriority
                0x080095f8       0x84 CMakeFiles/FOC_SRC_V1.dir/Middlewares/Third_Party/FreeRTOS/Source/portable/GCC/ARM_CM4F/port.c.obj
                0x080095f8                vPortValidateInterruptPriority
 .text.Reset_Handler
                0x0800967c       0x50 CMakeFiles/FOC_SRC_V1.dir/startup_stm32g491xx.s.obj
                0x0800967c                Reset_Handler
 .text.Default_Handler
                0x080096cc        0x2 CMakeFiles/FOC_SRC_V1.dir/startup_stm32g491xx.s.obj
                0x080096cc                RTC_Alarm_IRQHandler
                0x080096cc                EXTI2_IRQHandler
                0x080096cc                TIM8_TRG_COM_IRQHandler
                0x080096cc                TIM8_CC_IRQHandler
                0x080096cc                TIM1_CC_IRQHandler
                0x080096cc                USB_HP_IRQHandler
                0x080096cc                CORDIC_IRQHandler
                0x080096cc                DMA2_Channel8_IRQHandler
                0x080096cc                I2C3_ER_IRQHandler
                0x080096cc                EXTI0_IRQHandler
                0x080096cc                I2C2_EV_IRQHandler
                0x080096cc                FPU_IRQHandler
                0x080096cc                FDCAN1_IT1_IRQHandler
                0x080096cc                TIM1_UP_TIM16_IRQHandler
                0x080096cc                ADC1_2_IRQHandler
                0x080096cc                SPI1_IRQHandler
                0x080096cc                TIM6_DAC_IRQHandler
                0x080096cc                TIM8_UP_IRQHandler
                0x080096cc                DMA2_Channel2_IRQHandler
                0x080096cc                DMA1_Channel4_IRQHandler
                0x080096cc                TIM20_TRG_COM_IRQHandler
                0x080096cc                USART3_IRQHandler
                0x080096cc                DMA1_Channel7_IRQHandler
                0x080096cc                UART5_IRQHandler
                0x080096cc                ADC3_IRQHandler
                0x080096cc                TIM4_IRQHandler
                0x080096cc                DMA2_Channel1_IRQHandler
                0x080096cc                QUADSPI_IRQHandler
                0x080096cc                I2C1_EV_IRQHandler
                0x080096cc                DMA1_Channel6_IRQHandler
                0x080096cc                UART4_IRQHandler
                0x080096cc                DMA2_Channel4_IRQHandler
                0x080096cc                TIM3_IRQHandler
                0x080096cc                RCC_IRQHandler
                0x080096cc                Default_Handler
                0x080096cc                DMA2_Channel7_IRQHandler
                0x080096cc                RTC_TAMP_LSECSS_IRQHandler
                0x080096cc                FMAC_IRQHandler
                0x080096cc                EXTI15_10_IRQHandler
                0x080096cc                DMA1_Channel8_IRQHandler
                0x080096cc                TIM7_IRQHandler
                0x080096cc                UCPD1_IRQHandler
                0x080096cc                I2C3_EV_IRQHandler
                0x080096cc                RTC_WKUP_IRQHandler
                0x080096cc                PVD_PVM_IRQHandler
                0x080096cc                SPI2_IRQHandler
                0x080096cc                DMA2_Channel5_IRQHandler
                0x080096cc                CRS_IRQHandler
                0x080096cc                DMA1_Channel5_IRQHandler
                0x080096cc                USB_LP_IRQHandler
                0x080096cc                RNG_IRQHandler
                0x080096cc                TIM1_TRG_COM_TIM17_IRQHandler
                0x080096cc                DMA1_Channel3_IRQHandler
                0x080096cc                WWDG_IRQHandler
                0x080096cc                LPUART1_IRQHandler
                0x080096cc                DMA2_Channel6_IRQHandler
                0x080096cc                FDCAN1_IT0_IRQHandler
                0x080096cc                COMP1_2_3_IRQHandler
                0x080096cc                EXTI1_IRQHandler
                0x080096cc                USART2_IRQHandler
                0x080096cc                TIM20_BRK_IRQHandler
                0x080096cc                I2C2_ER_IRQHandler
                0x080096cc                TIM8_BRK_IRQHandler
                0x080096cc                FLASH_IRQHandler
                0x080096cc                TIM20_CC_IRQHandler
                0x080096cc                USART1_IRQHandler
                0x080096cc                SPI3_IRQHandler
                0x080096cc                I2C1_ER_IRQHandler
                0x080096cc                LPTIM1_IRQHandler
                0x080096cc                DMAMUX_OVR_IRQHandler
                0x080096cc                USBWakeUp_IRQHandler
                0x080096cc                SAI1_IRQHandler
                0x080096cc                DMA2_Channel3_IRQHandler
                0x080096cc                COMP4_IRQHandler
                0x080096cc                TIM1_BRK_TIM15_IRQHandler
 .text.memcpy   0x080096ce       0x1c /usr/share/arm-gnu-toolchain-14.2.rel1-x86_64-arm-none-eabi/bin/../lib/gcc/arm-none-eabi/14.2.1/../../../../arm-none-eabi/lib/thumb/v7e-m+fp/hard/libg_nano.a(libc_a-memcpy-stub.o)
                0x080096ce                memcpy
 *(.glue_7)
 .glue_7        0x080096ea        0x0 linker stubs
 *(.glue_7t)
 .glue_7t       0x080096ea        0x0 linker stubs
 *(.eh_frame)
 *fill*         0x080096ea        0x2 
 .eh_frame      0x080096ec        0x0 /usr/share/arm-gnu-toolchain-14.2.rel1-x86_64-arm-none-eabi/bin/../lib/gcc/arm-none-eabi/14.2.1/thumb/v7e-m+fp/hard/crtbegin.o
 *(.init)
 .init          0x080096ec        0x4 /usr/share/arm-gnu-toolchain-14.2.rel1-x86_64-arm-none-eabi/bin/../lib/gcc/arm-none-eabi/14.2.1/thumb/v7e-m+fp/hard/crti.o
                0x080096ec                _init
 .init          0x080096f0        0x8 /usr/share/arm-gnu-toolchain-14.2.rel1-x86_64-arm-none-eabi/bin/../lib/gcc/arm-none-eabi/14.2.1/thumb/v7e-m+fp/hard/crtn.o
 *(.fini)
 .fini          0x080096f8        0x4 /usr/share/arm-gnu-toolchain-14.2.rel1-x86_64-arm-none-eabi/bin/../lib/gcc/arm-none-eabi/14.2.1/thumb/v7e-m+fp/hard/crti.o
                0x080096f8                _fini
 .fini          0x080096fc        0x8 /usr/share/arm-gnu-toolchain-14.2.rel1-x86_64-arm-none-eabi/bin/../lib/gcc/arm-none-eabi/14.2.1/thumb/v7e-m+fp/hard/crtn.o
                0x08009704                        . = ALIGN (0x4)
                0x08009704                        _etext = .

.vfp11_veneer   0x08009704        0x0
 .vfp11_veneer  0x08009704        0x0 linker stubs

.v4_bx          0x08009704        0x0
 .v4_bx         0x08009704        0x0 linker stubs

.iplt           0x08009704        0x0
 .iplt          0x08009704        0x0 /usr/share/arm-gnu-toolchain-14.2.rel1-x86_64-arm-none-eabi/bin/../lib/gcc/arm-none-eabi/14.2.1/thumb/v7e-m+fp/hard/crtbegin.o

.rodata         0x08009704      0x144
                0x08009704                        . = ALIGN (0x4)
 *(.rodata)
 .rodata        0x08009704       0x55 CMakeFiles/FOC_SRC_V1.dir/Core/Src/app_freertos.c.obj
 *fill*         0x08009759        0x3 
 .rodata        0x0800975c        0x5 CMakeFiles/FOC_SRC_V1.dir/Middlewares/Third_Party/FreeRTOS/Source/tasks.c.obj
 *fill*         0x08009761        0x3 
 .rodata        0x08009764        0xd CMakeFiles/FOC_SRC_V1.dir/Middlewares/Third_Party/FreeRTOS/Source/timers.c.obj
 *(.rodata*)
 *fill*         0x08009771        0x3 
 .rodata.defaultTask_attributes
                0x08009774       0x24 CMakeFiles/FOC_SRC_V1.dir/Core/Src/app_freertos.c.obj
                0x08009774                defaultTask_attributes
 .rodata.canReceiveMsg_attributes
                0x08009798       0x24 CMakeFiles/FOC_SRC_V1.dir/Core/Src/app_freertos.c.obj
                0x08009798                canReceiveMsg_attributes
 .rodata.canSendMsg_attributes
                0x080097bc       0x24 CMakeFiles/FOC_SRC_V1.dir/Core/Src/app_freertos.c.obj
                0x080097bc                canSendMsg_attributes
 .rodata.canSemaphore_attributes
                0x080097e0       0x10 CMakeFiles/FOC_SRC_V1.dir/Core/Src/app_freertos.c.obj
                0x080097e0                canSemaphore_attributes
 .rodata.canQueRxHeader_attributes
                0x080097f0       0x18 CMakeFiles/FOC_SRC_V1.dir/Core/Src/app_freertos.c.obj
                0x080097f0                canQueRxHeader_attributes
 .rodata.canQueRxData_attributes
                0x08009808       0x18 CMakeFiles/FOC_SRC_V1.dir/Core/Src/app_freertos.c.obj
                0x08009808                canQueRxData_attributes
 .rodata.DLCtoBytes
                0x08009820       0x10 CMakeFiles/FOC_SRC_V1.dir/Drivers/STM32G4xx_HAL_Driver/Src/stm32g4xx_hal_fdcan.c.obj
 .rodata.AHBPrescTable
                0x08009830       0x10 CMakeFiles/FOC_SRC_V1.dir/Core/Src/system_stm32g4xx.c.obj
                0x08009830                AHBPrescTable
 .rodata.APBPrescTable
                0x08009840        0x8 CMakeFiles/FOC_SRC_V1.dir/Core/Src/system_stm32g4xx.c.obj
                0x08009840                APBPrescTable
                0x08009848                        . = ALIGN (0x4)

.rel.dyn        0x08009848        0x0
 .rel.iplt      0x08009848        0x0 /usr/share/arm-gnu-toolchain-14.2.rel1-x86_64-arm-none-eabi/bin/../lib/gcc/arm-none-eabi/14.2.1/thumb/v7e-m+fp/hard/crtbegin.o

.ARM.extab
 *(.ARM.extab* .gnu.linkonce.armextab.*)

.ARM            0x08009848        0x0
                0x08009848                        __exidx_start = .
 *(.ARM.exidx*)
                0x08009848                        __exidx_end = .

.preinit_array  0x08009848        0x0
                0x08009848                        PROVIDE (__preinit_array_start = .)
 *(.preinit_array*)
                0x08009848                        PROVIDE (__preinit_array_end = .)

.init_array     0x08009848        0x4
                0x08009848                        PROVIDE (__init_array_start = .)
 *(SORT_BY_NAME(.init_array.*))
 *(.init_array*)
 .init_array    0x08009848        0x4 /usr/share/arm-gnu-toolchain-14.2.rel1-x86_64-arm-none-eabi/bin/../lib/gcc/arm-none-eabi/14.2.1/thumb/v7e-m+fp/hard/crtbegin.o
                0x0800984c                        PROVIDE (__init_array_end = .)

.fini_array     0x0800984c        0x4
                [!provide]                        PROVIDE (__fini_array_start = .)
 *(SORT_BY_NAME(.fini_array.*))
 *(.fini_array*)
 .fini_array    0x0800984c        0x4 /usr/share/arm-gnu-toolchain-14.2.rel1-x86_64-arm-none-eabi/bin/../lib/gcc/arm-none-eabi/14.2.1/thumb/v7e-m+fp/hard/crtbegin.o
                [!provide]                        PROVIDE (__fini_array_end = .)
                0x08009850                        _sidata = LOADADDR (.data)

.data           0x20000000       0x64 load address 0x08009850
                0x20000000                        . = ALIGN (0x4)
                0x20000000                        _sdata = .
 *(.data)
 *(.data*)
 .data._impure_ptr
                0x20000000        0x4 /usr/share/arm-gnu-toolchain-14.2.rel1-x86_64-arm-none-eabi/bin/../lib/gcc/arm-none-eabi/14.2.1/../../../../arm-none-eabi/lib/thumb/v7e-m+fp/hard/libc_nano.a(libc_a-impure.o)
                0x20000000                _impure_ptr
 .data._impure_data
                0x20000004       0x4c /usr/share/arm-gnu-toolchain-14.2.rel1-x86_64-arm-none-eabi/bin/../lib/gcc/arm-none-eabi/14.2.1/../../../../arm-none-eabi/lib/thumb/v7e-m+fp/hard/libc_nano.a(libc_a-impure.o)
                0x20000004                _impure_data
 .data.increasing.4
                0x20000050        0x1 CMakeFiles/FOC_SRC_V1.dir/Core/Src/ws2812.c.obj
 *fill*         0x20000051        0x3 
 .data.uwTickPrio
                0x20000054        0x4 CMakeFiles/FOC_SRC_V1.dir/Drivers/STM32G4xx_HAL_Driver/Src/stm32g4xx_hal.c.obj
                0x20000054                uwTickPrio
 .data.uwTickFreq
                0x20000058        0x4 CMakeFiles/FOC_SRC_V1.dir/Drivers/STM32G4xx_HAL_Driver/Src/stm32g4xx_hal.c.obj
                0x20000058                uwTickFreq
 .data.SystemCoreClock
                0x2000005c        0x4 CMakeFiles/FOC_SRC_V1.dir/Core/Src/system_stm32g4xx.c.obj
                0x2000005c                SystemCoreClock
 .data.uxCriticalNesting
                0x20000060        0x4 CMakeFiles/FOC_SRC_V1.dir/Middlewares/Third_Party/FreeRTOS/Source/portable/GCC/ARM_CM4F/port.c.obj
                0x20000064                        . = ALIGN (0x4)
                0x20000064                        _edata = .

.tm_clone_table
                0x20000064        0x0 load address 0x080098b4
 .tm_clone_table
                0x20000064        0x0 /usr/share/arm-gnu-toolchain-14.2.rel1-x86_64-arm-none-eabi/bin/../lib/gcc/arm-none-eabi/14.2.1/thumb/v7e-m+fp/hard/crtbegin.o
 .tm_clone_table
                0x20000064        0x0 /usr/share/arm-gnu-toolchain-14.2.rel1-x86_64-arm-none-eabi/bin/../lib/gcc/arm-none-eabi/14.2.1/thumb/v7e-m+fp/hard/crtend.o

.igot.plt       0x20000064        0x0 load address 0x080098b4
 .igot.plt      0x20000064        0x0 /usr/share/arm-gnu-toolchain-14.2.rel1-x86_64-arm-none-eabi/bin/../lib/gcc/arm-none-eabi/14.2.1/thumb/v7e-m+fp/hard/crtbegin.o
                0x20000064                        . = ALIGN (0x4)

.bss            0x20000068     0x4940 load address 0x080098b4
                0x20000068                        _sbss = .
                0x20000068                        __bss_start__ = _sbss
 *(.bss)
 *(.bss*)
 .bss.completed.1
                0x20000068        0x1 /usr/share/arm-gnu-toolchain-14.2.rel1-x86_64-arm-none-eabi/bin/../lib/gcc/arm-none-eabi/14.2.1/thumb/v7e-m+fp/hard/crtbegin.o
 *fill*         0x20000069        0x3 
 .bss.object.0  0x2000006c       0x18 /usr/share/arm-gnu-toolchain-14.2.rel1-x86_64-arm-none-eabi/bin/../lib/gcc/arm-none-eabi/14.2.1/thumb/v7e-m+fp/hard/crtbegin.o
 .bss.__sf      0x20000084      0x138 /usr/share/arm-gnu-toolchain-14.2.rel1-x86_64-arm-none-eabi/bin/../lib/gcc/arm-none-eabi/14.2.1/../../../../arm-none-eabi/lib/thumb/v7e-m+fp/hard/libc_nano.a(libc_a-findfp.o)
                0x20000084                __sf
 .bss.__lock___malloc_recursive_mutex
                0x200001bc        0x1 /usr/share/arm-gnu-toolchain-14.2.rel1-x86_64-arm-none-eabi/bin/../lib/gcc/arm-none-eabi/14.2.1/../../../../arm-none-eabi/lib/thumb/v7e-m+fp/hard/libc_nano.a(libc_a-lock.o)
                0x200001bc                __lock___malloc_recursive_mutex
 *fill*         0x200001bd        0x3 
 .bss.__malloc_free_list
                0x200001c0        0x4 /usr/share/arm-gnu-toolchain-14.2.rel1-x86_64-arm-none-eabi/bin/../lib/gcc/arm-none-eabi/14.2.1/../../../../arm-none-eabi/lib/thumb/v7e-m+fp/hard/libc_nano.a(libc_a-mallocr.o)
                0x200001c0                __malloc_free_list
 .bss.ws2812_color_data
                0x200001c4       0x14 CMakeFiles/FOC_SRC_V1.dir/Core/Src/ws2812.c.obj
                0x200001c4                ws2812_color_data
 .bss.ws2812_dma_buffer
                0x200001d8       0xa0 CMakeFiles/FOC_SRC_V1.dir/Core/Src/ws2812.c.obj
                0x200001d8                ws2812_dma_buffer
 .bss.ws2812_dma_complete_flag
                0x20000278        0x1 CMakeFiles/FOC_SRC_V1.dir/Core/Src/ws2812.c.obj
                0x20000278                ws2812_dma_complete_flag
 .bss.brightness.5
                0x20000279        0x1 CMakeFiles/FOC_SRC_V1.dir/Core/Src/ws2812.c.obj
 .bss.animation_index.3
                0x2000027a        0x1 CMakeFiles/FOC_SRC_V1.dir/Core/Src/ws2812.c.obj
 .bss.animation_index.2
                0x2000027b        0x1 CMakeFiles/FOC_SRC_V1.dir/Core/Src/ws2812.c.obj
 .bss.animation_index.1
                0x2000027c        0x1 CMakeFiles/FOC_SRC_V1.dir/Core/Src/ws2812.c.obj
 .bss.animation_index.0
                0x2000027d        0x1 CMakeFiles/FOC_SRC_V1.dir/Core/Src/ws2812.c.obj
 *fill*         0x2000027e        0x2 
 .bss.fcc_data  0x20000280       0x18 CMakeFiles/FOC_SRC_V1.dir/Core/Src/app_freertos.c.obj
                0x20000280                fcc_data
 .bss.fet_data  0x20000298       0x18 CMakeFiles/FOC_SRC_V1.dir/Core/Src/app_freertos.c.obj
                0x20000298                fet_data
 .bss.h2_data   0x200002b0       0x20 CMakeFiles/FOC_SRC_V1.dir/Core/Src/app_freertos.c.obj
                0x200002b0                h2_data
 .bss.boost_data
                0x200002d0        0x8 CMakeFiles/FOC_SRC_V1.dir/Core/Src/app_freertos.c.obj
                0x200002d0                boost_data
 .bss.can_sync_led
                0x200002d8        0x1 CMakeFiles/FOC_SRC_V1.dir/Core/Src/app_freertos.c.obj
                0x200002d8                can_sync_led
 .bss.btn1_pressed
                0x200002d9        0x1 CMakeFiles/FOC_SRC_V1.dir/Core/Src/app_freertos.c.obj
                0x200002d9                btn1_pressed
 *fill*         0x200002da        0x2 
 .bss.ticks     0x200002dc        0x4 CMakeFiles/FOC_SRC_V1.dir/Core/Src/app_freertos.c.obj
                0x200002dc                ticks
 .bss.lastTicks
                0x200002e0        0x4 CMakeFiles/FOC_SRC_V1.dir/Core/Src/app_freertos.c.obj
                0x200002e0                lastTicks
 .bss.btn2_pressed
                0x200002e4        0x1 CMakeFiles/FOC_SRC_V1.dir/Core/Src/app_freertos.c.obj
                0x200002e4                btn2_pressed
 *fill*         0x200002e5        0x3 
 .bss.ticks2    0x200002e8        0x4 CMakeFiles/FOC_SRC_V1.dir/Core/Src/app_freertos.c.obj
                0x200002e8                ticks2
 .bss.lastTicks2
                0x200002ec        0x4 CMakeFiles/FOC_SRC_V1.dir/Core/Src/app_freertos.c.obj
                0x200002ec                lastTicks2
 .bss.relay_state
                0x200002f0        0x1 CMakeFiles/FOC_SRC_V1.dir/Core/Src/app_freertos.c.obj
                0x200002f0                relay_state
 *fill*         0x200002f1        0x3 
 .bss.relay_fc_pack
                0x200002f4       0x10 CMakeFiles/FOC_SRC_V1.dir/Core/Src/app_freertos.c.obj
                0x200002f4                relay_fc_pack
 .bss.relay_cap_pack
                0x20000304       0x10 CMakeFiles/FOC_SRC_V1.dir/Core/Src/app_freertos.c.obj
                0x20000304                relay_cap_pack
 .bss.relay_motor_pack
                0x20000314       0x10 CMakeFiles/FOC_SRC_V1.dir/Core/Src/app_freertos.c.obj
                0x20000314                relay_motor_pack
 .bss.defaultTaskHandle
                0x20000324        0x4 CMakeFiles/FOC_SRC_V1.dir/Core/Src/app_freertos.c.obj
                0x20000324                defaultTaskHandle
 .bss.defaultTaskBuffer
                0x20000328      0x800 CMakeFiles/FOC_SRC_V1.dir/Core/Src/app_freertos.c.obj
                0x20000328                defaultTaskBuffer
 .bss.defaultTaskControlBlock
                0x20000b28      0x1a0 CMakeFiles/FOC_SRC_V1.dir/Core/Src/app_freertos.c.obj
                0x20000b28                defaultTaskControlBlock
 .bss.canReceiveMsgHandle
                0x20000cc8        0x4 CMakeFiles/FOC_SRC_V1.dir/Core/Src/app_freertos.c.obj
                0x20000cc8                canReceiveMsgHandle
 .bss.CanReceiveMsgBuffer
                0x20000ccc      0x800 CMakeFiles/FOC_SRC_V1.dir/Core/Src/app_freertos.c.obj
                0x20000ccc                CanReceiveMsgBuffer
 *fill*         0x200014cc        0x4 
 .bss.CanReceiveMsgControlBlock
                0x200014d0      0x1a0 CMakeFiles/FOC_SRC_V1.dir/Core/Src/app_freertos.c.obj
                0x200014d0                CanReceiveMsgControlBlock
 .bss.canSendMsgHandle
                0x20001670        0x4 CMakeFiles/FOC_SRC_V1.dir/Core/Src/app_freertos.c.obj
                0x20001670                canSendMsgHandle
 .bss.CanSendMsgBuffer
                0x20001674      0x800 CMakeFiles/FOC_SRC_V1.dir/Core/Src/app_freertos.c.obj
                0x20001674                CanSendMsgBuffer
 *fill*         0x20001e74        0x4 
 .bss.CanSendMsgControlBlock
                0x20001e78      0x1a0 CMakeFiles/FOC_SRC_V1.dir/Core/Src/app_freertos.c.obj
                0x20001e78                CanSendMsgControlBlock
 .bss.canSemaphoreHandle
                0x20002018        0x4 CMakeFiles/FOC_SRC_V1.dir/Core/Src/app_freertos.c.obj
                0x20002018                canSemaphoreHandle
 .bss.canSemaphoreControlBlock
                0x2000201c       0x50 CMakeFiles/FOC_SRC_V1.dir/Core/Src/app_freertos.c.obj
                0x2000201c                canSemaphoreControlBlock
 .bss.canQueRxHeaderHandle
                0x2000206c        0x4 CMakeFiles/FOC_SRC_V1.dir/Core/Src/app_freertos.c.obj
                0x2000206c                canQueRxHeaderHandle
 .bss.canReceiveQueBuffer
                0x20002070      0x800 CMakeFiles/FOC_SRC_V1.dir/Core/Src/app_freertos.c.obj
                0x20002070                canReceiveQueBuffer
 .bss.canReceiveQueControlBlock
                0x20002870       0x50 CMakeFiles/FOC_SRC_V1.dir/Core/Src/app_freertos.c.obj
                0x20002870                canReceiveQueControlBlock
 .bss.canQueRxDataHandle
                0x200028c0        0x4 CMakeFiles/FOC_SRC_V1.dir/Core/Src/app_freertos.c.obj
                0x200028c0                canQueRxDataHandle
 .bss.canQueRxDataBuffer
                0x200028c4      0x200 CMakeFiles/FOC_SRC_V1.dir/Core/Src/app_freertos.c.obj
                0x200028c4                canQueRxDataBuffer
 .bss.canQueRxDataControlBlock
                0x20002ac4       0x50 CMakeFiles/FOC_SRC_V1.dir/Core/Src/app_freertos.c.obj
                0x20002ac4                canQueRxDataControlBlock
 .bss.hfdcan2   0x20002b14       0x64 CMakeFiles/FOC_SRC_V1.dir/Core/Src/fdcan.c.obj
                0x20002b14                hfdcan2
 .bss.hspi1     0x20002b78       0x64 CMakeFiles/FOC_SRC_V1.dir/Core/Src/spi.c.obj
                0x20002b78                hspi1
 .bss.hdma_spi1_rx
                0x20002bdc       0x60 CMakeFiles/FOC_SRC_V1.dir/Core/Src/spi.c.obj
                0x20002bdc                hdma_spi1_rx
 .bss.htim1     0x20002c3c       0x4c CMakeFiles/FOC_SRC_V1.dir/Core/Src/tim.c.obj
                0x20002c3c                htim1
 .bss.htim2     0x20002c88       0x4c CMakeFiles/FOC_SRC_V1.dir/Core/Src/tim.c.obj
                0x20002c88                htim2
 .bss.htim3     0x20002cd4       0x4c CMakeFiles/FOC_SRC_V1.dir/Core/Src/tim.c.obj
                0x20002cd4                htim3
 .bss.hdma_tim2_ch1
                0x20002d20       0x60 CMakeFiles/FOC_SRC_V1.dir/Core/Src/tim.c.obj
                0x20002d20                hdma_tim2_ch1
 .bss.htim20    0x20002d80       0x4c CMakeFiles/FOC_SRC_V1.dir/Core/Src/stm32g4xx_hal_timebase_tim.c.obj
                0x20002d80                htim20
 .bss.uwTick    0x20002dcc        0x4 CMakeFiles/FOC_SRC_V1.dir/Drivers/STM32G4xx_HAL_Driver/Src/stm32g4xx_hal.c.obj
                0x20002dcc                uwTick
 .bss.xQueueRegistry
                0x20002dd0       0x40 CMakeFiles/FOC_SRC_V1.dir/Middlewares/Third_Party/FreeRTOS/Source/queue.c.obj
                0x20002dd0                xQueueRegistry
 .bss.pxCurrentTCB
                0x20002e10        0x4 CMakeFiles/FOC_SRC_V1.dir/Middlewares/Third_Party/FreeRTOS/Source/tasks.c.obj
                0x20002e10                pxCurrentTCB
 .bss.pxReadyTasksLists
                0x20002e14      0x460 CMakeFiles/FOC_SRC_V1.dir/Middlewares/Third_Party/FreeRTOS/Source/tasks.c.obj
 .bss.xDelayedTaskList1
                0x20003274       0x14 CMakeFiles/FOC_SRC_V1.dir/Middlewares/Third_Party/FreeRTOS/Source/tasks.c.obj
 .bss.xDelayedTaskList2
                0x20003288       0x14 CMakeFiles/FOC_SRC_V1.dir/Middlewares/Third_Party/FreeRTOS/Source/tasks.c.obj
 .bss.pxDelayedTaskList
                0x2000329c        0x4 CMakeFiles/FOC_SRC_V1.dir/Middlewares/Third_Party/FreeRTOS/Source/tasks.c.obj
 .bss.pxOverflowDelayedTaskList
                0x200032a0        0x4 CMakeFiles/FOC_SRC_V1.dir/Middlewares/Third_Party/FreeRTOS/Source/tasks.c.obj
 .bss.xPendingReadyList
                0x200032a4       0x14 CMakeFiles/FOC_SRC_V1.dir/Middlewares/Third_Party/FreeRTOS/Source/tasks.c.obj
 .bss.xTasksWaitingTermination
                0x200032b8       0x14 CMakeFiles/FOC_SRC_V1.dir/Middlewares/Third_Party/FreeRTOS/Source/tasks.c.obj
 .bss.uxDeletedTasksWaitingCleanUp
                0x200032cc        0x4 CMakeFiles/FOC_SRC_V1.dir/Middlewares/Third_Party/FreeRTOS/Source/tasks.c.obj
 .bss.xSuspendedTaskList
                0x200032d0       0x14 CMakeFiles/FOC_SRC_V1.dir/Middlewares/Third_Party/FreeRTOS/Source/tasks.c.obj
 .bss.uxCurrentNumberOfTasks
                0x200032e4        0x4 CMakeFiles/FOC_SRC_V1.dir/Middlewares/Third_Party/FreeRTOS/Source/tasks.c.obj
 .bss.xTickCount
                0x200032e8        0x4 CMakeFiles/FOC_SRC_V1.dir/Middlewares/Third_Party/FreeRTOS/Source/tasks.c.obj
 .bss.uxTopReadyPriority
                0x200032ec        0x4 CMakeFiles/FOC_SRC_V1.dir/Middlewares/Third_Party/FreeRTOS/Source/tasks.c.obj
 .bss.xSchedulerRunning
                0x200032f0        0x4 CMakeFiles/FOC_SRC_V1.dir/Middlewares/Third_Party/FreeRTOS/Source/tasks.c.obj
 .bss.xPendedTicks
                0x200032f4        0x4 CMakeFiles/FOC_SRC_V1.dir/Middlewares/Third_Party/FreeRTOS/Source/tasks.c.obj
 .bss.xYieldPending
                0x200032f8        0x4 CMakeFiles/FOC_SRC_V1.dir/Middlewares/Third_Party/FreeRTOS/Source/tasks.c.obj
 .bss.xNumOfOverflows
                0x200032fc        0x4 CMakeFiles/FOC_SRC_V1.dir/Middlewares/Third_Party/FreeRTOS/Source/tasks.c.obj
 .bss.uxTaskNumber
                0x20003300        0x4 CMakeFiles/FOC_SRC_V1.dir/Middlewares/Third_Party/FreeRTOS/Source/tasks.c.obj
 .bss.xNextTaskUnblockTime
                0x20003304        0x4 CMakeFiles/FOC_SRC_V1.dir/Middlewares/Third_Party/FreeRTOS/Source/tasks.c.obj
 .bss.xIdleTaskHandle
                0x20003308        0x4 CMakeFiles/FOC_SRC_V1.dir/Middlewares/Third_Party/FreeRTOS/Source/tasks.c.obj
 .bss.uxSchedulerSuspended
                0x2000330c        0x4 CMakeFiles/FOC_SRC_V1.dir/Middlewares/Third_Party/FreeRTOS/Source/tasks.c.obj
 .bss.xActiveTimerList1
                0x20003310       0x14 CMakeFiles/FOC_SRC_V1.dir/Middlewares/Third_Party/FreeRTOS/Source/timers.c.obj
 .bss.xActiveTimerList2
                0x20003324       0x14 CMakeFiles/FOC_SRC_V1.dir/Middlewares/Third_Party/FreeRTOS/Source/timers.c.obj
 .bss.pxCurrentTimerList
                0x20003338        0x4 CMakeFiles/FOC_SRC_V1.dir/Middlewares/Third_Party/FreeRTOS/Source/timers.c.obj
 .bss.pxOverflowTimerList
                0x2000333c        0x4 CMakeFiles/FOC_SRC_V1.dir/Middlewares/Third_Party/FreeRTOS/Source/timers.c.obj
 .bss.xTimerQueue
                0x20003340        0x4 CMakeFiles/FOC_SRC_V1.dir/Middlewares/Third_Party/FreeRTOS/Source/timers.c.obj
 .bss.xTimerTaskHandle
                0x20003344        0x4 CMakeFiles/FOC_SRC_V1.dir/Middlewares/Third_Party/FreeRTOS/Source/timers.c.obj
 .bss.xLastTime.2
                0x20003348        0x4 CMakeFiles/FOC_SRC_V1.dir/Middlewares/Third_Party/FreeRTOS/Source/timers.c.obj
 .bss.ucStaticTimerQueueStorage.1
                0x2000334c       0xa0 CMakeFiles/FOC_SRC_V1.dir/Middlewares/Third_Party/FreeRTOS/Source/timers.c.obj
 .bss.xStaticTimerQueue.0
                0x200033ec       0x50 CMakeFiles/FOC_SRC_V1.dir/Middlewares/Third_Party/FreeRTOS/Source/timers.c.obj
 .bss.KernelState
                0x2000343c        0x4 CMakeFiles/FOC_SRC_V1.dir/Middlewares/Third_Party/FreeRTOS/Source/CMSIS_RTOS_V2/cmsis_os2.c.obj
 .bss.Idle_TCB.3
                0x20003440      0x1a0 CMakeFiles/FOC_SRC_V1.dir/Middlewares/Third_Party/FreeRTOS/Source/CMSIS_RTOS_V2/cmsis_os2.c.obj
 .bss.Idle_Stack.2
                0x200035e0      0x200 CMakeFiles/FOC_SRC_V1.dir/Middlewares/Third_Party/FreeRTOS/Source/CMSIS_RTOS_V2/cmsis_os2.c.obj
 .bss.Timer_TCB.1
                0x200037e0      0x1a0 CMakeFiles/FOC_SRC_V1.dir/Middlewares/Third_Party/FreeRTOS/Source/CMSIS_RTOS_V2/cmsis_os2.c.obj
 .bss.Timer_Stack.0
                0x20003980      0x400 CMakeFiles/FOC_SRC_V1.dir/Middlewares/Third_Party/FreeRTOS/Source/CMSIS_RTOS_V2/cmsis_os2.c.obj
 .bss.ucHeap    0x20003d80      0xc00 CMakeFiles/FOC_SRC_V1.dir/Middlewares/Third_Party/FreeRTOS/Source/portable/MemMang/heap_4.c.obj
 .bss.xStart    0x20004980        0x8 CMakeFiles/FOC_SRC_V1.dir/Middlewares/Third_Party/FreeRTOS/Source/portable/MemMang/heap_4.c.obj
 .bss.pxEnd     0x20004988        0x4 CMakeFiles/FOC_SRC_V1.dir/Middlewares/Third_Party/FreeRTOS/Source/portable/MemMang/heap_4.c.obj
 .bss.xFreeBytesRemaining
                0x2000498c        0x4 CMakeFiles/FOC_SRC_V1.dir/Middlewares/Third_Party/FreeRTOS/Source/portable/MemMang/heap_4.c.obj
 .bss.xMinimumEverFreeBytesRemaining
                0x20004990        0x4 CMakeFiles/FOC_SRC_V1.dir/Middlewares/Third_Party/FreeRTOS/Source/portable/MemMang/heap_4.c.obj
 .bss.xNumberOfSuccessfulAllocations
                0x20004994        0x4 CMakeFiles/FOC_SRC_V1.dir/Middlewares/Third_Party/FreeRTOS/Source/portable/MemMang/heap_4.c.obj
 .bss.xNumberOfSuccessfulFrees
                0x20004998        0x4 CMakeFiles/FOC_SRC_V1.dir/Middlewares/Third_Party/FreeRTOS/Source/portable/MemMang/heap_4.c.obj
 .bss.xBlockAllocatedBit
                0x2000499c        0x4 CMakeFiles/FOC_SRC_V1.dir/Middlewares/Third_Party/FreeRTOS/Source/portable/MemMang/heap_4.c.obj
 .bss.ucMaxSysCallPriority
                0x200049a0        0x1 CMakeFiles/FOC_SRC_V1.dir/Middlewares/Third_Party/FreeRTOS/Source/portable/GCC/ARM_CM4F/port.c.obj
 *fill*         0x200049a1        0x3 
 .bss.ulMaxPRIGROUPValue
                0x200049a4        0x4 CMakeFiles/FOC_SRC_V1.dir/Middlewares/Third_Party/FreeRTOS/Source/portable/GCC/ARM_CM4F/port.c.obj
 *(COMMON)
                0x200049a8                        . = ALIGN (0x4)
                0x200049a8                        _ebss = .
                0x200049a8                        __bss_end__ = _ebss

._user_heap_stack
                0x200049a8      0xc00 load address 0x080098b4
                0x200049a8                        . = ALIGN (0x8)
                [!provide]                        PROVIDE (end = .)
                0x200049a8                        PROVIDE (_end = .)
                0x20004da8                        . = (. + _Min_Heap_Size)
 *fill*         0x200049a8      0x400 
                0x200055a8                        . = (. + _Min_Stack_Size)
 *fill*         0x20004da8      0x800 
                0x200055a8                        . = ALIGN (0x8)

/DISCARD/
 libc.a(*)
 libm.a(*)
 libgcc.a(*)
OUTPUT(FOC_SRC_V1.elf elf32-littlearm)
LOAD linker stubs
LOAD /usr/share/arm-gnu-toolchain-14.2.rel1-x86_64-arm-none-eabi/bin/../lib/gcc/arm-none-eabi/14.2.1/../../../../arm-none-eabi/lib/thumb/v7e-m+fp/hard/libc.a
LOAD /usr/share/arm-gnu-toolchain-14.2.rel1-x86_64-arm-none-eabi/bin/../lib/gcc/arm-none-eabi/14.2.1/../../../../arm-none-eabi/lib/thumb/v7e-m+fp/hard/libm.a
LOAD /usr/share/arm-gnu-toolchain-14.2.rel1-x86_64-arm-none-eabi/bin/../lib/gcc/arm-none-eabi/14.2.1/thumb/v7e-m+fp/hard/libgcc.a

.ARM.attributes
                0x00000000       0x30
 .ARM.attributes
                0x00000000       0x22 /usr/share/arm-gnu-toolchain-14.2.rel1-x86_64-arm-none-eabi/bin/../lib/gcc/arm-none-eabi/14.2.1/thumb/v7e-m+fp/hard/crti.o
 .ARM.attributes
                0x00000022       0x34 /usr/share/arm-gnu-toolchain-14.2.rel1-x86_64-arm-none-eabi/bin/../lib/gcc/arm-none-eabi/14.2.1/thumb/v7e-m+fp/hard/crtbegin.o
 .ARM.attributes
                0x00000056       0x34 /usr/share/arm-gnu-toolchain-14.2.rel1-x86_64-arm-none-eabi/bin/../lib/gcc/arm-none-eabi/14.2.1/../../../../arm-none-eabi/lib/thumb/v7e-m+fp/hard/libc_nano.a(libc_a-findfp.o)
 .ARM.attributes
                0x0000008a       0x34 /usr/share/arm-gnu-toolchain-14.2.rel1-x86_64-arm-none-eabi/bin/../lib/gcc/arm-none-eabi/14.2.1/../../../../arm-none-eabi/lib/thumb/v7e-m+fp/hard/libc_nano.a(libc_a-memset.o)
 .ARM.attributes
                0x000000be       0x34 /usr/share/arm-gnu-toolchain-14.2.rel1-x86_64-arm-none-eabi/bin/../lib/gcc/arm-none-eabi/14.2.1/../../../../arm-none-eabi/lib/thumb/v7e-m+fp/hard/libc_nano.a(libc_a-reent.o)
 .ARM.attributes
                0x000000f2       0x34 /usr/share/arm-gnu-toolchain-14.2.rel1-x86_64-arm-none-eabi/bin/../lib/gcc/arm-none-eabi/14.2.1/../../../../arm-none-eabi/lib/thumb/v7e-m+fp/hard/libc_nano.a(libc_a-impure.o)
 .ARM.attributes
                0x00000126       0x34 /usr/share/arm-gnu-toolchain-14.2.rel1-x86_64-arm-none-eabi/bin/../lib/gcc/arm-none-eabi/14.2.1/../../../../arm-none-eabi/lib/thumb/v7e-m+fp/hard/libc_nano.a(libc_a-init.o)
 .ARM.attributes
                0x0000015a       0x34 /usr/share/arm-gnu-toolchain-14.2.rel1-x86_64-arm-none-eabi/bin/../lib/gcc/arm-none-eabi/14.2.1/../../../../arm-none-eabi/lib/thumb/v7e-m+fp/hard/libc_nano.a(libc_a-lock.o)
 .ARM.attributes
                0x0000018e       0x34 /usr/share/arm-gnu-toolchain-14.2.rel1-x86_64-arm-none-eabi/bin/../lib/gcc/arm-none-eabi/14.2.1/../../../../arm-none-eabi/lib/thumb/v7e-m+fp/hard/libc_nano.a(libc_a-freer.o)
 .ARM.attributes
                0x000001c2       0x34 /usr/share/arm-gnu-toolchain-14.2.rel1-x86_64-arm-none-eabi/bin/../lib/gcc/arm-none-eabi/14.2.1/../../../../arm-none-eabi/lib/thumb/v7e-m+fp/hard/libc_nano.a(libc_a-mallocr.o)
 .ARM.attributes
                0x000001f6       0x34 /usr/share/arm-gnu-toolchain-14.2.rel1-x86_64-arm-none-eabi/bin/../lib/gcc/arm-none-eabi/14.2.1/../../../../arm-none-eabi/lib/thumb/v7e-m+fp/hard/libc_nano.a(libc_a-mlock.o)
 .ARM.attributes
                0x0000022a       0x34 CMakeFiles/FOC_SRC_V1.dir/Core/Src/ws2812.c.obj
 .ARM.attributes
                0x0000025e       0x34 CMakeFiles/FOC_SRC_V1.dir/EcoLib/ecocan/ecocar_can.c.obj
 .ARM.attributes
                0x00000292       0x34 CMakeFiles/FOC_SRC_V1.dir/Core/Src/main.c.obj
 .ARM.attributes
                0x000002c6       0x34 CMakeFiles/FOC_SRC_V1.dir/Core/Src/gpio.c.obj
 .ARM.attributes
                0x000002fa       0x34 CMakeFiles/FOC_SRC_V1.dir/Core/Src/app_freertos.c.obj
 .ARM.attributes
                0x0000032e       0x34 CMakeFiles/FOC_SRC_V1.dir/Core/Src/dma.c.obj
 .ARM.attributes
                0x00000362       0x34 CMakeFiles/FOC_SRC_V1.dir/Core/Src/fdcan.c.obj
 .ARM.attributes
                0x00000396       0x34 CMakeFiles/FOC_SRC_V1.dir/Core/Src/spi.c.obj
 .ARM.attributes
                0x000003ca       0x34 CMakeFiles/FOC_SRC_V1.dir/Core/Src/tim.c.obj
 .ARM.attributes
                0x000003fe       0x34 CMakeFiles/FOC_SRC_V1.dir/Core/Src/stm32g4xx_it.c.obj
 .ARM.attributes
                0x00000432       0x34 CMakeFiles/FOC_SRC_V1.dir/Core/Src/stm32g4xx_hal_msp.c.obj
 .ARM.attributes
                0x00000466       0x34 CMakeFiles/FOC_SRC_V1.dir/Core/Src/stm32g4xx_hal_timebase_tim.c.obj
 .ARM.attributes
                0x0000049a       0x34 CMakeFiles/FOC_SRC_V1.dir/Drivers/STM32G4xx_HAL_Driver/Src/stm32g4xx_hal_tim.c.obj
 .ARM.attributes
                0x000004ce       0x34 CMakeFiles/FOC_SRC_V1.dir/Drivers/STM32G4xx_HAL_Driver/Src/stm32g4xx_hal_tim_ex.c.obj
 .ARM.attributes
                0x00000502       0x34 CMakeFiles/FOC_SRC_V1.dir/Drivers/STM32G4xx_HAL_Driver/Src/stm32g4xx_hal_fdcan.c.obj
 .ARM.attributes
                0x00000536       0x34 CMakeFiles/FOC_SRC_V1.dir/Drivers/STM32G4xx_HAL_Driver/Src/stm32g4xx_hal.c.obj
 .ARM.attributes
                0x0000056a       0x34 CMakeFiles/FOC_SRC_V1.dir/Drivers/STM32G4xx_HAL_Driver/Src/stm32g4xx_hal_rcc.c.obj
 .ARM.attributes
                0x0000059e       0x34 CMakeFiles/FOC_SRC_V1.dir/Drivers/STM32G4xx_HAL_Driver/Src/stm32g4xx_hal_rcc_ex.c.obj
 .ARM.attributes
                0x000005d2       0x34 CMakeFiles/FOC_SRC_V1.dir/Drivers/STM32G4xx_HAL_Driver/Src/stm32g4xx_hal_gpio.c.obj
 .ARM.attributes
                0x00000606       0x34 CMakeFiles/FOC_SRC_V1.dir/Drivers/STM32G4xx_HAL_Driver/Src/stm32g4xx_hal_dma.c.obj
 .ARM.attributes
                0x0000063a       0x34 CMakeFiles/FOC_SRC_V1.dir/Drivers/STM32G4xx_HAL_Driver/Src/stm32g4xx_hal_pwr_ex.c.obj
 .ARM.attributes
                0x0000066e       0x34 CMakeFiles/FOC_SRC_V1.dir/Drivers/STM32G4xx_HAL_Driver/Src/stm32g4xx_hal_cortex.c.obj
 .ARM.attributes
                0x000006a2       0x34 CMakeFiles/FOC_SRC_V1.dir/Drivers/STM32G4xx_HAL_Driver/Src/stm32g4xx_hal_spi.c.obj
 .ARM.attributes
                0x000006d6       0x34 CMakeFiles/FOC_SRC_V1.dir/Core/Src/system_stm32g4xx.c.obj
 .ARM.attributes
                0x0000070a       0x34 CMakeFiles/FOC_SRC_V1.dir/Middlewares/Third_Party/FreeRTOS/Source/list.c.obj
 .ARM.attributes
                0x0000073e       0x34 CMakeFiles/FOC_SRC_V1.dir/Middlewares/Third_Party/FreeRTOS/Source/queue.c.obj
 .ARM.attributes
                0x00000772       0x34 CMakeFiles/FOC_SRC_V1.dir/Middlewares/Third_Party/FreeRTOS/Source/tasks.c.obj
 .ARM.attributes
                0x000007a6       0x34 CMakeFiles/FOC_SRC_V1.dir/Middlewares/Third_Party/FreeRTOS/Source/timers.c.obj
 .ARM.attributes
                0x000007da       0x34 CMakeFiles/FOC_SRC_V1.dir/Middlewares/Third_Party/FreeRTOS/Source/CMSIS_RTOS_V2/cmsis_os2.c.obj
 .ARM.attributes
                0x0000080e       0x34 CMakeFiles/FOC_SRC_V1.dir/Middlewares/Third_Party/FreeRTOS/Source/portable/MemMang/heap_4.c.obj
 .ARM.attributes
                0x00000842       0x34 CMakeFiles/FOC_SRC_V1.dir/Middlewares/Third_Party/FreeRTOS/Source/portable/GCC/ARM_CM4F/port.c.obj
 .ARM.attributes
                0x00000876       0x21 CMakeFiles/FOC_SRC_V1.dir/startup_stm32g491xx.s.obj
 .ARM.attributes
                0x00000897       0x34 /usr/share/arm-gnu-toolchain-14.2.rel1-x86_64-arm-none-eabi/bin/../lib/gcc/arm-none-eabi/14.2.1/../../../../arm-none-eabi/lib/thumb/v7e-m+fp/hard/libg_nano.a(libc_a-memcpy-stub.o)
 .ARM.attributes
                0x000008cb       0x34 /usr/share/arm-gnu-toolchain-14.2.rel1-x86_64-arm-none-eabi/bin/../lib/gcc/arm-none-eabi/14.2.1/thumb/v7e-m+fp/hard/crtend.o
 .ARM.attributes
                0x000008ff       0x22 /usr/share/arm-gnu-toolchain-14.2.rel1-x86_64-arm-none-eabi/bin/../lib/gcc/arm-none-eabi/14.2.1/thumb/v7e-m+fp/hard/crtn.o

.comment        0x00000000       0x45
 .comment       0x00000000       0x45 CMakeFiles/FOC_SRC_V1.dir/Core/Src/ws2812.c.obj
                                 0x46 (size before relaxing)
 .comment       0x00000045       0x46 CMakeFiles/FOC_SRC_V1.dir/EcoLib/ecocan/ecocar_can.c.obj
 .comment       0x00000045       0x46 CMakeFiles/FOC_SRC_V1.dir/Core/Src/main.c.obj
 .comment       0x00000045       0x46 CMakeFiles/FOC_SRC_V1.dir/Core/Src/gpio.c.obj
 .comment       0x00000045       0x46 CMakeFiles/FOC_SRC_V1.dir/Core/Src/app_freertos.c.obj
 .comment       0x00000045       0x46 CMakeFiles/FOC_SRC_V1.dir/Core/Src/dma.c.obj
 .comment       0x00000045       0x46 CMakeFiles/FOC_SRC_V1.dir/Core/Src/fdcan.c.obj
 .comment       0x00000045       0x46 CMakeFiles/FOC_SRC_V1.dir/Core/Src/spi.c.obj
 .comment       0x00000045       0x46 CMakeFiles/FOC_SRC_V1.dir/Core/Src/tim.c.obj
 .comment       0x00000045       0x46 CMakeFiles/FOC_SRC_V1.dir/Core/Src/stm32g4xx_it.c.obj
 .comment       0x00000045       0x46 CMakeFiles/FOC_SRC_V1.dir/Core/Src/stm32g4xx_hal_msp.c.obj
 .comment       0x00000045       0x46 CMakeFiles/FOC_SRC_V1.dir/Core/Src/stm32g4xx_hal_timebase_tim.c.obj
 .comment       0x00000045       0x46 CMakeFiles/FOC_SRC_V1.dir/Drivers/STM32G4xx_HAL_Driver/Src/stm32g4xx_hal_tim.c.obj
 .comment       0x00000045       0x46 CMakeFiles/FOC_SRC_V1.dir/Drivers/STM32G4xx_HAL_Driver/Src/stm32g4xx_hal_tim_ex.c.obj
 .comment       0x00000045       0x46 CMakeFiles/FOC_SRC_V1.dir/Drivers/STM32G4xx_HAL_Driver/Src/stm32g4xx_hal_fdcan.c.obj
 .comment       0x00000045       0x46 CMakeFiles/FOC_SRC_V1.dir/Drivers/STM32G4xx_HAL_Driver/Src/stm32g4xx_hal.c.obj
 .comment       0x00000045       0x46 CMakeFiles/FOC_SRC_V1.dir/Drivers/STM32G4xx_HAL_Driver/Src/stm32g4xx_hal_rcc.c.obj
 .comment       0x00000045       0x46 CMakeFiles/FOC_SRC_V1.dir/Drivers/STM32G4xx_HAL_Driver/Src/stm32g4xx_hal_rcc_ex.c.obj
 .comment       0x00000045       0x46 CMakeFiles/FOC_SRC_V1.dir/Drivers/STM32G4xx_HAL_Driver/Src/stm32g4xx_hal_gpio.c.obj