../Core/Src/main.c:185:5:main	8	static
../Core/Src/main.c:290:6:SystemClock_Config	88	static
../Core/Src/main.c:337:13:MX_FDCAN2_Init	8	static
../Core/Src/main.c:380:13:MX_I2C2_Init	8	static
../Core/Src/main.c:428:13:MX_SPI1_Init	8	static
../Core/Src/main.c:468:13:MX_SPI2_Init	8	static
../Core/Src/main.c:508:13:MX_USART1_UART_Init	8	static
../Core/Src/main.c:556:13:MX_GPIO_Init	48	static
../Core/Src/main.c:676:6:StartDefaultTask	104	static
../Core/Src/main.c:734:6:StartCanTask	16	static
../Core/Src/main.c:751:6:Start24Task	16	static
../Core/Src/main.c:768:6:Start915Task	16	static
../Core/Src/main.c:785:6:Start868Task	16	static
../Core/Src/main.c:802:6:StartGNSSTask	16	static
../Core/Src/main.c:819:6:StartSDTask	16	static
../Core/Src/main.c:836:6:StartAUXTask	16	static
../Core/Src/main.c:854:6:HAL_TIM_PeriodElapsedCallback	16	static
../Core/Src/main.c:872:6:Error_Handler	4	static,ignoring_inline_asm
