../ecolib/drivers/semtech/hoperf/rfm95/src/rf-rfm95.c:17:5:rf_set_op_mode	24	static
../ecolib/drivers/semtech/hoperf/rfm95/src/rf-rfm95.c:50:5:rf_initialize_radio	32	static
../ecolib/drivers/semtech/hoperf/rfm95/src/rf-rfm95.c:159:5:rf_send	64	static
../ecolib/drivers/semtech/hoperf/rfm95/src/rf-rfm95.c:290:5:rf_set_frequency	32	static
../ecolib/drivers/semtech/hoperf/rfm95/src/rf-rfm95.c:305:5:rf_set_tx_power	24	static
../ecolib/drivers/semtech/hoperf/rfm95/src/rf-rfm95.c:347:5:rf_inturrupt_clbk	16	static
../ecolib/drivers/semtech/hoperf/rfm95/src/rf-rfm95.c:352:5:rf_spi_read_register	32	static
../ecolib/drivers/semtech/hoperf/rfm95/src/rf-rfm95.c:378:5:rf_spi_write_register	32	static
../ecolib/drivers/semtech/hoperf/rfm95/src/rf-rfm95.c:400:5:rf_reset	16	static
../ecolib/drivers/semtech/hoperf/rfm95/src/rf-rfm95.c:418:5:rf_listen	32	static
../ecolib/drivers/semtech/hoperf/rfm95/src/rf-rfm95.c:463:5:rf_listen_implicit	32	static
../ecolib/drivers/semtech/hoperf/rfm95/src/rf-rfm95.c:514:5:rf_available	24	static
../ecolib/drivers/semtech/hoperf/rfm95/src/rf-rfm95.c:525:5:rf_peek	24	static
../ecolib/drivers/semtech/hoperf/rfm95/src/rf-rfm95.c:550:5:rf_dump_registers	24	static
../ecolib/drivers/semtech/hoperf/rfm95/src/rf-rfm95.c:562:5:rf_set_sync_word	16	static
../ecolib/drivers/semtech/hoperf/rfm95/src/rf-rfm95.c:569:5:rf_set_spread_factor	48	static
../ecolib/drivers/semtech/hoperf/rfm95/src/rf-rfm95.c:665:5:rf_get_spread_factor	24	static
../ecolib/drivers/semtech/hoperf/rfm95/src/rf-rfm95.c:679:5:rf_set_bandwidth	40	static
../ecolib/drivers/semtech/hoperf/rfm95/src/rf-rfm95.c:732:5:rf_get_bandwidth	24	static
../ecolib/drivers/semtech/hoperf/rfm95/src/rf-rfm95.c:782:5:rf_recieve_single	32	static
../ecolib/drivers/semtech/hoperf/rfm95/src/rf-rfm95.c:886:5:rf_read	16	static
../ecolib/drivers/semtech/hoperf/rfm95/src/rf-rfm95.c:899:5:rf_read_packet	32	static
../ecolib/drivers/semtech/hoperf/rfm95/src/rf-rfm95.c:920:5:rf_set_ocp	24	static
../ecolib/drivers/semtech/hoperf/rfm95/src/rf-rfm95.c:938:5:rf_packet_rssi	24	static
../ecolib/drivers/semtech/hoperf/rfm95/src/rf-rfm95.c:952:5:rf_packet_snr	16	static
../ecolib/drivers/semtech/hoperf/rfm95/src/rf-rfm95.c:963:5:rf_set_coding_rate	24	static
