../Core/Src/freertos.c:185:5:CAN_Transmit	24	static
../Core/Src/freertos.c:204:5:CAN_Transmit_Intrim	24	static
../Core/Src/freertos.c:221:8:user_i2c_read	24	static
../Core/Src/freertos.c:231:6:user_delay_ms	16	static
../Core/Src/freertos.c:235:8:user_i2c_write	56	dynamic
../Core/Src/freertos.c:258:6:HAL_CAN_RxFifo0MsgPendingCallback	16	static
../Core/Src/freertos.c:279:6:HAL_CAN_RxFifo1MsgPendingCallback	16	static
../Core/Src/freertos.c:281:6:HAL_CAN_TxMailbox0CompleteCallback	16	static
../Core/Src/freertos.c:284:6:HAL_CAN_TxMailbox1CompleteCallback	16	static
../Core/Src/freertos.c:287:6:HAL_CAN_TxMailbox2CompleteCallback	16	static
../Core/Src/freertos.c:292:6:HAL_GPIO_EXTI_Callback	24	static
../Core/Src/freertos.c:323:6:vApplicationStackOverflowHook	16	static
../Core/Src/freertos.c:335:6:MX_FREERTOS_Init	8	static
../Core/Src/freertos.c:406:6:StartDefaultTask	16	static
../Core/Src/freertos.c:423:6:startSensorReadThread	96	static
../Core/Src/freertos.c:503:6:startAuxilaryPrintThread	32	static
../Core/Src/freertos.c:591:6:startSensorTransmitThread	40	static
../Core/Src/freertos.c:672:6:startLeakWatchdogThread	32	static
../Core/Src/freertos.c:732:6:startSensorCalibrateThread	32	static
