The target system is: Generic -  - arm
The host system is: Linux - 6.6.87.2-microsoft-standard-WSL2 - x86_64
Compiling the C compiler identification source file "CMakeCCompilerId.c" succeeded.
Compiler: /usr/bin/arm-none-eabi-gcc 
Build flags: ;-mcpu=cortex-m4;-mfpu=fpv4-sp-d16;-mfloat-abi=hard;;-Wall;-Wextra;-Wpedantic;-fdata-sections;-ffunction-sections;-O0;-g3;-mcpu=cortex-m4;-mfpu=fpv4-sp-d16;-mfloat-abi=hard;;-Wall;-Wextra;-Wpedantic;-fdata-sections;-ffunction-sections;-O0;-g3;-mcpu=cortex-m4;-mfpu=fpv4-sp-d16;-mfloat-abi=hard;;-Wall;-Wextra;-Wpedantic;-fdata-sections;-ffunction-sections;-O0;-g3
Id flags: -c 

The output was:
0


Compilation of the C compiler identification source "CMakeCCompilerId.c" produced "CMakeCCompilerId.o"

The C compiler identification is GNU, found in "/home/dash/ecoCarClub/Sally-Electrical-Design/V1/FOC_SRC_V1/build/Debug/CMakeFiles/3.25.2/CompilerIdC/CMakeCCompilerId.o"

Checking whether the ASM compiler is GNU using "--version" matched "(GNU assembler)|(GCC)|(Free Software Foundation)":
arm-none-eabi-gcc (Arm GNU Toolchain 14.2.Rel1 (Build arm-14.52)) 14.2.1 20241119
Copyright (C) 2024 Free Software Foundation, Inc.
This is free software; see the source for copying conditions.  There is NO
warranty; not even for MERCHANTABILITY or FITNESS FOR A PARTICULAR PURPOSE.

Compiling the CXX compiler identification source file "CMakeCXXCompilerId.cpp" succeeded.
Compiler: /usr/bin/arm-none-eabi-g++ 
Build flags: ;-mcpu=cortex-m4;-mfpu=fpv4-sp-d16;-mfloat-abi=hard;;-Wall;-Wextra;-Wpedantic;-fdata-sections;-ffunction-sections;-O0;-g3;-mcpu=cortex-m4;-mfpu=fpv4-sp-d16;-mfloat-abi=hard;;-Wall;-Wextra;-Wpedantic;-fdata-sections;-ffunction-sections;-O0;-g3;-mcpu=cortex-m4;-mfpu=fpv4-sp-d16;-mfloat-abi=hard;;-Wall;-Wextra;-Wpedantic;-fdata-sections;-ffunction-sections;-O0;-g3;-fno-rtti;-fno-exceptions;-fno-threadsafe-statics
Id flags: -c 

The output was:
0


Compilation of the CXX compiler identification source "CMakeCXXCompilerId.cpp" produced "CMakeCXXCompilerId.o"

The CXX compiler identification is GNU, found in "/home/dash/ecoCarClub/Sally-Electrical-Design/V1/FOC_SRC_V1/build/Debug/CMakeFiles/3.25.2/CompilerIdCXX/CMakeCXXCompilerId.o"

