../Core/Src/app_freertos.c:194:6:HAL_FDCAN_RxFifo0Callback	128	static
../Core/Src/app_freertos.c:233:6:MX_FREERTOS_Init	8	static
../Core/Src/app_freertos.c:305:6:StartDefaultTask	16	static
../Core/Src/app_freertos.c:352:6:StartCanSend	64	static
../Core/Src/app_freertos.c:428:6:StartRecieveMsg	128	static
../Core/Src/app_freertos.c:500:6:StartAdcConv	144	static
../Core/Src/app_freertos.c:569:6:startScreenPrint	24	static
../Core/Src/app_freertos.c:639:6:StartTRKPin	24	static
../Core/Src/app_freertos.c:668:6:StartStatusLED	16	static
