../Core/Src/app_freertos.c:198:6:HAL_FDCAN_RxFifo0Callback	128	static
../Core/Src/app_freertos.c:237:6:MX_FREERTOS_Init	8	static
../Core/Src/app_freertos.c:309:6:StartDefaultTask	16	static
../Core/Src/app_freertos.c:365:6:StartCanSend	56	static
../Core/Src/app_freertos.c:441:6:StartRecieveMsg	128	static
../Core/Src/app_freertos.c:513:6:StartAdcConv	160	static
../Core/Src/app_freertos.c:588:6:startScreenPrint	24	static
../Core/Src/app_freertos.c:669:6:StartTRKPin	24	static
../Core/Src/app_freertos.c:698:6:StartStatusLED	16	static
