../Core/Src/ssd1306_tests.c:3668:6:ssd1306_TestBorder	16	static
../Core/Src/ssd1306_tests.c:3694:6:ssd1306_TestFonts1	24	static
../Core/Src/ssd1306_tests.c:3727:6:ssd1306_TestFonts2	32	static
../Core/Src/ssd1306_tests.c:3752:6:ssd1306_TestFonts3	16	static
../Core/Src/ssd1306_tests.c:3772:6:ssd1306_TestFPS	120	static
../Core/Src/ssd1306_tests.c:3810:6:ssd1306_TestLine	16	static
../Core/Src/ssd1306_tests.c:3818:6:ssd1306_TestRectangle	32	static
../Core/Src/ssd1306_tests.c:3828:6:ssd1306_TestRectangleFill	16	static
../Core/Src/ssd1306_tests.c:3836:6:ssd1306_TestRectangleInvert	16	static
../Core/Src/ssd1306_tests.c:3860:6:ssd1306_TestCircle	16	static
../Core/Src/ssd1306_tests.c:3875:6:ssd1306_TestArc	16	static
../Core/Src/ssd1306_tests.c:3882:6:ssd1306_TestPolyline	32	static
../Core/Src/ssd1306_tests.c:3899:6:ssd1306_TestDrawBitmap	16	static
../Core/Src/ssd1306_tests.c:3906:6:ssd1306_TestDrawBitmap2	16	static
../Core/Src/ssd1306_tests.c:4160:6:ssd1306_TestAll	8	static
