../Core/Src/ssd1306_tests.c:3746:6:ssd1306_TestBorder	16	static
../Core/Src/ssd1306_tests.c:3772:6:ssd1306_TestFonts1	24	static
../Core/Src/ssd1306_tests.c:3805:6:ssd1306_TestFonts2	32	static
../Core/Src/ssd1306_tests.c:3830:6:ssd1306_TestFonts3	16	static
../Core/Src/ssd1306_tests.c:3850:6:ssd1306_TestFPS	120	static
../Core/Src/ssd1306_tests.c:3888:6:ssd1306_TestLine	16	static
../Core/Src/ssd1306_tests.c:3896:6:ssd1306_TestRectangle	32	static
../Core/Src/ssd1306_tests.c:3906:6:ssd1306_TestRectangleFill	16	static
../Core/Src/ssd1306_tests.c:3914:6:ssd1306_TestRectangleInvert	16	static
../Core/Src/ssd1306_tests.c:3938:6:ssd1306_TestCircle	16	static
../Core/Src/ssd1306_tests.c:3953:6:ssd1306_TestArc	16	static
../Core/Src/ssd1306_tests.c:3960:6:ssd1306_TestPolyline	32	static
../Core/Src/ssd1306_tests.c:3977:6:ssd1306_QR_Code	16	static
../Core/Src/ssd1306_tests.c:3984:6:ssd1306_TestDrawBitmap	16	static
../Core/Src/ssd1306_tests.c:3991:6:ssd1306_TestDrawBitmap2	16	static
../Core/Src/ssd1306_tests.c:4245:6:ssd1306_TestAll	8	static
