../LCD/src/stm32_adafruit_lcd.c:123:9:BSP_LCD_Init	16	static
../LCD/src/stm32_adafruit_lcd.c:150:10:BSP_LCD_GetXSize	8	static
../LCD/src/stm32_adafruit_lcd.c:160:10:BSP_LCD_GetYSize	8	static
../LCD/src/stm32_adafruit_lcd.c:170:10:BSP_LCD_GetTextColor	4	static
../LCD/src/stm32_adafruit_lcd.c:180:10:BSP_LCD_GetBackColor	4	static
../LCD/src/stm32_adafruit_lcd.c:190:6:BSP_LCD_SetTextColor	16	static
../LCD/src/stm32_adafruit_lcd.c:200:6:BSP_LCD_SetBackColor	16	static
../LCD/src/stm32_adafruit_lcd.c:210:6:BSP_LCD_SetFont	16	static
../LCD/src/stm32_adafruit_lcd.c:220:8:BSP_LCD_GetFont	4	static
../LCD/src/stm32_adafruit_lcd.c:230:6:BSP_LCD_Clear	32	static
../LCD/src/stm32_adafruit_lcd.c:244:6:BSP_LCD_ClearStringLine	32	static
../LCD/src/stm32_adafruit_lcd.c:264:6:BSP_LCD_DisplayChar	16	static
../LCD/src/stm32_adafruit_lcd.c:283:6:BSP_LCD_DisplayStringOnMultilayerChar	88	static
../LCD/src/stm32_adafruit_lcd.c:402:6:BSP_LCD_DisplayStringAt	48	static
../LCD/src/stm32_adafruit_lcd.c:463:6:BSP_LCD_DisplayStringAtLine	16	static
../LCD/src/stm32_adafruit_lcd.c:475:6:BSP_LCD_DrawPixel	16	static
../LCD/src/stm32_adafruit_lcd.c:487:6:BSP_LCD_DrawHLine	24	static
../LCD/src/stm32_adafruit_lcd.c:499:6:BSP_LCD_DrawVLine	24	static
../LCD/src/stm32_adafruit_lcd.c:512:6:BSP_LCD_DrawLine	56	static
../LCD/src/stm32_adafruit_lcd.c:587:6:BSP_LCD_DrawRect	24	static
../LCD/src/stm32_adafruit_lcd.c:605:6:BSP_LCD_DrawCircle	32	static
../LCD/src/stm32_adafruit_lcd.c:645:6:BSP_LCD_DrawPolygon	32	static
../LCD/src/stm32_adafruit_lcd.c:673:6:BSP_LCD_DrawEllipse	56	static
../LCD/src/stm32_adafruit_lcd.c:706:6:BSP_LCD_DrawBitmap	24	static
../LCD/src/stm32_adafruit_lcd.c:730:6:BSP_LCD_FillRect	32	static
../LCD/src/stm32_adafruit_lcd.c:742:6:BSP_LCD_FillCircle	32	static
../LCD/src/stm32_adafruit_lcd.c:789:6:BSP_LCD_FillPolygon	64	static
../LCD/src/stm32_adafruit_lcd.c:857:6:BSP_LCD_FillEllipse	56	static
../LCD/src/stm32_adafruit_lcd.c:888:6:BSP_LCD_DisplayOn	8	static
../LCD/src/stm32_adafruit_lcd.c:898:6:BSP_LCD_DisplayOff	8	static
../LCD/src/stm32_adafruit_lcd.c:914:13:DrawChar	56	static
../LCD/src/stm32_adafruit_lcd.c:974:6:BSP_LCD_FillTriangle	72	static
../LCD/src/stm32_adafruit_lcd.c:1063:13:SetDisplayWindow	24	static
../LCD/src/stm32_adafruit_lcd.c:1073:10:BSP_LCD_ReadID	8	static
../LCD/src/stm32_adafruit_lcd.c:1084:10:BSP_LCD_ReadPixel	16	static
../LCD/src/stm32_adafruit_lcd.c:1098:6:BSP_LCD_DrawRGB16Image	32	static
../LCD/src/stm32_adafruit_lcd.c:1112:6:BSP_LCD_ReadRGB16Image	32	static
../LCD/src/stm32_adafruit_lcd.c:1124:6:BSP_LCD_Scroll	16	static
../LCD/src/stm32_adafruit_lcd.c:1136:6:BSP_LCD_DataWrite8	32	static
../LCD/src/stm32_adafruit_lcd.c:1140:6:BSP_LCD_DataWrite16	32	static
../LCD/src/stm32_adafruit_lcd.c:1144:6:BSP_LCD_DataRead8	32	static
../LCD/src/stm32_adafruit_lcd.c:1148:6:BSP_LCD_DataRead16	32	static
