../Core/Src/stm32g4xx_it.c:71:6:NMI_Handler	4	static
../Core/Src/stm32g4xx_it.c:85:6:HardFault_Handler	40	static
../Core/Src/stm32g4xx_it.c:125:6:MemManage_Handler	4	static
../Core/Src/stm32g4xx_it.c:140:6:BusFault_Handler	4	static
../Core/Src/stm32g4xx_it.c:155:6:UsageFault_Handler	4	static
../Core/Src/stm32g4xx_it.c:170:6:DebugMon_Handler	4	static
../Core/Src/stm32g4xx_it.c:190:6:EXTI15_10_IRQHandler	8	static
../Core/Src/stm32g4xx_it.c:205:6:TIM20_UP_IRQHandler	8	static
../Core/Src/stm32g4xx_it.c:219:6:FDCAN2_IT0_IRQHandler	8	static
../Core/Src/stm32g4xx_it.c:233:6:FDCAN2_IT1_IRQHandler	8	static
