Archive member included to satisfy reference by file (symbol)

C:/ST/STM32CubeIDE_1.11.2/STM32CubeIDE/plugins/com.st.stm32cube.ide.mcu.externaltools.gnu-tools-for-stm32.13.3.rel1.win32_1.0.0.202411081344/tools/bin/../lib/gcc/arm-none-eabi/13.3.1/../../../../arm-none-eabi/lib/thumb/v7e-m+fp/hard\libc_nano.a(libc_a-exit.o)
                              C:/ST/STM32CubeIDE_1.11.2/STM32CubeIDE/plugins/com.st.stm32cube.ide.mcu.externaltools.gnu-tools-for-stm32.13.3.rel1.win32_1.0.0.202411081344/tools/bin/../lib/gcc/arm-none-eabi/13.3.1/../../../../arm-none-eabi/lib/thumb/v7e-m+fp/hard/crt0.o (exit)
C:/ST/STM32CubeIDE_1.11.2/STM32CubeIDE/plugins/com.st.stm32cube.ide.mcu.externaltools.gnu-tools-for-stm32.13.3.rel1.win32_1.0.0.202411081344/tools/bin/../lib/gcc/arm-none-eabi/13.3.1/../../../../arm-none-eabi/lib/thumb/v7e-m+fp/hard\libc_nano.a(libc_a-findfp.o)
                              C:/ST/STM32CubeIDE_1.11.2/STM32CubeIDE/plugins/com.st.stm32cube.ide.mcu.externaltools.gnu-tools-for-stm32.13.3.rel1.win32_1.0.0.202411081344/tools/bin/../lib/gcc/arm-none-eabi/13.3.1/../../../../arm-none-eabi/lib/thumb/v7e-m+fp/hard\libc_nano.a(libc_a-exit.o) (__stdio_exit_handler)
C:/ST/STM32CubeIDE_1.11.2/STM32CubeIDE/plugins/com.st.stm32cube.ide.mcu.externaltools.gnu-tools-for-stm32.13.3.rel1.win32_1.0.0.202411081344/tools/bin/../lib/gcc/arm-none-eabi/13.3.1/../../../../arm-none-eabi/lib/thumb/v7e-m+fp/hard\libc_nano.a(libc_a-fwalk.o)
                              C:/ST/STM32CubeIDE_1.11.2/STM32CubeIDE/plugins/com.st.stm32cube.ide.mcu.externaltools.gnu-tools-for-stm32.13.3.rel1.win32_1.0.0.202411081344/tools/bin/../lib/gcc/arm-none-eabi/13.3.1/../../../../arm-none-eabi/lib/thumb/v7e-m+fp/hard\libc_nano.a(libc_a-findfp.o) (_fwalk_sglue)
C:/ST/STM32CubeIDE_1.11.2/STM32CubeIDE/plugins/com.st.stm32cube.ide.mcu.externaltools.gnu-tools-for-stm32.13.3.rel1.win32_1.0.0.202411081344/tools/bin/../lib/gcc/arm-none-eabi/13.3.1/../../../../arm-none-eabi/lib/thumb/v7e-m+fp/hard\libc_nano.a(libc_a-printf.o)
                              ./Core/Src/task_can_handler.o (printf)
C:/ST/STM32CubeIDE_1.11.2/STM32CubeIDE/plugins/com.st.stm32cube.ide.mcu.externaltools.gnu-tools-for-stm32.13.3.rel1.win32_1.0.0.202411081344/tools/bin/../lib/gcc/arm-none-eabi/13.3.1/../../../../arm-none-eabi/lib/thumb/v7e-m+fp/hard\libc_nano.a(libc_a-puts.o)
                              ./Core/Src/task_telemtry_transmit.o (puts)
C:/ST/STM32CubeIDE_1.11.2/STM32CubeIDE/plugins/com.st.stm32cube.ide.mcu.externaltools.gnu-tools-for-stm32.13.3.rel1.win32_1.0.0.202411081344/tools/bin/../lib/gcc/arm-none-eabi/13.3.1/../../../../arm-none-eabi/lib/thumb/v7e-m+fp/hard\libc_nano.a(libc_a-stdio.o)
                              C:/ST/STM32CubeIDE_1.11.2/STM32CubeIDE/plugins/com.st.stm32cube.ide.mcu.externaltools.gnu-tools-for-stm32.13.3.rel1.win32_1.0.0.202411081344/tools/bin/../lib/gcc/arm-none-eabi/13.3.1/../../../../arm-none-eabi/lib/thumb/v7e-m+fp/hard\libc_nano.a(libc_a-findfp.o) (__sread)
C:/ST/STM32CubeIDE_1.11.2/STM32CubeIDE/plugins/com.st.stm32cube.ide.mcu.externaltools.gnu-tools-for-stm32.13.3.rel1.win32_1.0.0.202411081344/tools/bin/../lib/gcc/arm-none-eabi/13.3.1/../../../../arm-none-eabi/lib/thumb/v7e-m+fp/hard\libc_nano.a(libc_a-wbuf.o)
                              C:/ST/STM32CubeIDE_1.11.2/STM32CubeIDE/plugins/com.st.stm32cube.ide.mcu.externaltools.gnu-tools-for-stm32.13.3.rel1.win32_1.0.0.202411081344/tools/bin/../lib/gcc/arm-none-eabi/13.3.1/../../../../arm-none-eabi/lib/thumb/v7e-m+fp/hard\libc_nano.a(libc_a-puts.o) (__swbuf_r)
C:/ST/STM32CubeIDE_1.11.2/STM32CubeIDE/plugins/com.st.stm32cube.ide.mcu.externaltools.gnu-tools-for-stm32.13.3.rel1.win32_1.0.0.202411081344/tools/bin/../lib/gcc/arm-none-eabi/13.3.1/../../../../arm-none-eabi/lib/thumb/v7e-m+fp/hard\libc_nano.a(libc_a-wsetup.o)
                              C:/ST/STM32CubeIDE_1.11.2/STM32CubeIDE/plugins/com.st.stm32cube.ide.mcu.externaltools.gnu-tools-for-stm32.13.3.rel1.win32_1.0.0.202411081344/tools/bin/../lib/gcc/arm-none-eabi/13.3.1/../../../../arm-none-eabi/lib/thumb/v7e-m+fp/hard\libc_nano.a(libc_a-puts.o) (__swsetup_r)
C:/ST/STM32CubeIDE_1.11.2/STM32CubeIDE/plugins/com.st.stm32cube.ide.mcu.externaltools.gnu-tools-for-stm32.13.3.rel1.win32_1.0.0.202411081344/tools/bin/../lib/gcc/arm-none-eabi/13.3.1/../../../../arm-none-eabi/lib/thumb/v7e-m+fp/hard\libc_nano.a(libc_a-memset.o)
                              C:/ST/STM32CubeIDE_1.11.2/STM32CubeIDE/plugins/com.st.stm32cube.ide.mcu.externaltools.gnu-tools-for-stm32.13.3.rel1.win32_1.0.0.202411081344/tools/bin/../lib/gcc/arm-none-eabi/13.3.1/../../../../arm-none-eabi/lib/thumb/v7e-m+fp/hard/crt0.o (memset)
C:/ST/STM32CubeIDE_1.11.2/STM32CubeIDE/plugins/com.st.stm32cube.ide.mcu.externaltools.gnu-tools-for-stm32.13.3.rel1.win32_1.0.0.202411081344/tools/bin/../lib/gcc/arm-none-eabi/13.3.1/../../../../arm-none-eabi/lib/thumb/v7e-m+fp/hard\libc_nano.a(libc_a-closer.o)
[...]
Memory Configuration

Name             Origin             Length             Attributes
RAM              0x20000000         0x00020000         xrw
FLASH            0x08000000         0x00080000         xr
*default*        0x00000000         0xffffffff

Linker script and memory map

LOAD C:/ST/STM32CubeIDE_1.11.2/STM32CubeIDE/plugins/com.st.stm32cube.ide.mcu.externaltools.gnu-tools-for-stm32.13.3.rel1.win32_1.0.0.202411081344/tools/bin/../lib/gcc/arm-none-eabi/13.3.1/thumb/v7e-m+fp/hard/crti.o
LOAD C:/ST/STM32CubeIDE_1.11.2/STM32CubeIDE/plugins/com.st.stm32cube.ide.mcu.externaltools.gnu-tools-for-stm32.13.3.rel1.win32_1.0.0.202411081344/tools/bin/../lib/gcc/arm-none-eabi/13.3.1/thumb/v7e-m+fp/hard/crtbegin.o
LOAD C:/ST/STM32CubeIDE_1.11.2/STM32CubeIDE/plugins/com.st.stm32cube.ide.mcu.externaltools.gnu-tools-for-stm32.13.3.rel1.win32_1.0.0.202411081344/tools/bin/../lib/gcc/arm-none-eabi/13.3.1/../../../../arm-none-eabi/lib/thumb/v7e-m+fp/hard/crt0.o
LOAD ./Core/Src/app_freertos.o
LOAD ./Core/Src/fdcan.o
LOAD ./Core/Src/gpio.o
LOAD ./Core/Src/i2c.o
LOAD ./Core/Src/main.o
LOAD ./Core/Src/spi.o
LOAD ./Core/Src/stm32g4xx_hal_msp.o
LOAD ./Core/Src/stm32g4xx_hal_timebase_tim.o
LOAD ./Core/Src/stm32g4xx_it.o
LOAD ./Core/Src/syscalls.o
LOAD ./Core/Src/sysmem.o
LOAD ./Core/Src/system_stm32g4xx.o
LOAD ./Core/Src/task_auxilary.o
LOAD ./Core/Src/task_can_handler.o
LOAD ./Core/Src/task_telemtry_transmit.o
LOAD ./Core/Src/usart.o
LOAD ./Core/Startup/startup_stm32g474retx.o
LOAD ./Drivers/STM32G4xx_HAL_Driver/Src/stm32g4xx_hal.o
LOAD ./Drivers/STM32G4xx_HAL_Driver/Src/stm32g4xx_hal_cortex.o
LOAD ./Drivers/STM32G4xx_HAL_Driver/Src/stm32g4xx_hal_dma.o
LOAD ./Drivers/STM32G4xx_HAL_Driver/Src/stm32g4xx_hal_dma_ex.o
LOAD ./Drivers/STM32G4xx_HAL_Driver/Src/stm32g4xx_hal_exti.o
LOAD ./Drivers/STM32G4xx_HAL_Driver/Src/stm32g4xx_hal_fdcan.o
LOAD ./Drivers/STM32G4xx_HAL_Driver/Src/stm32g4xx_hal_flash.o
LOAD ./Drivers/STM32G4xx_HAL_Driver/Src/stm32g4xx_hal_flash_ex.o
LOAD ./Drivers/STM32G4xx_HAL_Driver/Src/stm32g4xx_hal_flash_ramfunc.o
LOAD ./Drivers/STM32G4xx_HAL_Driver/Src/stm32g4xx_hal_gpio.o
LOAD ./Drivers/STM32G4xx_HAL_Driver/Src/stm32g4xx_hal_i2c.o
LOAD ./Drivers/STM32G4xx_HAL_Driver/Src/stm32g4xx_hal_i2c_ex.o
LOAD ./Drivers/STM32G4xx_HAL_Driver/Src/stm32g4xx_hal_pwr.o
LOAD ./Drivers/STM32G4xx_HAL_Driver/Src/stm32g4xx_hal_pwr_ex.o
LOAD ./Drivers/STM32G4xx_HAL_Driver/Src/stm32g4xx_hal_rcc.o
LOAD ./Drivers/STM32G4xx_HAL_Driver/Src/stm32g4xx_hal_rcc_ex.o
LOAD ./Drivers/STM32G4xx_HAL_Driver/Src/stm32g4xx_hal_spi.o
LOAD ./Drivers/STM32G4xx_HAL_Driver/Src/stm32g4xx_hal_spi_ex.o
LOAD ./Drivers/STM32G4xx_HAL_Driver/Src/stm32g4xx_hal_tim.o
LOAD ./Drivers/STM32G4xx_HAL_Driver/Src/stm32g4xx_hal_tim_ex.o
LOAD ./Drivers/STM32G4xx_HAL_Driver/Src/stm32g4xx_hal_uart.o
LOAD ./Drivers/STM32G4xx_HAL_Driver/Src/stm32g4xx_hal_uart_ex.o
LOAD ./EcoLib/drivers/semtech/hoperf/rfm95/src/rf-rfm95.o
LOAD ./EcoLib/drivers/semtech/sx1281/src/sx1281.o
LOAD ./EcoLib/ecocan/ecocar_can.o
LOAD ./Middlewares/Third_Party/FreeRTOS/Source/CMSIS_RTOS_V2/cmsis_os2.o
LOAD ./Middlewares/Third_Party/FreeRTOS/Source/croutine.o
LOAD ./Middlewares/Third_Party/FreeRTOS/Source/event_groups.o
LOAD ./Middlewares/Third_Party/FreeRTOS/Source/list.o
LOAD ./Middlewares/Third_Party/FreeRTOS/Source/queue.o
LOAD ./Middlewares/Third_Party/FreeRTOS/Source/stream_buffer.o
LOAD ./Middlewares/Third_Party/FreeRTOS/Source/tasks.o
LOAD ./Middlewares/Third_Party/FreeRTOS/Source/timers.o
LOAD ./Middlewares/Third_Party/FreeRTOS/Source/portable/GCC/ARM_CM4F/port.o
LOAD ./Middlewares/Third_Party/FreeRTOS/Source/portable/MemMang/heap_4.o
START GROUP
LOAD C:/ST/STM32CubeIDE_1.11.2/STM32CubeIDE/plugins/com.st.stm32cube.ide.mcu.externaltools.gnu-tools-for-stm32.13.3.rel1.win32_1.0.0.202411081344/tools/bin/../lib/gcc/arm-none-eabi/13.3.1/../../../../arm-none-eabi/lib/thumb/v7e-m+fp/hard\libc_nano.a
LOAD C:/ST/STM32CubeIDE_1.11.2/STM32CubeIDE/plugins/com.st.stm32cube.ide.mcu.externaltools.gnu-tools-for-stm32.13.3.rel1.win32_1.0.0.202411081344/tools/bin/../lib/gcc/arm-none-eabi/13.3.1/../../../../arm-none-eabi/lib/thumb/v7e-m+fp/hard\libm.a
END GROUP
START GROUP
LOAD C:/ST/STM32CubeIDE_1.11.2/STM32CubeIDE/plugins/com.st.stm32cube.ide.mcu.externaltools.gnu-tools-for-stm32.13.3.rel1.win32_1.0.0.202411081344/tools/bin/../lib/gcc/arm-none-eabi/13.3.1/thumb/v7e-m+fp/hard\libgcc.a
LOAD C:/ST/STM32CubeIDE_1.11.2/STM32CubeIDE/plugins/com.st.stm32cube.ide.mcu.externaltools.gnu-tools-for-stm32.13.3.rel1.win32_1.0.0.202411081344/tools/bin/../lib/gcc/arm-none-eabi/13.3.1/../../../../arm-none-eabi/lib/thumb/v7e-m+fp/hard\libc_nano.a
END GROUP
START GROUP
LOAD C:/ST/STM32CubeIDE_1.11.2/STM32CubeIDE/plugins/com.st.stm32cube.ide.mcu.externaltools.gnu-tools-for-stm32.13.3.rel1.win32_1.0.0.202411081344/tools/bin/../lib/gcc/arm-none-eabi/13.3.1/thumb/v7e-m+fp/hard\libgcc.a
LOAD C:/ST/STM32CubeIDE_1.11.2/STM32CubeIDE/plugins/com.st.stm32cube.ide.mcu.externaltools.gnu-tools-for-stm32.13.3.rel1.win32_1.0.0.202411081344/tools/bin/../lib/gcc/arm-none-eabi/13.3.1/../../../../arm-none-eabi/lib/thumb/v7e-m+fp/hard\libc_nano.a
LOAD C:/ST/STM32CubeIDE_1.11.2/STM32CubeIDE/plugins/com.st.stm32cube.ide.mcu.externaltools.gnu-tools-for-stm32.13.3.rel1.win32_1.0.0.202411081344/tools/bin/../lib/gcc/arm-none-eabi/13.3.1/../../../../arm-none-eabi/lib/thumb/v7e-m+fp/hard\libnosys.a
END GROUP
START GROUP
LOAD C:/ST/STM32CubeIDE_1.11.2/STM32CubeIDE/plugins/com.st.stm32cube.ide.mcu.externaltools.gnu-tools-for-stm32.13.3.rel1.win32_1.0.0.202411081344/tools/bin/../lib/gcc/arm-none-eabi/13.3.1/thumb/v7e-m+fp/hard\libgcc.a
LOAD C:/ST/STM32CubeIDE_1.11.2/STM32CubeIDE/plugins/com.st.stm32cube.ide.mcu.externaltools.gnu-tools-for-stm32.13.3.rel1.win32_1.0.0.202411081344/tools/bin/../lib/gcc/arm-none-eabi/13.3.1/../../../../arm-none-eabi/lib/thumb/v7e-m+fp/hard\libc_nano.a
LOAD C:/ST/STM32CubeIDE_1.11.2/STM32CubeIDE/plugins/com.st.stm32cube.ide.mcu.externaltools.gnu-tools-for-stm32.13.3.rel1.win32_1.0.0.202411081344/tools/bin/../lib/gcc/arm-none-eabi/13.3.1/../../../../arm-none-eabi/lib/thumb/v7e-m+fp/hard\libnosys.a
END GROUP
LOAD C:/ST/STM32CubeIDE_1.11.2/STM32CubeIDE/plugins/com.st.stm32cube.ide.mcu.externaltools.gnu-tools-for-stm32.13.3.rel1.win32_1.0.0.202411081344/tools/bin/../lib/gcc/arm-none-eabi/13.3.1/thumb/v7e-m+fp/hard/crtend.o
LOAD C:/ST/STM32CubeIDE_1.11.2/STM32CubeIDE/plugins/com.st.stm32cube.ide.mcu.externaltools.gnu-tools-for-stm32.13.3.rel1.win32_1.0.0.202411081344/tools/bin/../lib/gcc/arm-none-eabi/13.3.1/thumb/v7e-m+fp/hard/crtn.o
                0x20020000                        _estack = (ORIGIN (RAM) + LENGTH (RAM))
                0x00000200                        _Min_Heap_Size = 0x200
                0x00000400                        _Min_Stack_Size = 0x400

.isr_vector     0x08000000      0x1d8
                0x08000000                        . = ALIGN (0x4)
 *(.isr_vector)
 .isr_vector    0x08000000      0x1d8 ./Core/Startup/startup_stm32g474retx.o
                0x08000000                g_pfnVectors
                0x080001d8                        . = ALIGN (0x4)

.text           0x080001e0     0xb274
                0x080001e0                        . = ALIGN (0x4)
 *(.text)
 .text          0x080001e0       0x40 C:/ST/STM32CubeIDE_1.11.2/STM32CubeIDE/plugins/com.st.stm32cube.ide.mcu.externaltools.gnu-tools-for-stm32.13.3.rel1.win32_1.0.0.202411081344/tools/bin/../lib/gcc/arm-none-eabi/13.3.1/thumb/v7e-m+fp/hard/crtbegin.o
 .text          0x08000220       0xa0 C:/ST/STM32CubeIDE_1.11.2/STM32CubeIDE/plugins/com.st.stm32cube.ide.mcu.externaltools.gnu-tools-for-stm32.13.3.rel1.win32_1.0.0.202411081344/tools/bin/../lib/gcc/arm-none-eabi/13.3.1/../../../../arm-none-eabi/lib/thumb/v7e-m+fp/hard\libc_nano.a(libc_a-memchr.o)
                0x08000220                memchr
 .text          0x080002c0       0x30 C:/ST/STM32CubeIDE_1.11.2/STM32CubeIDE/plugins/com.st.stm32cube.ide.mcu.externaltools.gnu-tools-for-stm32.13.3.rel1.win32_1.0.0.202411081344/tools/bin/../lib/gcc/arm-none-eabi/13.3.1/thumb/v7e-m+fp/hard\libgcc.a(_aeabi_uldivmod.o)
                0x080002c0                __aeabi_uldivmod
 .text          0x080002f0      0x2f8 C:/ST/STM32CubeIDE_1.11.2/STM32CubeIDE/plugins/com.st.stm32cube.ide.mcu.externaltools.gnu-tools-for-stm32.13.3.rel1.win32_1.0.0.202411081344/tools/bin/../lib/gcc/arm-none-eabi/13.3.1/thumb/v7e-m+fp/hard\libgcc.a(_udivmoddi4.o)
                0x080002f0                __udivmoddi4
 .text          0x080005e8        0x4 C:/ST/STM32CubeIDE_1.11.2/STM32CubeIDE/plugins/com.st.stm32cube.ide.mcu.externaltools.gnu-tools-for-stm32.13.3.rel1.win32_1.0.0.202411081344/tools/bin/../lib/gcc/arm-none-eabi/13.3.1/thumb/v7e-m+fp/hard\libgcc.a(_dvmd_tls.o)
                0x080005e8                __aeabi_idiv0
                0x080005e8                __aeabi_ldiv0
 *(.text*)
 .text.MX_FREERTOS_Init
                0x080005ec       0xc8 ./Core/Src/app_freertos.o
                0x080005ec                MX_FREERTOS_Init
 .text.StartDefaultTask
                0x080006b4       0x10 ./Core/Src/app_freertos.o
                0x080006b4                StartDefaultTask
 .text.MX_FDCAN2_Init
                0x080006c4       0xfc ./Core/Src/fdcan.o
                0x080006c4                MX_FDCAN2_Init
 .text.HAL_FDCAN_MspInit
                0x080007c0       0xf8 ./Core/Src/fdcan.o
                0x080007c0                HAL_FDCAN_MspInit
 .text.MX_GPIO_Init
                0x080008b8      0x140 ./Core/Src/gpio.o
                0x080008b8                MX_GPIO_Init
 .text.MX_I2C2_Init
                0x080009f8       0x80 ./Core/Src/i2c.o
                0x080009f8                MX_I2C2_Init
 .text.HAL_I2C_MspInit
                0x08000a78       0xb0 ./Core/Src/i2c.o
                0x08000a78                HAL_I2C_MspInit
 .text.__io_putchar
                0x08000b28       0x24 ./Core/Src/main.o
                0x08000b28                __io_putchar
 .text.main     0x08000b4c       0x34 ./Core/Src/main.o
                0x08000b4c                main
 .text.SystemClock_Config
                0x08000b80       0x94 ./Core/Src/main.o
                0x08000b80                SystemClock_Config
 .text.HAL_TIM_PeriodElapsedCallback
                0x08000c14       0x24 ./Core/Src/main.o
                0x08000c14                HAL_TIM_PeriodElapsedCallback
 .text.Error_Handler
                0x08000c38        0xc ./Core/Src/main.o
                0x08000c38                Error_Handler
 .text.MX_SPI1_Init
                0x08000c44       0x7c ./Core/Src/spi.o
                0x08000c44                MX_SPI1_Init
 .text.MX_SPI2_Init
                0x08000cc0       0x7c ./Core/Src/spi.o
                0x08000cc0                MX_SPI2_Init
 .text.HAL_SPI_MspInit
                0x08000d3c      0x128 ./Core/Src/spi.o
                0x08000d3c                HAL_SPI_MspInit
 .text.HAL_MspInit
                0x08000e64       0x54 ./Core/Src/stm32g4xx_hal_msp.o
                0x08000e64                HAL_MspInit
 .text.HAL_InitTick
                0x08000eb8       0xd8 ./Core/Src/stm32g4xx_hal_timebase_tim.o
                0x08000eb8                HAL_InitTick
 .text.NMI_Handler
                0x08000f90        0x8 ./Core/Src/stm32g4xx_it.o
                0x08000f90                NMI_Handler
 .text.HardFault_Handler
                0x08000f98      0x10c ./Core/Src/stm32g4xx_it.o
                0x08000f98                HardFault_Handler
 .text.MemManage_Handler
                0x080010a4        0x8 ./Core/Src/stm32g4xx_it.o
                0x080010a4                MemManage_Handler
 .text.BusFault_Handler
                0x080010ac        0x8 ./Core/Src/stm32g4xx_it.o
                0x080010ac                BusFault_Handler
 .text.UsageFault_Handler
                0x080010b4        0x8 ./Core/Src/stm32g4xx_it.o
                0x080010b4                UsageFault_Handler
 .text.DebugMon_Handler
                0x080010bc        0xe ./Core/Src/stm32g4xx_it.o
                0x080010bc                DebugMon_Handler
 *fill*         0x080010ca        0x2 
 .text.TIM20_UP_IRQHandler
                0x080010cc       0x14 ./Core/Src/stm32g4xx_it.o
                0x080010cc                TIM20_UP_IRQHandler
 .text.FDCAN2_IT0_IRQHandler
                0x080010e0       0x14 ./Core/Src/stm32g4xx_it.o
                0x080010e0                FDCAN2_IT0_IRQHandler
 .text.FDCAN2_IT1_IRQHandler
                0x080010f4       0x14 ./Core/Src/stm32g4xx_it.o
                0x080010f4                FDCAN2_IT1_IRQHandler
 .text._read    0x08001108       0x3a ./Core/Src/syscalls.o
                0x08001108                _read
 .text._write   0x08001142       0x38 ./Core/Src/syscalls.o
                0x08001142                _write
 .text._close   0x0800117a       0x18 ./Core/Src/syscalls.o
                0x0800117a                _close
 .text._fstat   0x08001192       0x20 ./Core/Src/syscalls.o
                0x08001192                _fstat
 .text._isatty  0x080011b2       0x16 ./Core/Src/syscalls.o
                0x080011b2                _isatty
 .text._lseek   0x080011c8       0x1a ./Core/Src/syscalls.o
                0x080011c8                _lseek
 *fill*         0x080011e2        0x2 
 .text._sbrk    0x080011e4       0x6c ./Core/Src/sysmem.o
                0x080011e4                _sbrk
 .text.SystemInit
                0x08001250       0x24 ./Core/Src/system_stm32g4xx.o
                0x08001250                SystemInit
 .text.StartAuxilaryTask
                0x08001274       0x12 ./Core/Src/task_auxilary.o
                0x08001274                StartAuxilaryTask
 *fill*         0x08001286        0x2 
 .text.HAL_FDCAN_RxFifo0Callback
                0x08001288       0xd0 ./Core/Src/task_can_handler.o
                0x08001288                HAL_FDCAN_RxFifo0Callback
 .text.StartCanSend
                0x08001358       0x3e ./Core/Src/task_can_handler.o
                0x08001358                StartCanSend
 *fill*         0x08001396        0x2 
 .text.StartCanReceive
                0x08001398      0x244 ./Core/Src/task_can_handler.o
                0x08001398                StartCanReceive
 .text.StartTelemetryTransmitTask
                0x080015dc      0x4c8 ./Core/Src/task_telemtry_transmit.o
                0x080015dc                StartTelemetryTransmitTask
 .text.MX_USART1_UART_Init
                0x08001aa4       0x98 ./Core/Src/usart.o
                0x08001aa4                MX_USART1_UART_Init
 .text.HAL_UART_MspInit
                0x08001b3c       0xb0 ./Core/Src/usart.o
                0x08001b3c                HAL_UART_MspInit
 .text.Reset_Handler
                0x08001bec       0x50 ./Core/Startup/startup_stm32g474retx.o
                0x08001bec                Reset_Handler
 .text.Default_Handler
                0x08001c3c        0x2 ./Core/Startup/startup_stm32g474retx.o
                0x08001c3c                RTC_Alarm_IRQHandler
                0x08001c3c                EXTI2_IRQHandler
                0x08001c3c                TIM8_TRG_COM_IRQHandler
                0x08001c3c                TIM8_CC_IRQHandler
                0x08001c3c                HRTIM1_Master_IRQHandler
                0x08001c3c                SPI4_IRQHandler
                0x08001c3c                FDCAN3_IT0_IRQHandler
                0x08001c3c                TIM1_CC_IRQHandler
                0x08001c3c                HRTIM1_FLT_IRQHandler
                0x08001c3c                HRTIM1_TIMF_IRQHandler
                0x08001c3c                USB_HP_IRQHandler
                0x08001c3c                CORDIC_IRQHandler
                0x08001c3c                HRTIM1_TIMD_IRQHandler
                0x08001c3c                DMA2_Channel8_IRQHandler
                0x08001c3c                EXTI3_IRQHandler
                0x08001c3c                I2C3_ER_IRQHandler
                0x08001c3c                EXTI0_IRQHandler
                0x08001c3c                I2C2_EV_IRQHandler
                0x08001c3c                FPU_IRQHandler
                0x08001c3c                FDCAN1_IT1_IRQHandler
                0x08001c3c                TIM1_UP_TIM16_IRQHandler
                0x08001c3c                ADC1_2_IRQHandler
                0x08001c3c                HRTIM1_TIME_IRQHandler
                0x08001c3c                SPI1_IRQHandler
                0x08001c3c                TIM6_DAC_IRQHandler
                0x08001c3c                HRTIM1_TIMC_IRQHandler
                0x08001c3c                TIM8_UP_IRQHandler
                0x08001c3c                DMA2_Channel2_IRQHandler
                0x08001c3c                DMA1_Channel4_IRQHandler
                0x08001c3c                TIM20_TRG_COM_IRQHandler
                0x08001c3c                USART3_IRQHandler
                0x08001c3c                DMA1_Channel7_IRQHandler
                0x08001c3c                UART5_IRQHandler
                0x08001c3c                ADC3_IRQHandler
                0x08001c3c                TIM4_IRQHandler
                0x08001c3c                DMA2_Channel1_IRQHandler
                0x08001c3c                QUADSPI_IRQHandler
                0x08001c3c                I2C1_EV_IRQHandler
                0x08001c3c                DMA1_Channel6_IRQHandler
                0x08001c3c                UART4_IRQHandler
                0x08001c3c                DMA2_Channel4_IRQHandler
                0x08001c3c                TIM3_IRQHandler
                0x08001c3c                RCC_IRQHandler
                0x08001c3c                DMA1_Channel1_IRQHandler
                0x08001c3c                Default_Handler
                0x08001c3c                DMA2_Channel7_IRQHandler
                0x08001c3c                RTC_TAMP_LSECSS_IRQHandler
                0x08001c3c                FMAC_IRQHandler
                0x08001c3c                EXTI15_10_IRQHandler
                0x08001c3c                DMA1_Channel8_IRQHandler
                0x08001c3c                HRTIM1_TIMA_IRQHandler
                0x08001c3c                TIM7_DAC_IRQHandler
                0x08001c3c                FDCAN3_IT1_IRQHandler
                0x08001c3c                TIM5_IRQHandler
                0x08001c3c                UCPD1_IRQHandler
                0x08001c3c                I2C3_EV_IRQHandler
                0x08001c3c                EXTI9_5_IRQHandler
                0x08001c3c                RTC_WKUP_IRQHandler
                0x08001c3c                PVD_PVM_IRQHandler
                0x08001c3c                SPI2_IRQHandler
                0x08001c3c                ADC5_IRQHandler
                0x08001c3c                DMA2_Channel5_IRQHandler
                0x08001c3c                CRS_IRQHandler
                0x08001c3c                DMA1_Channel5_IRQHandler
                0x08001c3c                USB_LP_IRQHandler
                0x08001c3c                EXTI4_IRQHandler
                0x08001c3c                RNG_IRQHandler
                0x08001c3c                HRTIM1_TIMB_IRQHandler
                0x08001c3c                TIM1_TRG_COM_TIM17_IRQHandler
                0x08001c3c                DMA1_Channel3_IRQHandler
                0x08001c3c                ADC4_IRQHandler
                0x08001c3c                WWDG_IRQHandler
                0x08001c3c                I2C4_EV_IRQHandler
                0x08001c3c                LPUART1_IRQHandler
                0x08001c3c                DMA2_Channel6_IRQHandler
                0x08001c3c                FDCAN1_IT0_IRQHandler
                0x08001c3c                TIM2_IRQHandler
                0x08001c3c                COMP7_IRQHandler
                0x08001c3c                COMP1_2_3_IRQHandler
                0x08001c3c                EXTI1_IRQHandler
                0x08001c3c                USART2_IRQHandler
                0x08001c3c                COMP4_5_6_IRQHandler
                0x08001c3c                TIM20_BRK_IRQHandler
                0x08001c3c                I2C2_ER_IRQHandler
                0x08001c3c                DMA1_Channel2_IRQHandler
                0x08001c3c                TIM8_BRK_IRQHandler
                0x08001c3c                FLASH_IRQHandler
                0x08001c3c                TIM20_CC_IRQHandler
                0x08001c3c                USART1_IRQHandler
                0x08001c3c                SPI3_IRQHandler
                0x08001c3c                I2C1_ER_IRQHandler
                0x08001c3c                FMC_IRQHandler
                0x08001c3c                LPTIM1_IRQHandler
                0x08001c3c                DMAMUX_OVR_IRQHandler
                0x08001c3c                I2C4_ER_IRQHandler
                0x08001c3c                USBWakeUp_IRQHandler
                0x08001c3c                SAI1_IRQHandler
                0x08001c3c                DMA2_Channel3_IRQHandler
                0x08001c3c                TIM1_BRK_TIM15_IRQHandler
 .text.HAL_Init
                0x08001c3e       0x30 ./Drivers/STM32G4xx_HAL_Driver/Src/stm32g4xx_hal.o
                0x08001c3e                HAL_Init
 *fill*         0x08001c6e        0x2 
 .text.HAL_IncTick
                0x08001c70       0x24 ./Drivers/STM32G4xx_HAL_Driver/Src/stm32g4xx_hal.o
                0x08001c70                HAL_IncTick
 .text.HAL_GetTick
                0x08001c94       0x18 ./Drivers/STM32G4xx_HAL_Driver/Src/stm32g4xx_hal.o
                0x08001c94                HAL_GetTick
 .text.__NVIC_SetPriorityGrouping
                0x08001cac       0x48 ./Drivers/STM32G4xx_HAL_Driver/Src/stm32g4xx_hal_cortex.o
 .text.__NVIC_GetPriorityGrouping
                0x08001cf4       0x1c ./Drivers/STM32G4xx_HAL_Driver/Src/stm32g4xx_hal_cortex.o
 .text.__NVIC_EnableIRQ
                0x08001d10       0x3c ./Drivers/STM32G4xx_HAL_Driver/Src/stm32g4xx_hal_cortex.o
 .text.__NVIC_SetPriority
                0x08001d4c       0x54 ./Drivers/STM32G4xx_HAL_Driver/Src/stm32g4xx_hal_cortex.o
 .text.NVIC_EncodePriority
                0x08001da0       0x66 ./Drivers/STM32G4xx_HAL_Driver/Src/stm32g4xx_hal_cortex.o
 .text.HAL_NVIC_SetPriorityGrouping
                0x08001e06       0x16 ./Drivers/STM32G4xx_HAL_Driver/Src/stm32g4xx_hal_cortex.o
                0x08001e06                HAL_NVIC_SetPriorityGrouping
 .text.HAL_NVIC_SetPriority
                0x08001e1c       0x34 ./Drivers/STM32G4xx_HAL_Driver/Src/stm32g4xx_hal_cortex.o
                0x08001e1c                HAL_NVIC_SetPriority
 .text.HAL_NVIC_EnableIRQ
                0x08001e50       0x1c ./Drivers/STM32G4xx_HAL_Driver/Src/stm32g4xx_hal_cortex.o
                0x08001e50                HAL_NVIC_EnableIRQ
 .text.HAL_FDCAN_Init
                0x08001e6c      0x2b4 ./Drivers/STM32G4xx_HAL_Driver/Src/stm32g4xx_hal_fdcan.o
                0x08001e6c                HAL_FDCAN_Init
 .text.HAL_FDCAN_ConfigFilter
                0x08002120       0xb4 ./Drivers/STM32G4xx_HAL_Driver/Src/stm32g4xx_hal_fdcan.o
                0x08002120                HAL_FDCAN_ConfigFilter
 .text.HAL_FDCAN_ConfigGlobalFilter
                0x080021d4       0x62 ./Drivers/STM32G4xx_HAL_Driver/Src/stm32g4xx_hal_fdcan.o
                0x080021d4                HAL_FDCAN_ConfigGlobalFilter
 .text.HAL_FDCAN_Start
                0x08002236       0x50 ./Drivers/STM32G4xx_HAL_Driver/Src/stm32g4xx_hal_fdcan.o
                0x08002236                HAL_FDCAN_Start
 *fill*         0x08002286        0x2 
 .text.HAL_FDCAN_GetRxMessage
                0x08002288      0x210 ./Drivers/STM32G4xx_HAL_Driver/Src/stm32g4xx_hal_fdcan.o
                0x08002288                HAL_FDCAN_GetRxMessage
 .text.HAL_FDCAN_ActivateNotification
                0x08002498      0x1cc ./Drivers/STM32G4xx_HAL_Driver/Src/stm32g4xx_hal_fdcan.o
                0x08002498                HAL_FDCAN_ActivateNotification
 .text.HAL_FDCAN_IRQHandler
                0x08002664      0x266 ./Drivers/STM32G4xx_HAL_Driver/Src/stm32g4xx_hal_fdcan.o
                0x08002664                HAL_FDCAN_IRQHandler
 .text.HAL_FDCAN_TxEventFifoCallback
                0x080028ca       0x16 ./Drivers/STM32G4xx_HAL_Driver/Src/stm32g4xx_hal_fdcan.o
                0x080028ca                HAL_FDCAN_TxEventFifoCallback
 .text.HAL_FDCAN_RxFifo1Callback
                0x080028e0       0x16 ./Drivers/STM32G4xx_HAL_Driver/Src/stm32g4xx_hal_fdcan.o
                0x080028e0                HAL_FDCAN_RxFifo1Callback
 .text.HAL_FDCAN_TxFifoEmptyCallback
                0x080028f6       0x14 ./Drivers/STM32G4xx_HAL_Driver/Src/stm32g4xx_hal_fdcan.o
                0x080028f6                HAL_FDCAN_TxFifoEmptyCallback
 .text.HAL_FDCAN_TxBufferCompleteCallback
                0x0800290a       0x16 ./Drivers/STM32G4xx_HAL_Driver/Src/stm32g4xx_hal_fdcan.o
                0x0800290a                HAL_FDCAN_TxBufferCompleteCallback
 .text.HAL_FDCAN_TxBufferAbortCallback
                0x08002920       0x16 ./Drivers/STM32G4xx_HAL_Driver/Src/stm32g4xx_hal_fdcan.o
                0x08002920                HAL_FDCAN_TxBufferAbortCallback
 .text.HAL_FDCAN_TimestampWraparoundCallback
                0x08002936       0x14 ./Drivers/STM32G4xx_HAL_Driver/Src/stm32g4xx_hal_fdcan.o
                0x08002936                HAL_FDCAN_TimestampWraparoundCallback
 .text.HAL_FDCAN_TimeoutOccurredCallback
                0x0800294a       0x14 ./Drivers/STM32G4xx_HAL_Driver/Src/stm32g4xx_hal_fdcan.o
                0x0800294a                HAL_FDCAN_TimeoutOccurredCallback
 .text.HAL_FDCAN_HighPriorityMessageCallback
                0x0800295e       0x14 ./Drivers/STM32G4xx_HAL_Driver/Src/stm32g4xx_hal_fdcan.o
                0x0800295e                HAL_FDCAN_HighPriorityMessageCallback
 .text.HAL_FDCAN_ErrorCallback
                0x08002972       0x14 ./Drivers/STM32G4xx_HAL_Driver/Src/stm32g4xx_hal_fdcan.o
                0x08002972                HAL_FDCAN_ErrorCallback
 .text.HAL_FDCAN_ErrorStatusCallback
                0x08002986       0x16 ./Drivers/STM32G4xx_HAL_Driver/Src/stm32g4xx_hal_fdcan.o
                0x08002986                HAL_FDCAN_ErrorStatusCallback
 .text.FDCAN_CalcultateRamBlockAddresses
                0x0800299c       0xd8 ./Drivers/STM32G4xx_HAL_Driver/Src/stm32g4xx_hal_fdcan.o
 .text.HAL_GPIO_Init
                0x08002a74      0x304 ./Drivers/STM32G4xx_HAL_Driver/Src/stm32g4xx_hal_gpio.o
                0x08002a74                HAL_GPIO_Init
 .text.HAL_GPIO_ReadPin
                0x08002d78       0x30 ./Drivers/STM32G4xx_HAL_Driver/Src/stm32g4xx_hal_gpio.o
                0x08002d78                HAL_GPIO_ReadPin
 .text.HAL_GPIO_WritePin
                0x08002da8       0x30 ./Drivers/STM32G4xx_HAL_Driver/Src/stm32g4xx_hal_gpio.o
                0x08002da8                HAL_GPIO_WritePin
 .text.HAL_I2C_Init
                0x08002dd8      0x136 ./Drivers/STM32G4xx_HAL_Driver/Src/stm32g4xx_hal_i2c.o
                0x08002dd8                HAL_I2C_Init
 .text.HAL_I2CEx_ConfigAnalogFilter
                0x08002f0e       0x96 ./Drivers/STM32G4xx_HAL_Driver/Src/stm32g4xx_hal_i2c_ex.o
                0x08002f0e                HAL_I2CEx_ConfigAnalogFilter
 .text.HAL_I2CEx_ConfigDigitalFilter
                0x08002fa4       0x98 ./Drivers/STM32G4xx_HAL_Driver/Src/stm32g4xx_hal_i2c_ex.o
                0x08002fa4                HAL_I2CEx_ConfigDigitalFilter
 .text.HAL_PWREx_ControlVoltageScaling
                0x0800303c      0x148 ./Drivers/STM32G4xx_HAL_Driver/Src/stm32g4xx_hal_pwr_ex.o
                0x0800303c                HAL_PWREx_ControlVoltageScaling
 .text.HAL_PWREx_DisableUCPDDeadBattery
                0x08003184       0x20 ./Drivers/STM32G4xx_HAL_Driver/Src/stm32g4xx_hal_pwr_ex.o
                0x08003184                HAL_PWREx_DisableUCPDDeadBattery
 .text.HAL_RCC_OscConfig
                0x080031a4      0x624 ./Drivers/STM32G4xx_HAL_Driver/Src/stm32g4xx_hal_rcc.o
                0x080031a4                HAL_RCC_OscConfig
 .text.HAL_RCC_ClockConfig
                0x080037c8      0x278 ./Drivers/STM32G4xx_HAL_Driver/Src/stm32g4xx_hal_rcc.o
                0x080037c8                HAL_RCC_ClockConfig
 .text.HAL_RCC_GetSysClockFreq
                0x08003a40       0xc4 ./Drivers/STM32G4xx_HAL_Driver/Src/stm32g4xx_hal_rcc.o
                0x08003a40                HAL_RCC_GetSysClockFreq
 .text.HAL_RCC_GetHCLKFreq
                0x08003b04       0x18 ./Drivers/STM32G4xx_HAL_Driver/Src/stm32g4xx_hal_rcc.o
                0x08003b04                HAL_RCC_GetHCLKFreq
 .text.HAL_RCC_GetPCLK1Freq
                0x08003b1c       0x2c ./Drivers/STM32G4xx_HAL_Driver/Src/stm32g4xx_hal_rcc.o
                0x08003b1c                HAL_RCC_GetPCLK1Freq
 .text.HAL_RCC_GetPCLK2Freq
                0x08003b48       0x2c ./Drivers/STM32G4xx_HAL_Driver/Src/stm32g4xx_hal_rcc.o
                0x08003b48                HAL_RCC_GetPCLK2Freq
 .text.HAL_RCC_GetClockConfig
                0x08003b74       0x64 ./Drivers/STM32G4xx_HAL_Driver/Src/stm32g4xx_hal_rcc.o
                0x08003b74                HAL_RCC_GetClockConfig
 .text.RCC_GetSysClockFreqFromPLLSource
                0x08003bd8       0x8c ./Drivers/STM32G4xx_HAL_Driver/Src/stm32g4xx_hal_rcc.o
 .text.HAL_RCCEx_PeriphCLKConfig
                0x08003c64      0x49c ./Drivers/STM32G4xx_HAL_Driver/Src/stm32g4xx_hal_rcc_ex.o
                0x08003c64                HAL_RCCEx_PeriphCLKConfig
 .text.HAL_SPI_Init
                0x08004100      0x156 ./Drivers/STM32G4xx_HAL_Driver/Src/stm32g4xx_hal_spi.o
                0x08004100                HAL_SPI_Init
 .text.HAL_SPI_Transmit
                0x08004256      0x2ec ./Drivers/STM32G4xx_HAL_Driver/Src/stm32g4xx_hal_spi.o
                0x08004256                HAL_SPI_Transmit
 .text.HAL_SPI_Receive
                0x08004542      0x270 ./Drivers/STM32G4xx_HAL_Driver/Src/stm32g4xx_hal_spi.o
                0x08004542                HAL_SPI_Receive
 .text.HAL_SPI_TransmitReceive
                0x080047b2      0x43e ./Drivers/STM32G4xx_HAL_Driver/Src/stm32g4xx_hal_spi.o
                0x080047b2                HAL_SPI_TransmitReceive
 .text.SPI_WaitFlagStateUntilTimeout
                0x08004bf0      0x110 ./Drivers/STM32G4xx_HAL_Driver/Src/stm32g4xx_hal_spi.o
 .text.SPI_WaitFifoStateUntilTimeout
                0x08004d00      0x12c ./Drivers/STM32G4xx_HAL_Driver/Src/stm32g4xx_hal_spi.o
 .text.SPI_EndRxTransaction
                0x08004e2c       0xb0 ./Drivers/STM32G4xx_HAL_Driver/Src/stm32g4xx_hal_spi.o
 .text.SPI_EndRxTxTransaction
                0x08004edc       0x8c ./Drivers/STM32G4xx_HAL_Driver/Src/stm32g4xx_hal_spi.o
 .text.HAL_TIM_Base_Init
                0x08004f68       0xae ./Drivers/STM32G4xx_HAL_Driver/Src/stm32g4xx_hal_tim.o
                0x08004f68                HAL_TIM_Base_Init
 .text.HAL_TIM_Base_MspInit
                0x08005016       0x14 ./Drivers/STM32G4xx_HAL_Driver/Src/stm32g4xx_hal_tim.o
                0x08005016                HAL_TIM_Base_MspInit
 *fill*         0x0800502a        0x2 
 .text.HAL_TIM_Base_Start_IT
                0x0800502c       0xf0 ./Drivers/STM32G4xx_HAL_Driver/Src/stm32g4xx_hal_tim.o
                0x0800502c                HAL_TIM_Base_Start_IT
 .text.HAL_TIM_IRQHandler
                0x0800511c      0x29e ./Drivers/STM32G4xx_HAL_Driver/Src/stm32g4xx_hal_tim.o
                0x0800511c                HAL_TIM_IRQHandler
 .text.HAL_TIM_OC_DelayElapsedCallback
                0x080053ba       0x14 ./Drivers/STM32G4xx_HAL_Driver/Src/stm32g4xx_hal_tim.o
                0x080053ba                HAL_TIM_OC_DelayElapsedCallback
 .text.HAL_TIM_IC_CaptureCallback
                0x080053ce       0x14 ./Drivers/STM32G4xx_HAL_Driver/Src/stm32g4xx_hal_tim.o
                0x080053ce                HAL_TIM_IC_CaptureCallback
 .text.HAL_TIM_PWM_PulseFinishedCallback
                0x080053e2       0x14 ./Drivers/STM32G4xx_HAL_Driver/Src/stm32g4xx_hal_tim.o
                0x080053e2                HAL_TIM_PWM_PulseFinishedCallback
 .text.HAL_TIM_TriggerCallback
                0x080053f6       0x14 ./Drivers/STM32G4xx_HAL_Driver/Src/stm32g4xx_hal_tim.o
                0x080053f6                HAL_TIM_TriggerCallback
 *fill*         0x0800540a        0x2 
 .text.TIM_Base_SetConfig
                0x0800540c      0x168 ./Drivers/STM32G4xx_HAL_Driver/Src/stm32g4xx_hal_tim.o
                0x0800540c                TIM_Base_SetConfig
 .text.HAL_TIMEx_CommutCallback
                0x08005574       0x14 ./Drivers/STM32G4xx_HAL_Driver/Src/stm32g4xx_hal_tim_ex.o
                0x08005574                HAL_TIMEx_CommutCallback
 .text.HAL_TIMEx_BreakCallback
                0x08005588       0x14 ./Drivers/STM32G4xx_HAL_Driver/Src/stm32g4xx_hal_tim_ex.o
                0x08005588                HAL_TIMEx_BreakCallback
 .text.HAL_TIMEx_Break2Callback
                0x0800559c       0x14 ./Drivers/STM32G4xx_HAL_Driver/Src/stm32g4xx_hal_tim_ex.o
                0x0800559c                HAL_TIMEx_Break2Callback
 .text.HAL_TIMEx_EncoderIndexCallback
                0x080055b0       0x14 ./Drivers/STM32G4xx_HAL_Driver/Src/stm32g4xx_hal_tim_ex.o
                0x080055b0                HAL_TIMEx_EncoderIndexCallback
 .text.HAL_TIMEx_DirectionChangeCallback
                0x080055c4       0x14 ./Drivers/STM32G4xx_HAL_Driver/Src/stm32g4xx_hal_tim_ex.o
                0x080055c4                HAL_TIMEx_DirectionChangeCallback
 .text.HAL_TIMEx_IndexErrorCallback
                0x080055d8       0x14 ./Drivers/STM32G4xx_HAL_Driver/Src/stm32g4xx_hal_tim_ex.o
                0x080055d8                HAL_TIMEx_IndexErrorCallback
 .text.HAL_TIMEx_TransitionErrorCallback
                0x080055ec       0x14 ./Drivers/STM32G4xx_HAL_Driver/Src/stm32g4xx_hal_tim_ex.o
                0x080055ec                HAL_TIMEx_TransitionErrorCallback
 .text.HAL_UART_Init
                0x08005600       0xa0 ./Drivers/STM32G4xx_HAL_Driver/Src/stm32g4xx_hal_uart.o
                0x08005600                HAL_UART_Init
 .text.HAL_UART_Transmit
                0x080056a0      0x11c ./Drivers/STM32G4xx_HAL_Driver/Src/stm32g4xx_hal_uart.o
                0x080056a0                HAL_UART_Transmit
 .text.UART_SetConfig
                0x080057bc      0x5f8 ./Drivers/STM32G4xx_HAL_Driver/Src/stm32g4xx_hal_uart.o
                0x080057bc                UART_SetConfig
 .text.UART_AdvFeatureConfig
                0x08005db4      0x144 ./Drivers/STM32G4xx_HAL_Driver/Src/stm32g4xx_hal_uart.o
                0x08005db4                UART_AdvFeatureConfig
 .text.UART_CheckIdleState
                0x08005ef8      0x154 ./Drivers/STM32G4xx_HAL_Driver/Src/stm32g4xx_hal_uart.o
                0x08005ef8                UART_CheckIdleState
 .text.UART_WaitOnFlagUntilTimeout
                0x0800604c       0xda ./Drivers/STM32G4xx_HAL_Driver/Src/stm32g4xx_hal_uart.o
                0x0800604c                UART_WaitOnFlagUntilTimeout
 .text.UART_EndRxTransfer
                0x08006126       0xcc ./Drivers/STM32G4xx_HAL_Driver/Src/stm32g4xx_hal_uart.o
 .text.HAL_UARTEx_DisableFifoMode
                0x080061f2       0x72 ./Drivers/STM32G4xx_HAL_Driver/Src/stm32g4xx_hal_uart_ex.o
                0x080061f2                HAL_UARTEx_DisableFifoMode
 .text.HAL_UARTEx_SetTxFifoThreshold
                0x08006264       0x7c ./Drivers/STM32G4xx_HAL_Driver/Src/stm32g4xx_hal_uart_ex.o
                0x08006264                HAL_UARTEx_SetTxFifoThreshold
 .text.HAL_UARTEx_SetRxFifoThreshold
                0x080062e0       0x7c ./Drivers/STM32G4xx_HAL_Driver/Src/stm32g4xx_hal_uart_ex.o
                0x080062e0                HAL_UARTEx_SetRxFifoThreshold
 .text.UARTEx_SetNbDataToProcess
                0x0800635c       0x9c ./Drivers/STM32G4xx_HAL_Driver/Src/stm32g4xx_hal_uart_ex.o
 .text.rf_set_op_mode
                0x080063f8       0x9c ./EcoLib/drivers/semtech/hoperf/rfm95/src/rf-rfm95.o
                0x080063f8                rf_set_op_mode
 .text.rf_initialize_radio
                0x08006494      0x1d8 ./EcoLib/drivers/semtech/hoperf/rfm95/src/rf-rfm95.o
                0x08006494                rf_initialize_radio
 .text.rf_send  0x0800666c      0x2bc ./EcoLib/drivers/semtech/hoperf/rfm95/src/rf-rfm95.o
                0x0800666c                rf_send
 .text.rf_set_frequency
                0x08006928       0xa4 ./EcoLib/drivers/semtech/hoperf/rfm95/src/rf-rfm95.o
                0x08006928                rf_set_frequency
 .text.rf_set_tx_power
                0x080069cc      0x100 ./EcoLib/drivers/semtech/hoperf/rfm95/src/rf-rfm95.o
                0x080069cc                rf_set_tx_power
 .text.rf_spi_read_register
                0x08006acc       0x9c ./EcoLib/drivers/semtech/hoperf/rfm95/src/rf-rfm95.o
                0x08006acc                rf_spi_read_register
 .text.rf_spi_write_register
                0x08006b68       0x80 ./EcoLib/drivers/semtech/hoperf/rfm95/src/rf-rfm95.o
                0x08006b68                rf_spi_write_register
 .text.rf_reset
                0x08006be8       0x4c ./EcoLib/drivers/semtech/hoperf/rfm95/src/rf-rfm95.o
                0x08006be8                rf_reset
 .text.rf_set_spread_factor
                0x08006c34      0x204 ./EcoLib/drivers/semtech/hoperf/rfm95/src/rf-rfm95.o
                0x08006c34                rf_set_spread_factor
 .text.rf_get_spread_factor
                0x08006e38       0x54 ./EcoLib/drivers/semtech/hoperf/rfm95/src/rf-rfm95.o
                0x08006e38                rf_get_spread_factor
 .text.rf_set_bandwidth
                0x08006e8c      0x118 ./EcoLib/drivers/semtech/hoperf/rfm95/src/rf-rfm95.o
                0x08006e8c                rf_set_bandwidth
 .text.rf_get_bandwidth
                0x08006fa4       0xf0 ./EcoLib/drivers/semtech/hoperf/rfm95/src/rf-rfm95.o
                0x08006fa4                rf_get_bandwidth
 .text.rf_recieve_single
                0x08007094      0x214 ./EcoLib/drivers/semtech/hoperf/rfm95/src/rf-rfm95.o
                0x08007094                rf_recieve_single
 .text.rf_read  0x080072a8       0x3c ./EcoLib/drivers/semtech/hoperf/rfm95/src/rf-rfm95.o
                0x080072a8                rf_read
 .text.rf_read_packet
                0x080072e4       0x80 ./EcoLib/drivers/semtech/hoperf/rfm95/src/rf-rfm95.o
                0x080072e4                rf_read_packet
 .text.rf_set_ocp
                0x08007364       0x88 ./EcoLib/drivers/semtech/hoperf/rfm95/src/rf-rfm95.o
                0x08007364                rf_set_ocp
 .text.rf_packet_rssi
                0x080073ec       0x54 ./EcoLib/drivers/semtech/hoperf/rfm95/src/rf-rfm95.o
                0x080073ec                rf_packet_rssi
 .text.rf_packet_snr
                0x08007440       0x54 ./EcoLib/drivers/semtech/hoperf/rfm95/src/rf-rfm95.o
                0x08007440                rf_packet_snr
 .text.rf_set_coding_rate
                0x08007494       0x90 ./EcoLib/drivers/semtech/hoperf/rfm95/src/rf-rfm95.o
                0x08007494                rf_set_coding_rate
 .text.mapDlcToBytes
                0x08007524       0x78 ./EcoLib/ecocan/ecocar_can.o
                0x08007524                mapDlcToBytes
 .text.__NVIC_SetPriority
                0x0800759c       0x54 ./Middlewares/Third_Party/FreeRTOS/Source/CMSIS_RTOS_V2/cmsis_os2.o
 .text.SysTick_Handler
                0x080075f0       0x20 ./Middlewares/Third_Party/FreeRTOS/Source/CMSIS_RTOS_V2/cmsis_os2.o
                0x080075f0                SysTick_Handler
 .text.SVC_Setup
                0x08007610       0x12 ./Middlewares/Third_Party/FreeRTOS/Source/CMSIS_RTOS_V2/cmsis_os2.o
 *fill*         0x08007622        0x2 
 .text.osKernelInitialize
                0x08007624       0x48 ./Middlewares/Third_Party/FreeRTOS/Source/CMSIS_RTOS_V2/cmsis_os2.o
                0x08007624                osKernelInitialize
 .text.osKernelStart
                0x0800766c       0x4c ./Middlewares/Third_Party/FreeRTOS/Source/CMSIS_RTOS_V2/cmsis_os2.o
                0x0800766c                osKernelStart
 .text.osThreadNew
                0x080076b8      0x124 ./Middlewares/Third_Party/FreeRTOS/Source/CMSIS_RTOS_V2/cmsis_os2.o
                0x080076b8                osThreadNew
 .text.osDelay  0x080077dc       0x36 ./Middlewares/Third_Party/FreeRTOS/Source/CMSIS_RTOS_V2/cmsis_os2.o
                0x080077dc                osDelay
 .text.osMessageQueueNew
                0x08007812       0xe6 ./Middlewares/Third_Party/FreeRTOS/Source/CMSIS_RTOS_V2/cmsis_os2.o
                0x08007812                osMessageQueueNew
 .text.osMessageQueuePut
                0x080078f8       0xc0 ./Middlewares/Third_Party/FreeRTOS/Source/CMSIS_RTOS_V2/cmsis_os2.o
                0x080078f8                osMessageQueuePut
 .text.osMessageQueueGet
                0x080079b8       0xbc ./Middlewares/Third_Party/FreeRTOS/Source/CMSIS_RTOS_V2/cmsis_os2.o
                0x080079b8                osMessageQueueGet
 .text.vApplicationGetIdleTaskMemory
                0x08007a74       0x34 ./Middlewares/Third_Party/FreeRTOS/Source/CMSIS_RTOS_V2/cmsis_os2.o
                0x08007a74                vApplicationGetIdleTaskMemory
 .text.vApplicationGetTimerTaskMemory
                0x08007aa8       0x34 ./Middlewares/Third_Party/FreeRTOS/Source/CMSIS_RTOS_V2/cmsis_os2.o
                0x08007aa8                vApplicationGetTimerTaskMemory
 .text.vListInitialise
                0x08007adc       0x40 ./Middlewares/Third_Party/FreeRTOS/Source/list.o
                0x08007adc                vListInitialise
 .text.vListInitialiseItem
                0x08007b1c       0x1a ./Middlewares/Third_Party/FreeRTOS/Source/list.o
                0x08007b1c                vListInitialiseItem
 .text.vListInsertEnd
                0x08007b36       0x48 ./Middlewares/Third_Party/FreeRTOS/Source/list.o
                0x08007b36                vListInsertEnd
 .text.vListInsert
                0x08007b7e       0x72 ./Middlewares/Third_Party/FreeRTOS/Source/list.o
                0x08007b7e                vListInsert
 .text.uxListRemove
                0x08007bf0       0x54 ./Middlewares/Third_Party/FreeRTOS/Source/list.o
                0x08007bf0                uxListRemove
 .text.xQueueGenericReset
                0x08007c44       0xd4 ./Middlewares/Third_Party/FreeRTOS/Source/queue.o
                0x08007c44                xQueueGenericReset
 .text.xQueueGenericCreateStatic
                0x08007d18       0xfa ./Middlewares/Third_Party/FreeRTOS/Source/queue.o
                0x08007d18                xQueueGenericCreateStatic
 .text.xQueueGenericCreate
                0x08007e12       0x76 ./Middlewares/Third_Party/FreeRTOS/Source/queue.o
                0x08007e12                xQueueGenericCreate
 .text.prvInitialiseNewQueue
                0x08007e88       0x46 ./Middlewares/Third_Party/FreeRTOS/Source/queue.o
 *fill*         0x08007ece        0x2 
 .text.xQueueGenericSend
                0x08007ed0      0x204 ./Middlewares/Third_Party/FreeRTOS/Source/queue.o
                0x08007ed0                xQueueGenericSend
 .text.xQueueGenericSendFromISR
                0x080080d4      0x13c ./Middlewares/Third_Party/FreeRTOS/Source/queue.o
                0x080080d4                xQueueGenericSendFromISR
 .text.xQueueReceive
                0x08008210      0x1c4 ./Middlewares/Third_Party/FreeRTOS/Source/queue.o
                0x08008210                xQueueReceive
 .text.xQueueReceiveFromISR
                0x080083d4      0x104 ./Middlewares/Third_Party/FreeRTOS/Source/queue.o
                0x080083d4                xQueueReceiveFromISR
 .text.prvCopyDataToQueue
                0x080084d8       0xd4 ./Middlewares/Third_Party/FreeRTOS/Source/queue.o
 .text.prvCopyDataFromQueue
                0x080085ac       0x4c ./Middlewares/Third_Party/FreeRTOS/Source/queue.o
 .text.prvUnlockQueue
                0x080085f8       0xa4 ./Middlewares/Third_Party/FreeRTOS/Source/queue.o
 .text.prvIsQueueEmpty
                0x0800869c       0x2c ./Middlewares/Third_Party/FreeRTOS/Source/queue.o
 .text.prvIsQueueFull
                0x080086c8       0x30 ./Middlewares/Third_Party/FreeRTOS/Source/queue.o
 .text.vQueueAddToRegistry
                0x080086f8       0x54 ./Middlewares/Third_Party/FreeRTOS/Source/queue.o
                0x080086f8                vQueueAddToRegistry
 .text.vQueueWaitForMessageRestricted
                0x0800874c       0x68 ./Middlewares/Third_Party/FreeRTOS/Source/queue.o
                0x0800874c                vQueueWaitForMessageRestricted
 .text.xTaskCreateStatic
                0x080087b4       0xc0 ./Middlewares/Third_Party/FreeRTOS/Source/tasks.o
                0x080087b4                xTaskCreateStatic
 .text.xTaskCreate
                0x08008874       0x8a ./Middlewares/Third_Party/FreeRTOS/Source/tasks.o
                0x08008874                xTaskCreate
 .text.prvInitialiseNewTask
                0x080088fe      0x120 ./Middlewares/Third_Party/FreeRTOS/Source/tasks.o
 *fill*         0x08008a1e        0x2 
 .text.prvAddNewTaskToReadyList
                0x08008a20       0xe0 ./Middlewares/Third_Party/FreeRTOS/Source/tasks.o
 .text.vTaskDelay
                0x08008b00       0x6c ./Middlewares/Third_Party/FreeRTOS/Source/tasks.o
                0x08008b00                vTaskDelay
 .text.vTaskStartScheduler
                0x08008b6c       0xd0 ./Middlewares/Third_Party/FreeRTOS/Source/tasks.o
                0x08008b6c                vTaskStartScheduler
 .text.vTaskSuspendAll
                0x08008c3c       0x1c ./Middlewares/Third_Party/FreeRTOS/Source/tasks.o
                0x08008c3c                vTaskSuspendAll
 .text.xTaskResumeAll
                0x08008c58      0x13c ./Middlewares/Third_Party/FreeRTOS/Source/tasks.o
                0x08008c58                xTaskResumeAll
 .text.xTaskGetTickCount
                0x08008d94       0x20 ./Middlewares/Third_Party/FreeRTOS/Source/tasks.o
                0x08008d94                xTaskGetTickCount
 .text.xTaskIncrementTick
                0x08008db4      0x174 ./Middlewares/Third_Party/FreeRTOS/Source/tasks.o
                0x08008db4                xTaskIncrementTick
 .text.vTaskSwitchContext
                0x08008f28       0xbc ./Middlewares/Third_Party/FreeRTOS/Source/tasks.o
                0x08008f28                vTaskSwitchContext
 .text.vTaskPlaceOnEventList
                0x08008fe4       0x4c ./Middlewares/Third_Party/FreeRTOS/Source/tasks.o
                0x08008fe4                vTaskPlaceOnEventList
 .text.vTaskPlaceOnEventListRestricted
                0x08009030       0x58 ./Middlewares/Third_Party/FreeRTOS/Source/tasks.o
                0x08009030                vTaskPlaceOnEventListRestricted
 .text.xTaskRemoveFromEventList
                0x08009088       0xc8 ./Middlewares/Third_Party/FreeRTOS/Source/tasks.o
                0x08009088                xTaskRemoveFromEventList
 .text.vTaskInternalSetTimeOutState
                0x08009150       0x2c ./Middlewares/Third_Party/FreeRTOS/Source/tasks.o
                0x08009150                vTaskInternalSetTimeOutState
 .text.xTaskCheckForTimeOut
                0x0800917c       0xc8 ./Middlewares/Third_Party/FreeRTOS/Source/tasks.o
                0x0800917c                xTaskCheckForTimeOut
 .text.vTaskMissedYield
                0x08009244       0x18 ./Middlewares/Third_Party/FreeRTOS/Source/tasks.o
                0x08009244                vTaskMissedYield
 .text.prvIdleTask
                0x0800925c       0x30 ./Middlewares/Third_Party/FreeRTOS/Source/tasks.o
 .text.prvInitialiseTaskLists
                0x0800928c       0x80 ./Middlewares/Third_Party/FreeRTOS/Source/tasks.o
 .text.prvCheckTasksWaitingTermination
                0x0800930c       0x5c ./Middlewares/Third_Party/FreeRTOS/Source/tasks.o
 .text.prvDeleteTCB
                0x08009368       0x60 ./Middlewares/Third_Party/FreeRTOS/Source/tasks.o
 .text.prvResetNextTaskUnblockTime
                0x080093c8       0x40 ./Middlewares/Third_Party/FreeRTOS/Source/tasks.o
 .text.xTaskGetSchedulerState
                0x08009408       0x3c ./Middlewares/Third_Party/FreeRTOS/Source/tasks.o
                0x08009408                xTaskGetSchedulerState
 .text.xTaskPriorityDisinherit
                0x08009444       0xe0 ./Middlewares/Third_Party/FreeRTOS/Source/tasks.o
                0x08009444                xTaskPriorityDisinherit
 .text.prvAddCurrentTaskToDelayedList
                0x08009524       0xa8 ./Middlewares/Third_Party/FreeRTOS/Source/tasks.o
 .text.xTimerCreateTimerTask
                0x080095cc       0x94 ./Middlewares/Third_Party/FreeRTOS/Source/timers.o
                0x080095cc                xTimerCreateTimerTask
 .text.xTimerGenericCommand
                0x08009660       0x9c ./Middlewares/Third_Party/FreeRTOS/Source/timers.o
                0x08009660                xTimerGenericCommand
 .text.prvProcessExpiredTimer
                0x080096fc       0x9c ./Middlewares/Third_Party/FreeRTOS/Source/timers.o
 .text.prvTimerTask
                0x08009798       0x26 ./Middlewares/Third_Party/FreeRTOS/Source/timers.o
 *fill*         0x080097be        0x2 
 .text.prvProcessTimerOrBlockTask
                0x080097c0       0x9c ./Middlewares/Third_Party/FreeRTOS/Source/timers.o
 .text.prvGetNextExpireTime
                0x0800985c       0x48 ./Middlewares/Third_Party/FreeRTOS/Source/timers.o
 .text.prvSampleTimeNow
                0x080098a4       0x40 ./Middlewares/Third_Party/FreeRTOS/Source/timers.o
 .text.prvInsertTimerInActiveList
                0x080098e4       0x84 ./Middlewares/Third_Party/FreeRTOS/Source/timers.o
 .text.prvProcessReceivedCommands
                0x08009968      0x1cc ./Middlewares/Third_Party/FreeRTOS/Source/timers.o
 .text.prvSwitchTimerLists
                0x08009b34       0xcc ./Middlewares/Third_Party/FreeRTOS/Source/timers.o
 .text.prvCheckForValidListAndQueue
                0x08009c00       0x80 ./Middlewares/Third_Party/FreeRTOS/Source/timers.o
 .text.pxPortInitialiseStack
                0x08009c80       0x68 ./Middlewares/Third_Party/FreeRTOS/Source/portable/GCC/ARM_CM4F/port.o
                0x08009c80                pxPortInitialiseStack
 .text.prvTaskExitError
                0x08009ce8       0x5c ./Middlewares/Third_Party/FreeRTOS/Source/portable/GCC/ARM_CM4F/port.o
 *fill*         0x08009d44        0xc 
 .text.SVC_Handler
                0x08009d50       0x28 ./Middlewares/Third_Party/FreeRTOS/Source/portable/GCC/ARM_CM4F/port.o
                0x08009d50                SVC_Handler
 .text.prvPortStartFirstTask
                0x08009d78       0x28 ./Middlewares/Third_Party/FreeRTOS/Source/portable/GCC/ARM_CM4F/port.o
 .text.xPortStartScheduler
                0x08009da0      0x148 ./Middlewares/Third_Party/FreeRTOS/Source/portable/GCC/ARM_CM4F/port.o
                0x08009da0                xPortStartScheduler
 .text.vPortEnterCritical
                0x08009ee8       0x64 ./Middlewares/Third_Party/FreeRTOS/Source/portable/GCC/ARM_CM4F/port.o
                0x08009ee8                vPortEnterCritical
 .text.vPortExitCritical
                0x08009f4c       0x54 ./Middlewares/Third_Party/FreeRTOS/Source/portable/GCC/ARM_CM4F/port.o
                0x08009f4c                vPortExitCritical
 .text.PendSV_Handler
                0x08009fa0       0x68 ./Middlewares/Third_Party/FreeRTOS/Source/portable/GCC/ARM_CM4F/port.o
                0x08009fa0                PendSV_Handler
 .text.xPortSysTickHandler
                0x0800a008       0x44 ./Middlewares/Third_Party/FreeRTOS/Source/portable/GCC/ARM_CM4F/port.o
                0x0800a008                xPortSysTickHandler
 .text.vPortSetupTimerInterrupt
                0x0800a04c       0x48 ./Middlewares/Third_Party/FreeRTOS/Source/portable/GCC/ARM_CM4F/port.o
                0x0800a04c                vPortSetupTimerInterrupt
 .text.vPortEnableVFP
                0x0800a094       0x14 ./Middlewares/Third_Party/FreeRTOS/Source/portable/GCC/ARM_CM4F/port.o
 .text.vPortValidateInterruptPriority
                0x0800a0a8       0x84 ./Middlewares/Third_Party/FreeRTOS/Source/portable/GCC/ARM_CM4F/port.o
                0x0800a0a8                vPortValidateInterruptPriority
 .text.pvPortMalloc
                0x0800a12c      0x19c ./Middlewares/Third_Party/FreeRTOS/Source/portable/MemMang/heap_4.o
                0x0800a12c                pvPortMalloc
 .text.vPortFree
                0x0800a2c8       0xc8 ./Middlewares/Third_Party/FreeRTOS/Source/portable/MemMang/heap_4.o
                0x0800a2c8                vPortFree
 .text.prvHeapInit
                0x0800a390       0xc4 ./Middlewares/Third_Party/FreeRTOS/Source/portable/MemMang/heap_4.o
 .text.prvInsertBlockIntoFreeList
                0x0800a454       0xb4 ./Middlewares/Third_Party/FreeRTOS/Source/portable/MemMang/heap_4.o
 .text.std      0x0800a508       0x6c C:/ST/STM32CubeIDE_1.11.2/STM32CubeIDE/plugins/com.st.stm32cube.ide.mcu.externaltools.gnu-tools-for-stm32.13.3.rel1.win32_1.0.0.202411081344/tools/bin/../lib/gcc/arm-none-eabi/13.3.1/../../../../arm-none-eabi/lib/thumb/v7e-m+fp/hard\libc_nano.a(libc_a-findfp.o)
 .text.stdio_exit_handler
                0x0800a574       0x18 C:/ST/STM32CubeIDE_1.11.2/STM32CubeIDE/plugins/com.st.stm32cube.ide.mcu.externaltools.gnu-tools-for-stm32.13.3.rel1.win32_1.0.0.202411081344/tools/bin/../lib/gcc/arm-none-eabi/13.3.1/../../../../arm-none-eabi/lib/thumb/v7e-m+fp/hard\libc_nano.a(libc_a-findfp.o)
 .text.cleanup_stdio
                0x0800a58c       0x40 C:/ST/STM32CubeIDE_1.11.2/STM32CubeIDE/plugins/com.st.stm32cube.ide.mcu.externaltools.gnu-tools-for-stm32.13.3.rel1.win32_1.0.0.202411081344/tools/bin/../lib/gcc/arm-none-eabi/13.3.1/../../../../arm-none-eabi/lib/thumb/v7e-m+fp/hard\libc_nano.a(libc_a-findfp.o)
 .text.global_stdio_init.part.0
                0x0800a5cc       0x3c C:/ST/STM32CubeIDE_1.11.2/STM32CubeIDE/plugins/com.st.stm32cube.ide.mcu.externaltools.gnu-tools-for-stm32.13.3.rel1.win32_1.0.0.202411081344/tools/bin/../lib/gcc/arm-none-eabi/13.3.1/../../../../arm-none-eabi/lib/thumb/v7e-m+fp/hard\libc_nano.a(libc_a-findfp.o)
 .text.__sfp_lock_acquire
                0x0800a608        0xc C:/ST/STM32CubeIDE_1.11.2/STM32CubeIDE/plugins/com.st.stm32cube.ide.mcu.externaltools.gnu-tools-for-stm32.13.3.rel1.win32_1.0.0.202411081344/tools/bin/../lib/gcc/arm-none-eabi/13.3.1/../../../../arm-none-eabi/lib/thumb/v7e-m+fp/hard\libc_nano.a(libc_a-findfp.o)
                0x0800a608                __sfp_lock_acquire
 .text.__sfp_lock_release
                0x0800a614        0xc C:/ST/STM32CubeIDE_1.11.2/STM32CubeIDE/plugins/com.st.stm32cube.ide.mcu.externaltools.gnu-tools-for-stm32.13.3.rel1.win32_1.0.0.202411081344/tools/bin/../lib/gcc/arm-none-eabi/13.3.1/../../../../arm-none-eabi/lib/thumb/v7e-m+fp/hard\libc_nano.a(libc_a-findfp.o)
                0x0800a614                __sfp_lock_release
 .text.__sinit  0x0800a620       0x30 C:/ST/STM32CubeIDE_1.11.2/STM32CubeIDE/plugins/com.st.stm32cube.ide.mcu.externaltools.gnu-tools-for-stm32.13.3.rel1.win32_1.0.0.202411081344/tools/bin/../lib/gcc/arm-none-eabi/13.3.1/../../../../arm-none-eabi/lib/thumb/v7e-m+fp/hard\libc_nano.a(libc_a-findfp.o)
                0x0800a620                __sinit
 .text._fwalk_sglue
                0x0800a650       0x3c C:/ST/STM32CubeIDE_1.11.2/STM32CubeIDE/plugins/com.st.stm32cube.ide.mcu.externaltools.gnu-tools-for-stm32.13.3.rel1.win32_1.0.0.202411081344/tools/bin/../lib/gcc/arm-none-eabi/13.3.1/../../../../arm-none-eabi/lib/thumb/v7e-m+fp/hard\libc_nano.a(libc_a-fwalk.o)
                0x0800a650                _fwalk_sglue
 .text.printf   0x0800a68c       0x24 C:/ST/STM32CubeIDE_1.11.2/STM32CubeIDE/plugins/com.st.stm32cube.ide.mcu.externaltools.gnu-tools-for-stm32.13.3.rel1.win32_1.0.0.202411081344/tools/bin/../lib/gcc/arm-none-eabi/13.3.1/../../../../arm-none-eabi/lib/thumb/v7e-m+fp/hard\libc_nano.a(libc_a-printf.o)
                0x0800a68c                iprintf
                0x0800a68c                printf
 .text._puts_r  0x0800a6b0       0xaa C:/ST/STM32CubeIDE_1.11.2/STM32CubeIDE/plugins/com.st.stm32cube.ide.mcu.externaltools.gnu-tools-for-stm32.13.3.rel1.win32_1.0.0.202411081344/tools/bin/../lib/gcc/arm-none-eabi/13.3.1/../../../../arm-none-eabi/lib/thumb/v7e-m+fp/hard\libc_nano.a(libc_a-puts.o)
                0x0800a6b0                _puts_r
 *fill*         0x0800a75a        0x2 
 .text.puts     0x0800a75c       0x10 C:/ST/STM32CubeIDE_1.11.2/STM32CubeIDE/plugins/com.st.stm32cube.ide.mcu.externaltools.gnu-tools-for-stm32.13.3.rel1.win32_1.0.0.202411081344/tools/bin/../lib/gcc/arm-none-eabi/13.3.1/../../../../arm-none-eabi/lib/thumb/v7e-m+fp/hard\libc_nano.a(libc_a-puts.o)
                0x0800a75c                puts
 .text.__sread  0x0800a76c       0x22 C:/ST/STM32CubeIDE_1.11.2/STM32CubeIDE/plugins/com.st.stm32cube.ide.mcu.externaltools.gnu-tools-for-stm32.13.3.rel1.win32_1.0.0.202411081344/tools/bin/../lib/gcc/arm-none-eabi/13.3.1/../../../../arm-none-eabi/lib/thumb/v7e-m+fp/hard\libc_nano.a(libc_a-stdio.o)
                0x0800a76c                __sread
 .text.__swrite
                0x0800a78e       0x38 C:/ST/STM32CubeIDE_1.11.2/STM32CubeIDE/plugins/com.st.stm32cube.ide.mcu.externaltools.gnu-tools-for-stm32.13.3.rel1.win32_1.0.0.202411081344/tools/bin/../lib/gcc/arm-none-eabi/13.3.1/../../../../arm-none-eabi/lib/thumb/v7e-m+fp/hard\libc_nano.a(libc_a-stdio.o)
                0x0800a78e                __swrite
 .text.__sseek  0x0800a7c6       0x24 C:/ST/STM32CubeIDE_1.11.2/STM32CubeIDE/plugins/com.st.stm32cube.ide.mcu.externaltools.gnu-tools-for-stm32.13.3.rel1.win32_1.0.0.202411081344/tools/bin/../lib/gcc/arm-none-eabi/13.3.1/../../../../arm-none-eabi/lib/thumb/v7e-m+fp/hard\libc_nano.a(libc_a-stdio.o)
                0x0800a7c6                __sseek
 .text.__sclose
                0x0800a7ea        0x8 C:/ST/STM32CubeIDE_1.11.2/STM32CubeIDE/plugins/com.st.stm32cube.ide.mcu.externaltools.gnu-tools-for-stm32.13.3.rel1.win32_1.0.0.202411081344/tools/bin/../lib/gcc/arm-none-eabi/13.3.1/../../../../arm-none-eabi/lib/thumb/v7e-m+fp/hard\libc_nano.a(libc_a-stdio.o)
                0x0800a7ea                __sclose
 .text.__swbuf_r
                0x0800a7f2       0x7c C:/ST/STM32CubeIDE_1.11.2/STM32CubeIDE/plugins/com.st.stm32cube.ide.mcu.externaltools.gnu-tools-for-stm32.13.3.rel1.win32_1.0.0.202411081344/tools/bin/../lib/gcc/arm-none-eabi/13.3.1/../../../../arm-none-eabi/lib/thumb/v7e-m+fp/hard\libc_nano.a(libc_a-wbuf.o)
                0x0800a7f2                __swbuf_r
 *fill*         0x0800a86e        0x2 
 .text.__swsetup_r
                0x0800a870       0xac C:/ST/STM32CubeIDE_1.11.2/STM32CubeIDE/plugins/com.st.stm32cube.ide.mcu.externaltools.gnu-tools-for-stm32.13.3.rel1.win32_1.0.0.202411081344/tools/bin/../lib/gcc/arm-none-eabi/13.3.1/../../../../arm-none-eabi/lib/thumb/v7e-m+fp/hard\libc_nano.a(libc_a-wsetup.o)
                0x0800a870                __swsetup_r
 .text.memset   0x0800a91c       0x10 C:/ST/STM32CubeIDE_1.11.2/STM32CubeIDE/plugins/com.st.stm32cube.ide.mcu.externaltools.gnu-tools-for-stm32.13.3.rel1.win32_1.0.0.202411081344/tools/bin/../lib/gcc/arm-none-eabi/13.3.1/../../../../arm-none-eabi/lib/thumb/v7e-m+fp/hard\libc_nano.a(libc_a-memset.o)
                0x0800a91c                memset
 .text._close_r
                0x0800a92c       0x20 C:/ST/STM32CubeIDE_1.11.2/STM32CubeIDE/plugins/com.st.stm32cube.ide.mcu.externaltools.gnu-tools-for-stm32.13.3.rel1.win32_1.0.0.202411081344/tools/bin/../lib/gcc/arm-none-eabi/13.3.1/../../../../arm-none-eabi/lib/thumb/v7e-m+fp/hard\libc_nano.a(libc_a-closer.o)
                0x0800a92c                _close_r
 .text._lseek_r
                0x0800a94c       0x24 C:/ST/STM32CubeIDE_1.11.2/STM32CubeIDE/plugins/com.st.stm32cube.ide.mcu.externaltools.gnu-tools-for-stm32.13.3.rel1.win32_1.0.0.202411081344/tools/bin/../lib/gcc/arm-none-eabi/13.3.1/../../../../arm-none-eabi/lib/thumb/v7e-m+fp/hard\libc_nano.a(libc_a-lseekr.o)
                0x0800a94c                _lseek_r
 .text._read_r  0x0800a970       0x24 C:/ST/STM32CubeIDE_1.11.2/STM32CubeIDE/plugins/com.st.stm32cube.ide.mcu.externaltools.gnu-tools-for-stm32.13.3.rel1.win32_1.0.0.202411081344/tools/bin/../lib/gcc/arm-none-eabi/13.3.1/../../../../arm-none-eabi/lib/thumb/v7e-m+fp/hard\libc_nano.a(libc_a-readr.o)
                0x0800a970                _read_r
 .text._write_r
                0x0800a994       0x24 C:/ST/STM32CubeIDE_1.11.2/STM32CubeIDE/plugins/com.st.stm32cube.ide.mcu.externaltools.gnu-tools-for-stm32.13.3.rel1.win32_1.0.0.202411081344/tools/bin/../lib/gcc/arm-none-eabi/13.3.1/../../../../arm-none-eabi/lib/thumb/v7e-m+fp/hard\libc_nano.a(libc_a-writer.o)
                0x0800a994                _write_r
 .text.__errno  0x0800a9b8        0xc C:/ST/STM32CubeIDE_1.11.2/STM32CubeIDE/plugins/com.st.stm32cube.ide.mcu.externaltools.gnu-tools-for-stm32.13.3.rel1.win32_1.0.0.202411081344/tools/bin/../lib/gcc/arm-none-eabi/13.3.1/../../../../arm-none-eabi/lib/thumb/v7e-m+fp/hard\libc_nano.a(libc_a-errno.o)
                0x0800a9b8                __errno
 .text.__libc_init_array
                0x0800a9c4       0x48 C:/ST/STM32CubeIDE_1.11.2/STM32CubeIDE/plugins/com.st.stm32cube.ide.mcu.externaltools.gnu-tools-for-stm32.13.3.rel1.win32_1.0.0.202411081344/tools/bin/../lib/gcc/arm-none-eabi/13.3.1/../../../../arm-none-eabi/lib/thumb/v7e-m+fp/hard\libc_nano.a(libc_a-init.o)
                0x0800a9c4                __libc_init_array
 .text.__retarget_lock_init_recursive
                0x0800aa0c        0x2 C:/ST/STM32CubeIDE_1.11.2/STM32CubeIDE/plugins/com.st.stm32cube.ide.mcu.externaltools.gnu-tools-for-stm32.13.3.rel1.win32_1.0.0.202411081344/tools/bin/../lib/gcc/arm-none-eabi/13.3.1/../../../../arm-none-eabi/lib/thumb/v7e-m+fp/hard\libc_nano.a(libc_a-lock.o)
                0x0800aa0c                __retarget_lock_init_recursive
 .text.__retarget_lock_acquire_recursive
                0x0800aa0e        0x2 C:/ST/STM32CubeIDE_1.11.2/STM32CubeIDE/plugins/com.st.stm32cube.ide.mcu.externaltools.gnu-tools-for-stm32.13.3.rel1.win32_1.0.0.202411081344/tools/bin/../lib/gcc/arm-none-eabi/13.3.1/../../../../arm-none-eabi/lib/thumb/v7e-m+fp/hard\libc_nano.a(libc_a-lock.o)
                0x0800aa0e                __retarget_lock_acquire_recursive
 .text.__retarget_lock_release_recursive
                0x0800aa10        0x2 C:/ST/STM32CubeIDE_1.11.2/STM32CubeIDE/plugins/com.st.stm32cube.ide.mcu.externaltools.gnu-tools-for-stm32.13.3.rel1.win32_1.0.0.202411081344/tools/bin/../lib/gcc/arm-none-eabi/13.3.1/../../../../arm-none-eabi/lib/thumb/v7e-m+fp/hard\libc_nano.a(libc_a-lock.o)
                0x0800aa10                __retarget_lock_release_recursive
 .text.memcpy   0x0800aa12       0x1c C:/ST/STM32CubeIDE_1.11.2/STM32CubeIDE/plugins/com.st.stm32cube.ide.mcu.externaltools.gnu-tools-for-stm32.13.3.rel1.win32_1.0.0.202411081344/tools/bin/../lib/gcc/arm-none-eabi/13.3.1/../../../../arm-none-eabi/lib/thumb/v7e-m+fp/hard\libc_nano.a(libc_a-memcpy-stub.o)
                0x0800aa12                memcpy
 *fill*         0x0800aa2e        0x2 
 .text._free_r  0x0800aa30       0x94 C:/ST/STM32CubeIDE_1.11.2/STM32CubeIDE/plugins/com.st.stm32cube.ide.mcu.externaltools.gnu-tools-for-stm32.13.3.rel1.win32_1.0.0.202411081344/tools/bin/../lib/gcc/arm-none-eabi/13.3.1/../../../../arm-none-eabi/lib/thumb/v7e-m+fp/hard\libc_nano.a(libc_a-freer.o)
                0x0800aa30                _free_r
 .text.sbrk_aligned
                0x0800aac4       0x44 C:/ST/STM32CubeIDE_1.11.2/STM32CubeIDE/plugins/com.st.stm32cube.ide.mcu.externaltools.gnu-tools-for-stm32.13.3.rel1.win32_1.0.0.202411081344/tools/bin/../lib/gcc/arm-none-eabi/13.3.1/../../../../arm-none-eabi/lib/thumb/v7e-m+fp/hard\libc_nano.a(libc_a-mallocr.o)
 .text._malloc_r
                0x0800ab08      0x100 C:/ST/STM32CubeIDE_1.11.2/STM32CubeIDE/plugins/com.st.stm32cube.ide.mcu.externaltools.gnu-tools-for-stm32.13.3.rel1.win32_1.0.0.202411081344/tools/bin/../lib/gcc/arm-none-eabi/13.3.1/../../../../arm-none-eabi/lib/thumb/v7e-m+fp/hard\libc_nano.a(libc_a-mallocr.o)
                0x0800ab08                _malloc_r
 .text.__malloc_lock
                0x0800ac08        0xc C:/ST/STM32CubeIDE_1.11.2/STM32CubeIDE/plugins/com.st.stm32cube.ide.mcu.externaltools.gnu-tools-for-stm32.13.3.rel1.win32_1.0.0.202411081344/tools/bin/../lib/gcc/arm-none-eabi/13.3.1/../../../../arm-none-eabi/lib/thumb/v7e-m+fp/hard\libc_nano.a(libc_a-mlock.o)
                0x0800ac08                __malloc_lock
 .text.__malloc_unlock
                0x0800ac14        0xc C:/ST/STM32CubeIDE_1.11.2/STM32CubeIDE/plugins/com.st.stm32cube.ide.mcu.externaltools.gnu-tools-for-stm32.13.3.rel1.win32_1.0.0.202411081344/tools/bin/../lib/gcc/arm-none-eabi/13.3.1/../../../../arm-none-eabi/lib/thumb/v7e-m+fp/hard\libc_nano.a(libc_a-mlock.o)
                0x0800ac14                __malloc_unlock
 .text.__sfputc_r
                0x0800ac20       0x2e C:/ST/STM32CubeIDE_1.11.2/STM32CubeIDE/plugins/com.st.stm32cube.ide.mcu.externaltools.gnu-tools-for-stm32.13.3.rel1.win32_1.0.0.202411081344/tools/bin/../lib/gcc/arm-none-eabi/13.3.1/../../../../arm-none-eabi/lib/thumb/v7e-m+fp/hard\libc_nano.a(libc_a-nano-vfprintf.o)
 .text.__sfputs_r
                0x0800ac4e       0x24 C:/ST/STM32CubeIDE_1.11.2/STM32CubeIDE/plugins/com.st.stm32cube.ide.mcu.externaltools.gnu-tools-for-stm32.13.3.rel1.win32_1.0.0.202411081344/tools/bin/../lib/gcc/arm-none-eabi/13.3.1/../../../../arm-none-eabi/lib/thumb/v7e-m+fp/hard\libc_nano.a(libc_a-nano-vfprintf.o)
                0x0800ac4e                __sfputs_r
 *fill*         0x0800ac72        0x2 
 .text._vfprintf_r
                0x0800ac74      0x230 C:/ST/STM32CubeIDE_1.11.2/STM32CubeIDE/plugins/com.st.stm32cube.ide.mcu.externaltools.gnu-tools-for-stm32.13.3.rel1.win32_1.0.0.202411081344/tools/bin/../lib/gcc/arm-none-eabi/13.3.1/../../../../arm-none-eabi/lib/thumb/v7e-m+fp/hard\libc_nano.a(libc_a-nano-vfprintf.o)
                0x0800ac74                _vfprintf_r
                0x0800ac74                _vfiprintf_r
 .text._printf_common
                0x0800aea4       0xda C:/ST/STM32CubeIDE_1.11.2/STM32CubeIDE/plugins/com.st.stm32cube.ide.mcu.externaltools.gnu-tools-for-stm32.13.3.rel1.win32_1.0.0.202411081344/tools/bin/../lib/gcc/arm-none-eabi/13.3.1/../../../../arm-none-eabi/lib/thumb/v7e-m+fp/hard\libc_nano.a(libc_a-nano-vfprintf_i.o)
                0x0800aea4                _printf_common
 *fill*         0x0800af7e        0x2 
 .text._printf_i
                0x0800af80      0x23c C:/ST/STM32CubeIDE_1.11.2/STM32CubeIDE/plugins/com.st.stm32cube.ide.mcu.externaltools.gnu-tools-for-stm32.13.3.rel1.win32_1.0.0.202411081344/tools/bin/../lib/gcc/arm-none-eabi/13.3.1/../../../../arm-none-eabi/lib/thumb/v7e-m+fp/hard\libc_nano.a(libc_a-nano-vfprintf_i.o)
                0x0800af80                _printf_i
 .text.__sflush_r
                0x0800b1bc      0x108 C:/ST/STM32CubeIDE_1.11.2/STM32CubeIDE/plugins/com.st.stm32cube.ide.mcu.externaltools.gnu-tools-for-stm32.13.3.rel1.win32_1.0.0.202411081344/tools/bin/../lib/gcc/arm-none-eabi/13.3.1/../../../../arm-none-eabi/lib/thumb/v7e-m+fp/hard\libc_nano.a(libc_a-fflush.o)
                0x0800b1bc                __sflush_r
 .text._fflush_r
                0x0800b2c4       0x50 C:/ST/STM32CubeIDE_1.11.2/STM32CubeIDE/plugins/com.st.stm32cube.ide.mcu.externaltools.gnu-tools-for-stm32.13.3.rel1.win32_1.0.0.202411081344/tools/bin/../lib/gcc/arm-none-eabi/13.3.1/../../../../arm-none-eabi/lib/thumb/v7e-m+fp/hard\libc_nano.a(libc_a-fflush.o)
                0x0800b2c4                _fflush_r
 .text.__swhatbuf_r
                0x0800b314       0x4c C:/ST/STM32CubeIDE_1.11.2/STM32CubeIDE/plugins/com.st.stm32cube.ide.mcu.externaltools.gnu-tools-for-stm32.13.3.rel1.win32_1.0.0.202411081344/tools/bin/../lib/gcc/arm-none-eabi/13.3.1/../../../../arm-none-eabi/lib/thumb/v7e-m+fp/hard\libc_nano.a(libc_a-makebuf.o)
                0x0800b314                __swhatbuf_r
 .text.__smakebuf_r
                0x0800b360       0x78 C:/ST/STM32CubeIDE_1.11.2/STM32CubeIDE/plugins/com.st.stm32cube.ide.mcu.externaltools.gnu-tools-for-stm32.13.3.rel1.win32_1.0.0.202411081344/tools/bin/../lib/gcc/arm-none-eabi/13.3.1/../../../../arm-none-eabi/lib/thumb/v7e-m+fp/hard\libc_nano.a(libc_a-makebuf.o)
                0x0800b360                __smakebuf_r
 .text._fstat_r
                0x0800b3d8       0x24 C:/ST/STM32CubeIDE_1.11.2/STM32CubeIDE/plugins/com.st.stm32cube.ide.mcu.externaltools.gnu-tools-for-stm32.13.3.rel1.win32_1.0.0.202411081344/tools/bin/../lib/gcc/arm-none-eabi/13.3.1/../../../../arm-none-eabi/lib/thumb/v7e-m+fp/hard\libc_nano.a(libc_a-fstatr.o)
                0x0800b3d8                _fstat_r
 .text._isatty_r
                0x0800b3fc       0x20 C:/ST/STM32CubeIDE_1.11.2/STM32CubeIDE/plugins/com.st.stm32cube.ide.mcu.externaltools.gnu-tools-for-stm32.13.3.rel1.win32_1.0.0.202411081344/tools/bin/../lib/gcc/arm-none-eabi/13.3.1/../../../../arm-none-eabi/lib/thumb/v7e-m+fp/hard\libc_nano.a(libc_a-isattyr.o)
                0x0800b3fc                _isatty_r
 .text._sbrk_r  0x0800b41c       0x20 C:/ST/STM32CubeIDE_1.11.2/STM32CubeIDE/plugins/com.st.stm32cube.ide.mcu.externaltools.gnu-tools-for-stm32.13.3.rel1.win32_1.0.0.202411081344/tools/bin/../lib/gcc/arm-none-eabi/13.3.1/../../../../arm-none-eabi/lib/thumb/v7e-m+fp/hard\libc_nano.a(libc_a-sbrkr.o)
                0x0800b41c                _sbrk_r
 *(.glue_7)
 .glue_7        0x0800b43c        0x0 linker stubs
 *(.glue_7t)
 .glue_7t       0x0800b43c        0x0 linker stubs
 *(.eh_frame)
 .eh_frame      0x0800b43c        0x0 C:/ST/STM32CubeIDE_1.11.2/STM32CubeIDE/plugins/com.st.stm32cube.ide.mcu.externaltools.gnu-tools-for-stm32.13.3.rel1.win32_1.0.0.202411081344/tools/bin/../lib/gcc/arm-none-eabi/13.3.1/thumb/v7e-m+fp/hard/crtbegin.o
 *(.init)
 .init          0x0800b43c        0x4 C:/ST/STM32CubeIDE_1.11.2/STM32CubeIDE/plugins/com.st.stm32cube.ide.mcu.externaltools.gnu-tools-for-stm32.13.3.rel1.win32_1.0.0.202411081344/tools/bin/../lib/gcc/arm-none-eabi/13.3.1/thumb/v7e-m+fp/hard/crti.o
                0x0800b43c                _init
 .init          0x0800b440        0x8 C:/ST/STM32CubeIDE_1.11.2/STM32CubeIDE/plugins/com.st.stm32cube.ide.mcu.externaltools.gnu-tools-for-stm32.13.3.rel1.win32_1.0.0.202411081344/tools/bin/../lib/gcc/arm-none-eabi/13.3.1/thumb/v7e-m+fp/hard/crtn.o
 *(.fini)
 .fini          0x0800b448        0x4 C:/ST/STM32CubeIDE_1.11.2/STM32CubeIDE/plugins/com.st.stm32cube.ide.mcu.externaltools.gnu-tools-for-stm32.13.3.rel1.win32_1.0.0.202411081344/tools/bin/../lib/gcc/arm-none-eabi/13.3.1/thumb/v7e-m+fp/hard/crti.o
                0x0800b448                _fini
 .fini          0x0800b44c        0x8 C:/ST/STM32CubeIDE_1.11.2/STM32CubeIDE/plugins/com.st.stm32cube.ide.mcu.externaltools.gnu-tools-for-stm32.13.3.rel1.win32_1.0.0.202411081344/tools/bin/../lib/gcc/arm-none-eabi/13.3.1/thumb/v7e-m+fp/hard/crtn.o
                0x0800b454                        . = ALIGN (0x4)
                0x0800b454                        _etext = .

.vfp11_veneer   0x0800b454        0x0
 .vfp11_veneer  0x0800b454        0x0 linker stubs

.v4_bx          0x0800b454        0x0
 .v4_bx         0x0800b454        0x0 linker stubs

.iplt           0x0800b454        0x0
 .iplt          0x0800b454        0x0 C:/ST/STM32CubeIDE_1.11.2/STM32CubeIDE/plugins/com.st.stm32cube.ide.mcu.externaltools.gnu-tools-for-stm32.13.3.rel1.win32_1.0.0.202411081344/tools/bin/../lib/gcc/arm-none-eabi/13.3.1/thumb/v7e-m+fp/hard/crtbegin.o

.rodata         0x0800b454      0xb70
                0x0800b454                        . = ALIGN (0x4)
 *(.rodata)
 .rodata        0x0800b454       0x59 ./Core/Src/app_freertos.o
 *fill*         0x0800b4ad        0x3 
 .rodata        0x0800b4b0       0xb0 ./Core/Src/task_can_handler.o
 .rodata        0x0800b560       0xd6 ./Core/Src/task_telemtry_transmit.o
 *fill*         0x0800b636        0x2 
 .rodata        0x0800b638      0x80c ./EcoLib/drivers/semtech/hoperf/rfm95/src/rf-rfm95.o
 .rodata        0x0800be44        0x5 ./Middlewares/Third_Party/FreeRTOS/Source/tasks.o
 *fill*         0x0800be49        0x3 
 .rodata        0x0800be4c        0xd ./Middlewares/Third_Party/FreeRTOS/Source/timers.o
 *(.rodata*)
 *fill*         0x0800be59        0x3 
 .rodata.defaultTask_attributes
                0x0800be5c       0x24 ./Core/Src/app_freertos.o
                0x0800be5c                defaultTask_attributes
 .rodata.telemetryTransm_attributes
                0x0800be80       0x24 ./Core/Src/app_freertos.o
                0x0800be80                telemetryTransm_attributes
 .rodata.auxilary_attributes
                0x0800bea4       0x24 ./Core/Src/app_freertos.o
                0x0800bea4                auxilary_attributes
 .rodata.CANSend_attributes
                0x0800bec8       0x24 ./Core/Src/app_freertos.o
                0x0800bec8                CANSend_attributes
 .rodata.CANReceive_attributes
                0x0800beec       0x24 ./Core/Src/app_freertos.o
                0x0800beec                CANReceive_attributes
 .rodata.canQueRxHeader_attributes
                0x0800bf10       0x18 ./Core/Src/app_freertos.o
                0x0800bf10                canQueRxHeader_attributes
 .rodata.canQueRxData_attributes
                0x0800bf28       0x18 ./Core/Src/app_freertos.o
                0x0800bf28                canQueRxData_attributes
 .rodata.AHBPrescTable
                0x0800bf40       0x10 ./Core/Src/system_stm32g4xx.o
                0x0800bf40                AHBPrescTable
 .rodata.APBPrescTable
                0x0800bf50        0x8 ./Core/Src/system_stm32g4xx.o
                0x0800bf50                APBPrescTable
 .rodata.DLCtoBytes
                0x0800bf58       0x10 ./Drivers/STM32G4xx_HAL_Driver/Src/stm32g4xx_hal_fdcan.o
 .rodata.UARTPrescTable
                0x0800bf68       0x18 ./Drivers/STM32G4xx_HAL_Driver/Src/stm32g4xx_hal_uart.o
                0x0800bf68                UARTPrescTable
 .rodata.numerator.1
                0x0800bf80        0x8 ./Drivers/STM32G4xx_HAL_Driver/Src/stm32g4xx_hal_uart_ex.o
 .rodata.denominator.0
                0x0800bf88        0x8 ./Drivers/STM32G4xx_HAL_Driver/Src/stm32g4xx_hal_uart_ex.o
 .rodata._vfprintf_r.str1.1
                0x0800bf90       0x33 C:/ST/STM32CubeIDE_1.11.2/STM32CubeIDE/plugins/com.st.stm32cube.ide.mcu.externaltools.gnu-tools-for-stm32.13.3.rel1.win32_1.0.0.202411081344/tools/bin/../lib/gcc/arm-none-eabi/13.3.1/../../../../arm-none-eabi/lib/thumb/v7e-m+fp/hard\libc_nano.a(libc_a-nano-vfprintf.o)
                                 0x11 (size before relaxing)
 .rodata._printf_i.str1.1
                0x0800bfc3       0x22 C:/ST/STM32CubeIDE_1.11.2/STM32CubeIDE/plugins/com.st.stm32cube.ide.mcu.externaltools.gnu-tools-for-stm32.13.3.rel1.win32_1.0.0.202411081344/tools/bin/../lib/gcc/arm-none-eabi/13.3.1/../../../../arm-none-eabi/lib/thumb/v7e-m+fp/hard\libc_nano.a(libc_a-nano-vfprintf_i.o)
                0x0800bfe8                        . = ALIGN (0x4)
 *fill*         0x0800bfc3        0x1 

.ARM.extab      0x0800bfc4        0x0
                0x0800bfc4                        . = ALIGN (0x4)
 *(.ARM.extab* .gnu.linkonce.armextab.*)
                0x0800bfc4                        . = ALIGN (0x4)

.ARM            0x0800bfc4        0x8
                0x0800bfc4                        . = ALIGN (0x4)
                0x0800bfc4                        __exidx_start = .
 *(.ARM.exidx*)
 .ARM.exidx     0x0800bfc4        0x8 C:/ST/STM32CubeIDE_1.11.2/STM32CubeIDE/plugins/com.st.stm32cube.ide.mcu.externaltools.gnu-tools-for-stm32.13.3.rel1.win32_1.0.0.202411081344/tools/bin/../lib/gcc/arm-none-eabi/13.3.1/../../../../arm-none-eabi/lib/thumb/v7e-m+fp/hard\libc_nano.a(libc_a-memchr.o)
 .ARM.exidx     0x0800bfcc        0x0 C:/ST/STM32CubeIDE_1.11.2/STM32CubeIDE/plugins/com.st.stm32cube.ide.mcu.externaltools.gnu-tools-for-stm32.13.3.rel1.win32_1.0.0.202411081344/tools/bin/../lib/gcc/arm-none-eabi/13.3.1/thumb/v7e-m+fp/hard\libgcc.a(_udivmoddi4.o)
                                  0x8 (size before relaxing)
                0x0800bfcc                        __exidx_end = .
                0x0800bfcc                        . = ALIGN (0x4)

.preinit_array  0x0800bfcc        0x0
                0x0800bfcc                        . = ALIGN (0x4)
                0x0800bfcc                        PROVIDE (__preinit_array_start = .)
 *(.preinit_array*)
                0x0800bfcc                        PROVIDE (__preinit_array_end = .)
                0x0800bfcc                        . = ALIGN (0x4)

.init_array     0x0800bfcc        0x4
                0x0800bfcc                        . = ALIGN (0x4)
                0x0800bfcc                        PROVIDE (__init_array_start = .)
 *(SORT_BY_NAME(.init_array.*))
 *(.init_array*)
 .init_array    0x0800bfcc        0x4 C:/ST/STM32CubeIDE_1.11.2/STM32CubeIDE/plugins/com.st.stm32cube.ide.mcu.externaltools.gnu-tools-for-stm32.13.3.rel1.win32_1.0.0.202411081344/tools/bin/../lib/gcc/arm-none-eabi/13.3.1/thumb/v7e-m+fp/hard/crtbegin.o
                0x0800bfd0                        PROVIDE (__init_array_end = .)
                0x0800bfd0                        . = ALIGN (0x4)

.fini_array     0x0800bfd0        0x4
                0x0800bfd0                        . = ALIGN (0x4)
                [!provide]                        PROVIDE (__fini_array_start = .)
 *(SORT_BY_NAME(.fini_array.*))
 *(.fini_array*)
 .fini_array    0x0800bfd0        0x4 C:/ST/STM32CubeIDE_1.11.2/STM32CubeIDE/plugins/com.st.stm32cube.ide.mcu.externaltools.gnu-tools-for-stm32.13.3.rel1.win32_1.0.0.202411081344/tools/bin/../lib/gcc/arm-none-eabi/13.3.1/thumb/v7e-m+fp/hard/crtbegin.o
                [!provide]                        PROVIDE (__fini_array_end = .)
                0x0800bfd4                        . = ALIGN (0x4)
                0x0800bfd4                        _sidata = LOADADDR (.data)

.rel.dyn        0x0800bfd4        0x0
 .rel.iplt      0x0800bfd4        0x0 C:/ST/STM32CubeIDE_1.11.2/STM32CubeIDE/plugins/com.st.stm32cube.ide.mcu.externaltools.gnu-tools-for-stm32.13.3.rel1.win32_1.0.0.202411081344/tools/bin/../lib/gcc/arm-none-eabi/13.3.1/thumb/v7e-m+fp/hard/crtbegin.o

.data           0x20000000       0x6c load address 0x0800bfd4
                0x20000000                        . = ALIGN (0x4)
                0x20000000                        _sdata = .
 *(.data)
 *(.data*)
 .data.SystemCoreClock
                0x20000000        0x4 ./Core/Src/system_stm32g4xx.o
                0x20000000                SystemCoreClock
 .data.uwTickPrio
                0x20000004        0x4 ./Drivers/STM32G4xx_HAL_Driver/Src/stm32g4xx_hal.o
                0x20000004                uwTickPrio
 .data.uwTickFreq
                0x20000008        0x4 ./Drivers/STM32G4xx_HAL_Driver/Src/stm32g4xx_hal.o
                0x20000008                uwTickFreq
 .data.uxCriticalNesting
                0x2000000c        0x4 ./Middlewares/Third_Party/FreeRTOS/Source/portable/GCC/ARM_CM4F/port.o
 .data.__sglue  0x20000010        0xc C:/ST/STM32CubeIDE_1.11.2/STM32CubeIDE/plugins/com.st.stm32cube.ide.mcu.externaltools.gnu-tools-for-stm32.13.3.rel1.win32_1.0.0.202411081344/tools/bin/../lib/gcc/arm-none-eabi/13.3.1/../../../../arm-none-eabi/lib/thumb/v7e-m+fp/hard\libc_nano.a(libc_a-findfp.o)
                0x20000010                __sglue
 .data._impure_ptr
                0x2000001c        0x4 C:/ST/STM32CubeIDE_1.11.2/STM32CubeIDE/plugins/com.st.stm32cube.ide.mcu.externaltools.gnu-tools-for-stm32.13.3.rel1.win32_1.0.0.202411081344/tools/bin/../lib/gcc/arm-none-eabi/13.3.1/../../../../arm-none-eabi/lib/thumb/v7e-m+fp/hard\libc_nano.a(libc_a-impure.o)
                0x2000001c                _impure_ptr
 .data._impure_data
                0x20000020       0x4c C:/ST/STM32CubeIDE_1.11.2/STM32CubeIDE/plugins/com.st.stm32cube.ide.mcu.externaltools.gnu-tools-for-stm32.13.3.rel1.win32_1.0.0.202411081344/tools/bin/../lib/gcc/arm-none-eabi/13.3.1/../../../../arm-none-eabi/lib/thumb/v7e-m+fp/hard\libc_nano.a(libc_a-impure.o)
                0x20000020                _impure_data
 *(.RamFunc)
 *(.RamFunc*)
                0x2000006c                        . = ALIGN (0x4)
                0x2000006c                        _edata = .

.igot.plt       0x2000006c        0x0 load address 0x0800c040
 .igot.plt      0x2000006c        0x0 C:/ST/STM32CubeIDE_1.11.2/STM32CubeIDE/plugins/com.st.stm32cube.ide.mcu.externaltools.gnu-tools-for-stm32.13.3.rel1.win32_1.0.0.202411081344/tools/bin/../lib/gcc/arm-none-eabi/13.3.1/thumb/v7e-m+fp/hard/crtbegin.o
                0x2000006c                        . = ALIGN (0x4)

.bss            0x2000006c     0x5c78 load address 0x0800c040
                0x2000006c                        _sbss = .
                0x2000006c                        __bss_start__ = _sbss
 *(.bss)
 .bss           0x2000006c       0x1c C:/ST/STM32CubeIDE_1.11.2/STM32CubeIDE/plugins/com.st.stm32cube.ide.mcu.externaltools.gnu-tools-for-stm32.13.3.rel1.win32_1.0.0.202411081344/tools/bin/../lib/gcc/arm-none-eabi/13.3.1/thumb/v7e-m+fp/hard/crtbegin.o
 *(.bss*)
 .bss.defaultTaskHandle
                0x20000088        0x4 ./Core/Src/app_freertos.o
                0x20000088                defaultTaskHandle
 .bss.defaultTaskBuffer
                0x2000008c      0x800 ./Core/Src/app_freertos.o
                0x2000008c                defaultTaskBuffer
 .bss.defaultTaskControlBlock
                0x2000088c       0x5c ./Core/Src/app_freertos.o
                0x2000088c                defaultTaskControlBlock
 .bss.telemetryTransmHandle
                0x200008e8        0x4 ./Core/Src/app_freertos.o
                0x200008e8                telemetryTransmHandle
 .bss.telemetryTransmBuffer
                0x200008ec     0x1000 ./Core/Src/app_freertos.o
                0x200008ec                telemetryTransmBuffer
 .bss.telemetryTransmControlBlock
                0x200018ec       0x5c ./Core/Src/app_freertos.o
                0x200018ec                telemetryTransmControlBlock
 .bss.auxilaryHandle
                0x20001948        0x4 ./Core/Src/app_freertos.o
                0x20001948                auxilaryHandle
 .bss.auxilaryBuffer
                0x2000194c      0x800 ./Core/Src/app_freertos.o
                0x2000194c                auxilaryBuffer
 .bss.auxilaryControlBlock
                0x2000214c       0x5c ./Core/Src/app_freertos.o
                0x2000214c                auxilaryControlBlock
 .bss.CANSendHandle
                0x200021a8        0x4 ./Core/Src/app_freertos.o
                0x200021a8                CANSendHandle
 .bss.CANSendBuffer
                0x200021ac      0x800 ./Core/Src/app_freertos.o
                0x200021ac                CANSendBuffer
 .bss.CANSendControlBlock
                0x200029ac       0x5c ./Core/Src/app_freertos.o
                0x200029ac                CANSendControlBlock
 .bss.CANReceiveHandle
                0x20002a08        0x4 ./Core/Src/app_freertos.o
                0x20002a08                CANReceiveHandle
 .bss.CANReceiveBuffer
                0x20002a0c      0x800 ./Core/Src/app_freertos.o
                0x20002a0c                CANReceiveBuffer
 .bss.CANReceiveControlBlock
                0x2000320c       0x5c ./Core/Src/app_freertos.o
                0x2000320c                CANReceiveControlBlock
 .bss.canQueRxHeaderHandle
                0x20003268        0x4 ./Core/Src/app_freertos.o
                0x20003268                canQueRxHeaderHandle
 .bss.canQueRxHeaderBuffer
                0x2000326c      0x800 ./Core/Src/app_freertos.o
                0x2000326c                canQueRxHeaderBuffer
 .bss.canQueRxHeaderControlBlock
                0x20003a6c       0x50 ./Core/Src/app_freertos.o
                0x20003a6c                canQueRxHeaderControlBlock
 .bss.canQueRxDataHandle
                0x20003abc        0x4 ./Core/Src/app_freertos.o
                0x20003abc                canQueRxDataHandle
 .bss.canQueRxDataBuffer
                0x20003ac0      0x400 ./Core/Src/app_freertos.o
                0x20003ac0                canQueRxDataBuffer
 .bss.canQueRxDataControlBlock
                0x20003ec0       0x50 ./Core/Src/app_freertos.o
                0x20003ec0                canQueRxDataControlBlock
 .bss.hfdcan2   0x20003f10       0x64 ./Core/Src/fdcan.o
                0x20003f10                hfdcan2
 .bss.hi2c2     0x20003f74       0x54 ./Core/Src/i2c.o
                0x20003f74                hi2c2
 .bss.hspi1     0x20003fc8       0x64 ./Core/Src/spi.o
                0x20003fc8                hspi1
 .bss.hspi2     0x2000402c       0x64 ./Core/Src/spi.o
                0x2000402c                hspi2
 .bss.htim20    0x20004090       0x4c ./Core/Src/stm32g4xx_hal_timebase_tim.o
                0x20004090                htim20
 .bss.__sbrk_heap_end
                0x200040dc        0x4 ./Core/Src/sysmem.o
 .bss.gps_can   0x200040e0        0x8 ./Core/Src/task_can_handler.o
                0x200040e0                gps_can
 .bss.data1     0x200040e8       0x30 ./Core/Src/task_can_handler.o
                0x200040e8                data1
 .bss.data2     0x20004118       0x28 ./Core/Src/task_can_handler.o
                0x20004118                data2
 .bss.fc_dfe    0x20004140        0x8 ./Core/Src/task_telemtry_transmit.o
                0x20004140                fc_dfe
 .bss.Rel       0x20004148       0x10 ./Core/Src/task_telemtry_transmit.o
                0x20004148                Rel
 .bss.data_rc   0x20004158       0x30 ./Core/Src/task_telemtry_transmit.o
                0x20004158                data_rc
 .bss.data_rc2  0x20004188       0x28 ./Core/Src/task_telemtry_transmit.o
                0x20004188                data_rc2
 .bss.huart1    0x200041b0       0x94 ./Core/Src/usart.o
                0x200041b0                huart1
 .bss.uwTick    0x20004244        0x4 ./Drivers/STM32G4xx_HAL_Driver/Src/stm32g4xx_hal.o
                0x20004244                uwTick
 .bss.KernelState
                0x20004248        0x4 ./Middlewares/Third_Party/FreeRTOS/Source/CMSIS_RTOS_V2/cmsis_os2.o
 .bss.Idle_TCB.3
                0x2000424c       0x5c ./Middlewares/Third_Party/FreeRTOS/Source/CMSIS_RTOS_V2/cmsis_os2.o
 .bss.Idle_Stack.2
                0x200042a8      0x200 ./Middlewares/Third_Party/FreeRTOS/Source/CMSIS_RTOS_V2/cmsis_os2.o
 .bss.Timer_TCB.1
                0x200044a8       0x5c ./Middlewares/Third_Party/FreeRTOS/Source/CMSIS_RTOS_V2/cmsis_os2.o
 .bss.Timer_Stack.0
                0x20004504      0x400 ./Middlewares/Third_Party/FreeRTOS/Source/CMSIS_RTOS_V2/cmsis_os2.o
 .bss.xQueueRegistry
                0x20004904       0x40 ./Middlewares/Third_Party/FreeRTOS/Source/queue.o
                0x20004904                xQueueRegistry
 .bss.pxCurrentTCB
                0x20004944        0x4 ./Middlewares/Third_Party/FreeRTOS/Source/tasks.o
                0x20004944                pxCurrentTCB
 .bss.pxReadyTasksLists
                0x20004948      0x460 ./Middlewares/Third_Party/FreeRTOS/Source/tasks.o
 .bss.xDelayedTaskList1
                0x20004da8       0x14 ./Middlewares/Third_Party/FreeRTOS/Source/tasks.o
 .bss.xDelayedTaskList2
                0x20004dbc       0x14 ./Middlewares/Third_Party/FreeRTOS/Source/tasks.o
 .bss.pxDelayedTaskList
                0x20004dd0        0x4 ./Middlewares/Third_Party/FreeRTOS/Source/tasks.o
 .bss.pxOverflowDelayedTaskList
                0x20004dd4        0x4 ./Middlewares/Third_Party/FreeRTOS/Source/tasks.o
 .bss.xPendingReadyList
                0x20004dd8       0x14 ./Middlewares/Third_Party/FreeRTOS/Source/tasks.o
 .bss.xTasksWaitingTermination
                0x20004dec       0x14 ./Middlewares/Third_Party/FreeRTOS/Source/tasks.o
 .bss.uxDeletedTasksWaitingCleanUp
                0x20004e00        0x4 ./Middlewares/Third_Party/FreeRTOS/Source/tasks.o
 .bss.xSuspendedTaskList
                0x20004e04       0x14 ./Middlewares/Third_Party/FreeRTOS/Source/tasks.o
 .bss.uxCurrentNumberOfTasks
                0x20004e18        0x4 ./Middlewares/Third_Party/FreeRTOS/Source/tasks.o
 .bss.xTickCount
                0x20004e1c        0x4 ./Middlewares/Third_Party/FreeRTOS/Source/tasks.o
 .bss.uxTopReadyPriority
                0x20004e20        0x4 ./Middlewares/Third_Party/FreeRTOS/Source/tasks.o
 .bss.xSchedulerRunning
                0x20004e24        0x4 ./Middlewares/Third_Party/FreeRTOS/Source/tasks.o
 .bss.xPendedTicks
                0x20004e28        0x4 ./Middlewares/Third_Party/FreeRTOS/Source/tasks.o
 .bss.xYieldPending
                0x20004e2c        0x4 ./Middlewares/Third_Party/FreeRTOS/Source/tasks.o
 .bss.xNumOfOverflows
                0x20004e30        0x4 ./Middlewares/Third_Party/FreeRTOS/Source/tasks.o
 .bss.uxTaskNumber
                0x20004e34        0x4 ./Middlewares/Third_Party/FreeRTOS/Source/tasks.o
 .bss.xNextTaskUnblockTime
                0x20004e38        0x4 ./Middlewares/Third_Party/FreeRTOS/Source/tasks.o
 .bss.xIdleTaskHandle
                0x20004e3c        0x4 ./Middlewares/Third_Party/FreeRTOS/Source/tasks.o
 .bss.uxSchedulerSuspended
                0x20004e40        0x4 ./Middlewares/Third_Party/FreeRTOS/Source/tasks.o
 .bss.xActiveTimerList1
                0x20004e44       0x14 ./Middlewares/Third_Party/FreeRTOS/Source/timers.o
 .bss.xActiveTimerList2
                0x20004e58       0x14 ./Middlewares/Third_Party/FreeRTOS/Source/timers.o
 .bss.pxCurrentTimerList
                0x20004e6c        0x4 ./Middlewares/Third_Party/FreeRTOS/Source/timers.o
 .bss.pxOverflowTimerList
                0x20004e70        0x4 ./Middlewares/Third_Party/FreeRTOS/Source/timers.o
 .bss.xTimerQueue
                0x20004e74        0x4 ./Middlewares/Third_Party/FreeRTOS/Source/timers.o
 .bss.xTimerTaskHandle
                0x20004e78        0x4 ./Middlewares/Third_Party/FreeRTOS/Source/timers.o
 .bss.xLastTime.2
                0x20004e7c        0x4 ./Middlewares/Third_Party/FreeRTOS/Source/timers.o
 .bss.ucStaticTimerQueueStorage.1
                0x20004e80       0xa0 ./Middlewares/Third_Party/FreeRTOS/Source/timers.o
 .bss.xStaticTimerQueue.0
                0x20004f20       0x50 ./Middlewares/Third_Party/FreeRTOS/Source/timers.o
 .bss.ucMaxSysCallPriority
                0x20004f70        0x1 ./Middlewares/Third_Party/FreeRTOS/Source/portable/GCC/ARM_CM4F/port.o
 *fill*         0x20004f71        0x3 
 .bss.ulMaxPRIGROUPValue
                0x20004f74        0x4 ./Middlewares/Third_Party/FreeRTOS/Source/portable/GCC/ARM_CM4F/port.o
 .bss.ucHeap    0x20004f78      0xc00 ./Middlewares/Third_Party/FreeRTOS/Source/portable/MemMang/heap_4.o
 .bss.xStart    0x20005b78        0x8 ./Middlewares/Third_Party/FreeRTOS/Source/portable/MemMang/heap_4.o
 .bss.pxEnd     0x20005b80        0x4 ./Middlewares/Third_Party/FreeRTOS/Source/portable/MemMang/heap_4.o
 .bss.xFreeBytesRemaining
                0x20005b84        0x4 ./Middlewares/Third_Party/FreeRTOS/Source/portable/MemMang/heap_4.o
 .bss.xMinimumEverFreeBytesRemaining
                0x20005b88        0x4 ./Middlewares/Third_Party/FreeRTOS/Source/portable/MemMang/heap_4.o
 .bss.xNumberOfSuccessfulAllocations
                0x20005b8c        0x4 ./Middlewares/Third_Party/FreeRTOS/Source/portable/MemMang/heap_4.o
 .bss.xNumberOfSuccessfulFrees
                0x20005b90        0x4 ./Middlewares/Third_Party/FreeRTOS/Source/portable/MemMang/heap_4.o
 .bss.xBlockAllocatedBit
                0x20005b94        0x4 ./Middlewares/Third_Party/FreeRTOS/Source/portable/MemMang/heap_4.o
 .bss.__sf      0x20005b98      0x138 C:/ST/STM32CubeIDE_1.11.2/STM32CubeIDE/plugins/com.st.stm32cube.ide.mcu.externaltools.gnu-tools-for-stm32.13.3.rel1.win32_1.0.0.202411081344/tools/bin/../lib/gcc/arm-none-eabi/13.3.1/../../../../arm-none-eabi/lib/thumb/v7e-m+fp/hard\libc_nano.a(libc_a-findfp.o)
                0x20005b98                __sf
 .bss.__stdio_exit_handler
                0x20005cd0        0x4 C:/ST/STM32CubeIDE_1.11.2/STM32CubeIDE/plugins/com.st.stm32cube.ide.mcu.externaltools.gnu-tools-for-stm32.13.3.rel1.win32_1.0.0.202411081344/tools/bin/../lib/gcc/arm-none-eabi/13.3.1/../../../../arm-none-eabi/lib/thumb/v7e-m+fp/hard\libc_nano.a(libc_a-findfp.o)
                0x20005cd0                __stdio_exit_handler
 .bss.errno     0x20005cd4        0x4 C:/ST/STM32CubeIDE_1.11.2/STM32CubeIDE/plugins/com.st.stm32cube.ide.mcu.externaltools.gnu-tools-for-stm32.13.3.rel1.win32_1.0.0.202411081344/tools/bin/../lib/gcc/arm-none-eabi/13.3.1/../../../../arm-none-eabi/lib/thumb/v7e-m+fp/hard\libc_nano.a(libc_a-reent.o)
                0x20005cd4                errno
 .bss.__lock___malloc_recursive_mutex
                0x20005cd8        0x1 C:/ST/STM32CubeIDE_1.11.2/STM32CubeIDE/plugins/com.st.stm32cube.ide.mcu.externaltools.gnu-tools-for-stm32.13.3.rel1.win32_1.0.0.202411081344/tools/bin/../lib/gcc/arm-none-eabi/13.3.1/../../../../arm-none-eabi/lib/thumb/v7e-m+fp/hard\libc_nano.a(libc_a-lock.o)
                0x20005cd8                __lock___malloc_recursive_mutex
 .bss.__lock___sfp_recursive_mutex
                0x20005cd9        0x1 C:/ST/STM32CubeIDE_1.11.2/STM32CubeIDE/plugins/com.st.stm32cube.ide.mcu.externaltools.gnu-tools-for-stm32.13.3.rel1.win32_1.0.0.202411081344/tools/bin/../lib/gcc/arm-none-eabi/13.3.1/../../../../arm-none-eabi/lib/thumb/v7e-m+fp/hard\libc_nano.a(libc_a-lock.o)
                0x20005cd9                __lock___sfp_recursive_mutex
 *fill*         0x20005cda        0x2 
 .bss.__malloc_sbrk_start
                0x20005cdc        0x4 C:/ST/STM32CubeIDE_1.11.2/STM32CubeIDE/plugins/com.st.stm32cube.ide.mcu.externaltools.gnu-tools-for-stm32.13.3.rel1.win32_1.0.0.202411081344/tools/bin/../lib/gcc/arm-none-eabi/13.3.1/../../../../arm-none-eabi/lib/thumb/v7e-m+fp/hard\libc_nano.a(libc_a-mallocr.o)
                0x20005cdc                __malloc_sbrk_start
 .bss.__malloc_free_list
                0x20005ce0        0x4 C:/ST/STM32CubeIDE_1.11.2/STM32CubeIDE/plugins/com.st.stm32cube.ide.mcu.externaltools.gnu-tools-for-stm32.13.3.rel1.win32_1.0.0.202411081344/tools/bin/../lib/gcc/arm-none-eabi/13.3.1/../../../../arm-none-eabi/lib/thumb/v7e-m+fp/hard\libc_nano.a(libc_a-mallocr.o)
                0x20005ce0                __malloc_free_list
 *(COMMON)
                0x20005ce4                        . = ALIGN (0x4)
                0x20005ce4                        _ebss = .
                0x20005ce4                        __bss_end__ = _ebss

._user_heap_stack
                0x20005ce4      0x604 load address 0x0800c040
                0x20005ce8                        . = ALIGN (0x8)
 *fill*         0x20005ce4        0x4 
                [!provide]                        PROVIDE (end = .)
                0x20005ce8                        PROVIDE (_end = .)